Archive member included to satisfy reference by file (symbol)

C:\dev\niip-sonar\nxp_lpcxpresso_11u14_board_lib\Debug\libnxp_lpcxpresso_11u14_board_lib.a(board.o)
                              ./example/src/cdc_main.o (Board_Init)
C:\dev\niip-sonar\nxp_lpcxpresso_11u14_board_lib\Debug\libnxp_lpcxpresso_11u14_board_lib.a(board_sysinit.o)
                              ./example/src/sysinit.o (Board_SystemInit)
C:\dev\niip-sonar\lpc_chip_11uxx_lib\Debug\liblpc_chip_11uxx_lib.a(chip_11xx.o)
                              ./freertos/port.o (SystemCoreClock)
C:\dev\niip-sonar\lpc_chip_11uxx_lib\Debug\liblpc_chip_11uxx_lib.a(clock_11xx.o)
                              C:\dev\niip-sonar\nxp_lpcxpresso_11u14_board_lib\Debug\libnxp_lpcxpresso_11u14_board_lib.a(board_sysinit.o) (Chip_Clock_SetSystemPLLSource)
C:\dev\niip-sonar\lpc_chip_11uxx_lib\Debug\liblpc_chip_11uxx_lib.a(gpio_11xx_1.o)
                              C:\dev\niip-sonar\nxp_lpcxpresso_11u14_board_lib\Debug\libnxp_lpcxpresso_11u14_board_lib.a(board.o) (Chip_GPIO_Init)
C:\dev\niip-sonar\lpc_chip_11uxx_lib\Debug\liblpc_chip_11uxx_lib.a(iocon_11xx.o)
                              ./example/src/esp.o (Chip_IOCON_PinMuxSet)
C:\dev\niip-sonar\lpc_chip_11uxx_lib\Debug\liblpc_chip_11uxx_lib.a(ring_buffer.o)
                              ./example/src/esp.o (RingBuffer_Init)
C:\dev\niip-sonar\lpc_chip_11uxx_lib\Debug\liblpc_chip_11uxx_lib.a(sysctl_11xx.o)
                              C:\dev\niip-sonar\nxp_lpcxpresso_11u14_board_lib\Debug\libnxp_lpcxpresso_11u14_board_lib.a(board_sysinit.o) (Chip_SYSCTL_PowerDown)
C:\dev\niip-sonar\lpc_chip_11uxx_lib\Debug\liblpc_chip_11uxx_lib.a(uart_11xx.o)
                              ./example/src/esp.o (Chip_UART_Init)
C:\dev\niip-sonar\lpc_chip_11uxx_lib\libs\libusbd_11uxx_lib.a(mw_usbd_rom_api.o)
                              ./example/src/cdc_vcom_utils.o (cdc_api)
C:\dev\niip-sonar\lpc_chip_11uxx_lib\libs\libusbd_11uxx_lib.a(hw_usbd_ip3511.o)
                              C:\dev\niip-sonar\lpc_chip_11uxx_lib\libs\libusbd_11uxx_lib.a(mw_usbd_rom_api.o) (hwUSB_ForceFullSpeed)
C:\dev\niip-sonar\lpc_chip_11uxx_lib\libs\libusbd_11uxx_lib.a(mw_usbd_cdcuser.o)
                              C:\dev\niip-sonar\lpc_chip_11uxx_lib\libs\libusbd_11uxx_lib.a(mw_usbd_rom_api.o) (mwCDC_SendNotification)
C:\dev\niip-sonar\lpc_chip_11uxx_lib\libs\libusbd_11uxx_lib.a(mw_usbd_core.o)
                              C:\dev\niip-sonar\lpc_chip_11uxx_lib\libs\libusbd_11uxx_lib.a(hw_usbd_ip3511.o) (mwUSB_ResetCore)
C:\dev\niip-sonar\lpc_chip_11uxx_lib\libs\libusbd_11uxx_lib.a(mw_usbd_dfuuser.o)
                              C:\dev\niip-sonar\lpc_chip_11uxx_lib\libs\libusbd_11uxx_lib.a(mw_usbd_rom_api.o) (mwDFU_GetMemSize)
C:\dev\niip-sonar\lpc_chip_11uxx_lib\libs\libusbd_11uxx_lib.a(mw_usbd_hiduser.o)
                              C:\dev\niip-sonar\lpc_chip_11uxx_lib\libs\libusbd_11uxx_lib.a(mw_usbd_rom_api.o) (mwHID_GetMemSize)
C:\dev\niip-sonar\lpc_chip_11uxx_lib\libs\libusbd_11uxx_lib.a(mw_usbd_mscuser.o)
                              C:\dev\niip-sonar\lpc_chip_11uxx_lib\libs\libusbd_11uxx_lib.a(mw_usbd_rom_api.o) (mwMSC_GetMemSize)
c:/nxp/lpcxpresso_8.1.4_606/lpcxpresso/tools/bin/../lib/gcc/arm-none-eabi/5.2.1/../../../../arm-none-eabi/lib/armv6-m\libcr_nohost.a(_cr__main.o)
                              ./example/src/cr_startup_lpc11xx.o (__main)
c:/nxp/lpcxpresso_8.1.4_606/lpcxpresso/tools/bin/../lib/gcc/arm-none-eabi/5.2.1/../../../../arm-none-eabi/lib/armv6-m\libcr_c.a(memcpy.o)
                              ./freertos/queue.o (memcpy)
c:/nxp/lpcxpresso_8.1.4_606/lpcxpresso/tools/bin/../lib/gcc/arm-none-eabi/5.2.1/../../../../arm-none-eabi/lib/armv6-m\libcr_c.a(memset.o)
                              ./freertos/tasks.o (memset)
c:/nxp/lpcxpresso_8.1.4_606/lpcxpresso/tools/bin/../lib/gcc/arm-none-eabi/5.2.1/../../../../arm-none-eabi/lib/armv6-m\libcr_c.a(fpprintf.o)
                              ./example/src/cdc_main.o (sprintf)
c:/nxp/lpcxpresso_8.1.4_606/lpcxpresso/tools/bin/../lib/gcc/arm-none-eabi/5.2.1/../../../../arm-none-eabi/lib/armv6-m\libcr_c.a(initio.o)
                              c:/nxp/lpcxpresso_8.1.4_606/lpcxpresso/tools/bin/../lib/gcc/arm-none-eabi/5.2.1/../../../../arm-none-eabi/lib/armv6-m\libcr_nohost.a(_cr__main.o) (_initio)
c:/nxp/lpcxpresso_8.1.4_606/lpcxpresso/tools/bin/../lib/gcc/arm-none-eabi/5.2.1/../../../../arm-none-eabi/lib/armv6-m\libcr_c.a(memchr.o)
                              ./example/src/esp.o (memchr)
c:/nxp/lpcxpresso_8.1.4_606/lpcxpresso/tools/bin/../lib/gcc/arm-none-eabi/5.2.1/../../../../arm-none-eabi/lib/armv6-m\libcr_c.a(memcmp.o)
                              ./example/src/esp.o (memcmp)
c:/nxp/lpcxpresso_8.1.4_606/lpcxpresso/tools/bin/../lib/gcc/arm-none-eabi/5.2.1/../../../../arm-none-eabi/lib/armv6-m\libcr_c.a(printf.o)
[...]
Memory Configuration

Name             Origin             Length             Attributes
MFlash32         0x00000000         0x00008000         xr
RamLoc8          0x10000000         0x00002000         xrw
RamUsb2          0x20004000         0x00000800         xrw
*default*        0x00000000         0xffffffff

Linker script and memory map

LOAD ./freertos/croutine.o
LOAD ./freertos/event_groups.o
LOAD ./freertos/heap_1.o
LOAD ./freertos/list.o
LOAD ./freertos/port.o
LOAD ./freertos/queue.o
LOAD ./freertos/tasks.o
LOAD ./freertos/timers.o
LOAD ./example/src/cdc_desc.o
LOAD ./example/src/cdc_main.o
LOAD ./example/src/cdc_vcom.o
LOAD ./example/src/cdc_vcom_utils.o
LOAD ./example/src/cr_startup_lpc11xx.o
LOAD ./example/src/esp.o
LOAD ./example/src/led_but.o
LOAD ./example/src/relay.o
LOAD ./example/src/sysinit.o
LOAD C:\dev\niip-sonar\nxp_lpcxpresso_11u14_board_lib\Debug\libnxp_lpcxpresso_11u14_board_lib.a
LOAD C:\dev\niip-sonar\lpc_chip_11uxx_lib\Debug\liblpc_chip_11uxx_lib.a
LOAD C:\dev\niip-sonar\lpc_chip_11uxx_lib\libs\libusbd_11uxx_lib.a
START GROUP
LOAD c:/nxp/lpcxpresso_8.1.4_606/lpcxpresso/tools/bin/../lib/gcc/arm-none-eabi/5.2.1/../../../../arm-none-eabi/lib/armv6-m\libcr_nohost.a
LOAD c:/nxp/lpcxpresso_8.1.4_606/lpcxpresso/tools/bin/../lib/gcc/arm-none-eabi/5.2.1/../../../../arm-none-eabi/lib/armv6-m\libcr_c.a
LOAD c:/nxp/lpcxpresso_8.1.4_606/lpcxpresso/tools/bin/../lib/gcc/arm-none-eabi/5.2.1/armv6-m\libcr_eabihelpers.a
END GROUP
                0x00000000                __base_MFlash32 = 0x0
                0x00000000                __base_Flash = 0x0
                0x00008000                __top_MFlash32 = 0x8000
                0x00008000                __top_Flash = 0x8000
                0x10000000                __base_RamLoc8 = 0x10000000
                0x10000000                __base_RAM = 0x10000000
                0x10002000                __top_RamLoc8 = 0x10002000
                0x10002000                __top_RAM = 0x10002000
                0x20004000                __base_RamUsb2 = 0x20004000
                0x20004000                __base_RAM2 = 0x20004000
                0x20004800                __top_RamUsb2 = 0x20004800
                0x20004800                __top_RAM2 = 0x20004800

.text           0x00000000     0x8508
 FILL mask 0xff
                0x00000000                __vectors_start__ = ABSOLUTE (.)
 *(.isr_vector)
 .isr_vector    0x00000000       0xc0 ./example/src/cr_startup_lpc11xx.o
                0x00000000                g_pfnVectors
                0x000000c0                . = ALIGN (0x4)
                0x000000c0                __section_table_start = .
                0x000000c0                __data_section_table = .
                0x000000c0        0x4 LONG 0x8508 LOADADDR (.data)
                0x000000c4        0x4 LONG 0x10000000 ADDR (.data)
                0x000000c8        0x4 LONG 0x9c SIZEOF (.data)
                0x000000cc        0x4 LONG 0x8508 LOADADDR (.data_RAM2)
                0x000000d0        0x4 LONG 0x20004000 ADDR (.data_RAM2)
                0x000000d4        0x4 LONG 0x0 SIZEOF (.data_RAM2)
                0x000000d8                __data_section_table_end = .
                0x000000d8                __bss_section_table = .
                0x000000d8        0x4 LONG 0x1000009c ADDR (.bss)
                0x000000dc        0x4 LONG 0x1e40 SIZEOF (.bss)
                0x000000e0        0x4 LONG 0x20004000 ADDR (.bss_RAM2)
                0x000000e4        0x4 LONG 0x0 SIZEOF (.bss_RAM2)
                0x000000e8                __bss_section_table_end = .
                0x000000e8                __section_table_end = .
 *(.after_vectors*)
 .after_vectors
                0x000000e8       0x70 ./example/src/cr_startup_lpc11xx.o
                0x000000e8                NMI_Handler
                0x000000ea                HardFault_Handler
                0x000000f2                TIMER16_0_IRQHandler
                0x000000f2                TIMER32_0_IRQHandler
                0x000000f2                FLEX_INT7_IRQHandler
                0x000000f2                FMC_IRQHandler
                0x000000f2                TIMER32_1_IRQHandler
                0x000000f2                IntDefaultHandler
                0x000000f2                SSP0_IRQHandler
                0x000000f2                USBWakeup_IRQHandler
                0x000000f2                FLEX_INT6_IRQHandler
                0x000000f2                FLEX_INT2_IRQHandler
                0x000000f2                TIMER16_1_IRQHandler
                0x000000f2                USB_FIQHandler
                0x000000f2                FLEX_INT5_IRQHandler
                0x000000f2                ADC_IRQHandler
                0x000000f2                SSP1_IRQHandler
                0x000000f2                FLEX_INT3_IRQHandler
                0x000000f2                BOD_IRQHandler
                0x000000f2                I2C_IRQHandler
                0x000000f2                WDT_IRQHandler
                0x000000f2                GINT0_IRQHandler
                0x000000f2                FLEX_INT4_IRQHandler
                0x000000f2                GINT1_IRQHandler
                0x000000f4                data_init
                0x00000106                bss_init
                0x00000116                ResetISR
 *(.text*)
 .text.pvPortMalloc
                0x00000158       0x5c ./freertos/heap_1.o
                0x00000158                pvPortMalloc
 .text.vPortFree
                0x000001b4        0xa ./freertos/heap_1.o
                0x000001b4                vPortFree
 .text.vListInitialise
                0x000001be       0x16 ./freertos/list.o
                0x000001be                vListInitialise
 .text.vListInitialiseItem
                0x000001d4        0x6 ./freertos/list.o
                0x000001d4                vListInitialiseItem
 .text.vListInsertEnd
                0x000001da       0x18 ./freertos/list.o
                0x000001da                vListInsertEnd
 .text.vListInsert
                0x000001f2       0x30 ./freertos/list.o
                0x000001f2                vListInsert
 .text.uxListRemove
                0x00000222       0x20 ./freertos/list.o
                0x00000222                uxListRemove
 *fill*         0x00000242        0x2 ff
 .text.prvTaskExitError
                0x00000244       0x14 ./freertos/port.o
 .text.vPortStartFirstTask
                0x00000258       0x20 ./freertos/port.o
 .text.pxPortInitialiseStack
                0x00000278       0x20 ./freertos/port.o
                0x00000278                pxPortInitialiseStack
 .text.SVC_Handler
                0x00000298        0x2 ./freertos/port.o
                0x00000298                SVC_Handler
 *fill*         0x0000029a        0x2 ff
 .text.xPortStartScheduler
                0x0000029c       0x54 ./freertos/port.o
                0x0000029c                xPortStartScheduler
 .text.vPortYield
                0x000002f0       0x18 ./freertos/port.o
                0x000002f0                vPortYield
 .text.vPortEnterCritical
                0x00000308       0x18 ./freertos/port.o
                0x00000308                vPortEnterCritical
 .text.vPortExitCritical
                0x00000320       0x1c ./freertos/port.o
                0x00000320                vPortExitCritical
 .text.ulSetInterruptMaskFromISR
                0x0000033c        0xa ./freertos/port.o
                0x0000033c                ulSetInterruptMaskFromISR
 .text.vClearInterruptMaskFromISR
                0x00000346        0x6 ./freertos/port.o
                0x00000346                vClearInterruptMaskFromISR
 .text.PendSV_Handler
                0x0000034c       0x44 ./freertos/port.o
                0x0000034c                PendSV_Handler
 .text.SysTick_Handler
                0x00000390       0x24 ./freertos/port.o
                0x00000390                SysTick_Handler
 .text.unlikely.prvCopyDataToQueue
                0x000003b4       0x72 ./freertos/queue.o
 .text.unlikely.prvCopyDataFromQueue
                0x00000426       0x24 ./freertos/queue.o
 .text.prvUnlockQueue
                0x0000044a       0x6a ./freertos/queue.o
 .text.xQueueGenericReset
                0x000004b4       0x66 ./freertos/queue.o
                0x000004b4                xQueueGenericReset
 .text.xQueueGenericCreate
                0x0000051a       0x48 ./freertos/queue.o
                0x0000051a                xQueueGenericCreate
 .text.xQueueGenericSend
                0x00000562      0x10a ./freertos/queue.o
                0x00000562                xQueueGenericSend
 .text.xQueueCreateMutex
                0x0000066c       0x42 ./freertos/queue.o
                0x0000066c                xQueueCreateMutex
 .text.xQueueGiveFromISR
                0x000006ae       0x76 ./freertos/queue.o
                0x000006ae                xQueueGiveFromISR
 .text.xQueueGenericReceive
                0x00000724      0x132 ./freertos/queue.o
                0x00000724                xQueueGenericReceive
 *fill*         0x00000856        0x2 ff
 .text.prvResetNextTaskUnblockTime
                0x00000858       0x28 ./freertos/tasks.o
 .text.prvAddCurrentTaskToDelayedList
                0x00000880       0x4c ./freertos/tasks.o
 .text.xTaskGenericCreate.part.3
                0x000008cc      0x198 ./freertos/tasks.o
 .text.xTaskGenericCreate
                0x00000a64       0x28 ./freertos/tasks.o
                0x00000a64                xTaskGenericCreate
 .text.vTaskStartScheduler
                0x00000a8c       0x50 ./freertos/tasks.o
                0x00000a8c                vTaskStartScheduler
 .text.vTaskSuspendAll
                0x00000adc       0x10 ./freertos/tasks.o
                0x00000adc                vTaskSuspendAll
 .text.pcTaskGetTaskName
                0x00000aec       0x18 ./freertos/tasks.o
                0x00000aec                pcTaskGetTaskName
 .text.xTaskIncrementTick
                0x00000b04      0x104 ./freertos/tasks.o
                0x00000b04                xTaskIncrementTick
 .text.xTaskResumeAll
                0x00000c08       0xd0 ./freertos/tasks.o
                0x00000c08                xTaskResumeAll
 .text.vTaskDelay
                0x00000cd8       0x48 ./freertos/tasks.o
                0x00000cd8                vTaskDelay
 .text.prvIdleTask
                0x00000d20       0x68 ./freertos/tasks.o
 .text.vTaskSwitchContext
                0x00000d88       0xa4 ./freertos/tasks.o
                0x00000d88                vTaskSwitchContext
 .text.vTaskPlaceOnEventList
                0x00000e2c       0x48 ./freertos/tasks.o
                0x00000e2c                vTaskPlaceOnEventList
 .text.xTaskRemoveFromEventList
                0x00000e74       0x78 ./freertos/tasks.o
                0x00000e74                xTaskRemoveFromEventList
 .text.vTaskSetTimeOutState
                0x00000eec       0x20 ./freertos/tasks.o
                0x00000eec                vTaskSetTimeOutState
 .text.xTaskCheckForTimeOut
                0x00000f0c       0x60 ./freertos/tasks.o
                0x00000f0c                xTaskCheckForTimeOut
 .text.vTaskMissedYield
                0x00000f6c        0xc ./freertos/tasks.o
                0x00000f6c                vTaskMissedYield
 .text.xTaskGetCurrentTaskHandle
                0x00000f78        0xc ./freertos/tasks.o
                0x00000f78                xTaskGetCurrentTaskHandle
 .text.vTaskPriorityInherit
                0x00000f84       0x6c ./freertos/tasks.o
                0x00000f84                vTaskPriorityInherit
 .text.xTaskPriorityDisinherit
                0x00000ff0       0x6c ./freertos/tasks.o
                0x00000ff0                xTaskPriorityDisinherit
 .text.pvTaskIncrementMutexHeldCount
                0x0000105c       0x18 ./freertos/tasks.o
                0x0000105c                pvTaskIncrementMutexHeldCount
 .text.xTaskNotifyWait
                0x00001074       0x9c ./freertos/tasks.o
                0x00001074                xTaskNotifyWait
 .text.xTaskGenericNotify
                0x00001110       0xa8 ./freertos/tasks.o
                0x00001110                xTaskGenericNotify
 .text.xTaskGenericNotifyFromISR
                0x000011b8       0xcc ./freertos/tasks.o
                0x000011b8                xTaskGenericNotifyFromISR
 .text.vMainTask
                0x00001284      0x144 ./example/src/cdc_main.o
 .text.startup.main
                0x000013c8       0xbc ./example/src/cdc_main.o
                0x000013c8                main
 .text.vApplicationMallocFailedHook
                0x00001484        0x4 ./example/src/cdc_main.o
                0x00001484                vApplicationMallocFailedHook
 .text.vApplicationStackOverflowHook
                0x00001488       0x10 ./example/src/cdc_main.o
                0x00001488                vApplicationStackOverflowHook
 .text.VCOM_bulk_in_hdlr
                0x00001498       0x10 ./example/src/cdc_vcom.o
 .text.VCOM_SetLineCode
                0x000014a8       0x10 ./example/src/cdc_vcom.o
 .text.VCOM_bulk_out_hdlr
                0x000014b8       0x78 ./example/src/cdc_vcom.o
 .text.vcom_init
                0x00001530       0xb8 ./example/src/cdc_vcom.o
                0x00001530                vcom_init
 .text.vcom_bread
                0x000015e8       0x58 ./example/src/cdc_vcom.o
                0x000015e8                vcom_bread
 .text.vcom_write
                0x00001640       0x4c ./example/src/cdc_vcom.o
                0x00001640                vcom_write
 .text.USB_IRQHandler
                0x0000168c       0x1c ./example/src/cdc_vcom_utils.o
                0x0000168c                USB_IRQHandler
 .text.find_IntfDesc
                0x000016a8       0x1a ./example/src/cdc_vcom_utils.o
                0x000016a8                find_IntfDesc
 *fill*         0x000016c2        0x2 ff
 .text.initCdcVcom
                0x000016c4       0xc8 ./example/src/cdc_vcom_utils.o
                0x000016c4                initCdcVcom
 .text.vcomPrintf
                0x0000178c       0x6c ./example/src/cdc_vcom_utils.o
                0x0000178c                vcomPrintf
 .text.vVcomTask
                0x000017f8       0xfc ./example/src/cdc_vcom_utils.o
                0x000017f8                vVcomTask
 .text.espReadStringByChar
                0x000018f4      0x158 ./example/src/esp.o
 .text.waitForEspAnswerString
                0x00001a4c       0x58 ./example/src/esp.o
 .text.waitForEspAnswerOk
                0x00001aa4       0x14 ./example/src/esp.o
 .text.waitForEspAnswerToBuf.constprop.1
                0x00001ab8       0x26 ./example/src/esp.o
 *fill*         0x00001ade        0x2 ff
 .text.UART_IRQHandler
                0x00001ae0       0x38 ./example/src/esp.o
                0x00001ae0                UART_IRQHandler
 .text.initUart
                0x00001b18       0x98 ./example/src/esp.o
                0x00001b18                initUart
 .text.uartPrintf
                0x00001bb0       0x20 ./example/src/esp.o
                0x00001bb0                uartPrintf
 .text.lockEsp  0x00001bd0       0x18 ./example/src/esp.o
                0x00001bd0                lockEsp
 .text.unLockEsp
                0x00001be8       0x18 ./example/src/esp.o
                0x00001be8                unLockEsp
 .text.espSendCommand
                0x00001c00       0xa0 ./example/src/esp.o
                0x00001c00                espSendCommand
 .text.espSend  0x00001ca0       0x6c ./example/src/esp.o
                0x00001ca0                espSend
 .text.waitCommand
                0x00001d0c      0x118 ./example/src/esp.o
                0x00001d0c                waitCommand
 .text.sendAT   0x00001e24       0x2c ./example/src/esp.o
                0x00001e24                sendAT
 .text.isWifiConnected
                0x00001e50       0x8c ./example/src/esp.o
                0x00001e50                isWifiConnected
 .text.connectToAp
                0x00001edc       0x7c ./example/src/esp.o
                0x00001edc                connectToAp
 .text.setLocalIp
                0x00001f58       0x30 ./example/src/esp.o
                0x00001f58                setLocalIp
 .text.connectApList
                0x00001f88       0x84 ./example/src/esp.o
                0x00001f88                connectApList
 .text.pingHost
                0x0000200c       0x78 ./example/src/esp.o
                0x0000200c                pingHost
 .text.vEspTask
                0x00002084      0x1c8 ./example/src/esp.o
                0x00002084                vEspTask
 .text.pushButtonIrqHandler
                0x0000224c       0x34 ./example/src/led_but.o
                0x0000224c                pushButtonIrqHandler
 .text.FLEX_INT0_IRQHandler
                0x00002280        0x8 ./example/src/led_but.o
                0x00002280                FLEX_INT0_IRQHandler
 .text.FLEX_INT1_IRQHandler
                0x00002288        0x8 ./example/src/led_but.o
                0x00002288                FLEX_INT1_IRQHandler
 .text.vLedTask
                0x00002290       0xe8 ./example/src/led_but.o
                0x00002290                vLedTask
 .text.relaySwitch
                0x00002378       0x24 ./example/src/relay.o
                0x00002378                relaySwitch
 .text.initRelayPins
                0x0000239c       0x6c ./example/src/relay.o
                0x0000239c                initRelayPins
 .text.turnOnRelay
                0x00002408       0x1c ./example/src/relay.o
                0x00002408                turnOnRelay
 .text.turnOffRelay
                0x00002424       0x1a ./example/src/relay.o
                0x00002424                turnOffRelay
 .text.SystemInit
                0x0000243e        0x8 ./example/src/sysinit.o
                0x0000243e                SystemInit
 *fill*         0x00002446        0x2 ff
 .text.Chip_GPIO_SetPinDIROutput
                0x00002448       0x50 C:\dev\niip-sonar\nxp_lpcxpresso_11u14_board_lib\Debug\libnxp_lpcxpresso_11u14_board_lib.a(board.o)
 .text.Board_LED_Init
                0x00002498       0x18 C:\dev\niip-sonar\nxp_lpcxpresso_11u14_board_lib\Debug\libnxp_lpcxpresso_11u14_board_lib.a(board.o)
 .text.Board_Init
                0x000024b0       0x18 C:\dev\niip-sonar\nxp_lpcxpresso_11u14_board_lib\Debug\libnxp_lpcxpresso_11u14_board_lib.a(board.o)
                0x000024b0                Board_Init
 .text.Chip_FMC_SetFLASHAccess
                0x000024c8       0x30 C:\dev\niip-sonar\nxp_lpcxpresso_11u14_board_lib\Debug\libnxp_lpcxpresso_11u14_board_lib.a(board_sysinit.o)
 .text.Chip_Clock_SetupSystemPLL
                0x000024f8       0x38 C:\dev\niip-sonar\nxp_lpcxpresso_11u14_board_lib\Debug\libnxp_lpcxpresso_11u14_board_lib.a(board_sysinit.o)
 .text.Chip_Clock_IsSystemPLLLocked
                0x00002530       0x1c C:\dev\niip-sonar\nxp_lpcxpresso_11u14_board_lib\Debug\libnxp_lpcxpresso_11u14_board_lib.a(board_sysinit.o)
 .text.Chip_Clock_SetupUSBPLL
                0x0000254c       0x38 C:\dev\niip-sonar\nxp_lpcxpresso_11u14_board_lib\Debug\libnxp_lpcxpresso_11u14_board_lib.a(board_sysinit.o)
 .text.Chip_Clock_IsUSBPLLLocked
                0x00002584       0x1c C:\dev\niip-sonar\nxp_lpcxpresso_11u14_board_lib\Debug\libnxp_lpcxpresso_11u14_board_lib.a(board_sysinit.o)
 .text.Chip_Clock_SetSysClockDiv
                0x000025a0       0x1c C:\dev\niip-sonar\nxp_lpcxpresso_11u14_board_lib\Debug\libnxp_lpcxpresso_11u14_board_lib.a(board_sysinit.o)
 .text.Chip_Clock_EnablePeriphClock
                0x000025bc       0x30 C:\dev\niip-sonar\nxp_lpcxpresso_11u14_board_lib\Debug\libnxp_lpcxpresso_11u14_board_lib.a(board_sysinit.o)
 .text.SystemSetupClocking
                0x000025ec       0x94 C:\dev\niip-sonar\nxp_lpcxpresso_11u14_board_lib\Debug\libnxp_lpcxpresso_11u14_board_lib.a(board_sysinit.o)
 .text.SystemSetupMuxing
                0x00002680       0x58 C:\dev\niip-sonar\nxp_lpcxpresso_11u14_board_lib\Debug\libnxp_lpcxpresso_11u14_board_lib.a(board_sysinit.o)
 .text.Board_SystemInit
                0x000026d8       0x14 C:\dev\niip-sonar\nxp_lpcxpresso_11u14_board_lib\Debug\libnxp_lpcxpresso_11u14_board_lib.a(board_sysinit.o)
                0x000026d8                Board_SystemInit
 .text.SystemCoreClockUpdate
                0x000026ec       0x18 C:\dev\niip-sonar\lpc_chip_11uxx_lib\Debug\liblpc_chip_11uxx_lib.a(chip_11xx.o)
                0x000026ec                SystemCoreClockUpdate
 .text.Chip_Clock_GetMainOscRate
                0x00002704       0x14 C:\dev\niip-sonar\lpc_chip_11uxx_lib\Debug\liblpc_chip_11uxx_lib.a(clock_11xx.o)
 .text.Chip_Clock_GetIntOscRate
                0x00002718       0x10 C:\dev\niip-sonar\lpc_chip_11uxx_lib\Debug\liblpc_chip_11uxx_lib.a(clock_11xx.o)
 .text.Chip_Clock_GetWDTLFORate
                0x00002728       0x48 C:\dev\niip-sonar\lpc_chip_11uxx_lib\Debug\liblpc_chip_11uxx_lib.a(clock_11xx.o)
 .text.Chip_Clock_GetPLLFreq
                0x00002770       0x24 C:\dev\niip-sonar\lpc_chip_11uxx_lib\Debug\liblpc_chip_11uxx_lib.a(clock_11xx.o)
 .text.Chip_Clock_SetSystemPLLSource
                0x00002794       0x2c C:\dev\niip-sonar\lpc_chip_11uxx_lib\Debug\liblpc_chip_11uxx_lib.a(clock_11xx.o)
                0x00002794                Chip_Clock_SetSystemPLLSource
 .text.Chip_Clock_SetUSBPLLSource
                0x000027c0       0x2c C:\dev\niip-sonar\lpc_chip_11uxx_lib\Debug\liblpc_chip_11uxx_lib.a(clock_11xx.o)
                0x000027c0                Chip_Clock_SetUSBPLLSource
 .text.Chip_Clock_SetMainClockSource
                0x000027ec       0x2c C:\dev\niip-sonar\lpc_chip_11uxx_lib\Debug\liblpc_chip_11uxx_lib.a(clock_11xx.o)
                0x000027ec                Chip_Clock_SetMainClockSource
 .text.Chip_Clock_SetUSBClockSource
                0x00002818       0x3c C:\dev\niip-sonar\lpc_chip_11uxx_lib\Debug\liblpc_chip_11uxx_lib.a(clock_11xx.o)
                0x00002818                Chip_Clock_SetUSBClockSource
 .text.Chip_Clock_GetWDTOSCRate
                0x00002854       0x1c C:\dev\niip-sonar\lpc_chip_11uxx_lib\Debug\liblpc_chip_11uxx_lib.a(clock_11xx.o)
                0x00002854                Chip_Clock_GetWDTOSCRate
 .text.Chip_Clock_GetSystemPLLInClockRate
                0x00002870       0x40 C:\dev\niip-sonar\lpc_chip_11uxx_lib\Debug\liblpc_chip_11uxx_lib.a(clock_11xx.o)
                0x00002870                Chip_Clock_GetSystemPLLInClockRate
 .text.Chip_Clock_GetSystemPLLOutClockRate
                0x000028b0       0x24 C:\dev\niip-sonar\lpc_chip_11uxx_lib\Debug\liblpc_chip_11uxx_lib.a(clock_11xx.o)
                0x000028b0                Chip_Clock_GetSystemPLLOutClockRate
 .text.Chip_Clock_GetMainClockRate
                0x000028d4       0x60 C:\dev\niip-sonar\lpc_chip_11uxx_lib\Debug\liblpc_chip_11uxx_lib.a(clock_11xx.o)
                0x000028d4                Chip_Clock_GetMainClockRate
 .text.Chip_Clock_GetSystemClockRate
                0x00002934       0x24 C:\dev\niip-sonar\lpc_chip_11uxx_lib\Debug\liblpc_chip_11uxx_lib.a(clock_11xx.o)
                0x00002934                Chip_Clock_GetSystemClockRate
 .text.Chip_Clock_EnablePeriphClock
                0x00002958       0x30 C:\dev\niip-sonar\lpc_chip_11uxx_lib\Debug\liblpc_chip_11uxx_lib.a(gpio_11xx_1.o)
 .text.Chip_GPIO_Init
                0x00002988       0x18 C:\dev\niip-sonar\lpc_chip_11uxx_lib\Debug\liblpc_chip_11uxx_lib.a(gpio_11xx_1.o)
                0x00002988                Chip_GPIO_Init
 .text.Chip_IOCON_PinMuxSet
                0x000029a0       0x50 C:\dev\niip-sonar\lpc_chip_11uxx_lib\Debug\liblpc_chip_11uxx_lib.a(iocon_11xx.o)
                0x000029a0                Chip_IOCON_PinMuxSet
 .text.RingBuffer_GetCount
                0x000029f0       0x20 C:\dev\niip-sonar\lpc_chip_11uxx_lib\Debug\liblpc_chip_11uxx_lib.a(ring_buffer.o)
 .text.RingBuffer_GetFree
                0x00002a10       0x20 C:\dev\niip-sonar\lpc_chip_11uxx_lib\Debug\liblpc_chip_11uxx_lib.a(ring_buffer.o)
 .text.RingBuffer_IsFull
                0x00002a30       0x2c C:\dev\niip-sonar\lpc_chip_11uxx_lib\Debug\liblpc_chip_11uxx_lib.a(ring_buffer.o)
 .text.RingBuffer_IsEmpty
                0x00002a5c       0x24 C:\dev\niip-sonar\lpc_chip_11uxx_lib\Debug\liblpc_chip_11uxx_lib.a(ring_buffer.o)
 .text.RingBuffer_Init
                0x00002a80       0x38 C:\dev\niip-sonar\lpc_chip_11uxx_lib\Debug\liblpc_chip_11uxx_lib.a(ring_buffer.o)
                0x00002a80                RingBuffer_Init
 .text.RingBuffer_Insert
                0x00002ab8       0x5c C:\dev\niip-sonar\lpc_chip_11uxx_lib\Debug\liblpc_chip_11uxx_lib.a(ring_buffer.o)
                0x00002ab8                RingBuffer_Insert
 .text.RingBuffer_InsertMult
                0x00002b14      0x120 C:\dev\niip-sonar\lpc_chip_11uxx_lib\Debug\liblpc_chip_11uxx_lib.a(ring_buffer.o)
                0x00002b14                RingBuffer_InsertMult
 .text.RingBuffer_Pop
                0x00002c34       0x5c C:\dev\niip-sonar\lpc_chip_11uxx_lib\Debug\liblpc_chip_11uxx_lib.a(ring_buffer.o)
                0x00002c34                RingBuffer_Pop
 .text.Chip_SYSCTL_PowerDown
                0x00002c90       0x44 C:\dev\niip-sonar\lpc_chip_11uxx_lib\Debug\liblpc_chip_11uxx_lib.a(sysctl_11xx.o)
                0x00002c90                Chip_SYSCTL_PowerDown
 .text.Chip_SYSCTL_PowerUp
                0x00002cd4       0x44 C:\dev\niip-sonar\lpc_chip_11uxx_lib\Debug\liblpc_chip_11uxx_lib.a(sysctl_11xx.o)
                0x00002cd4                Chip_SYSCTL_PowerUp
 .text.Chip_Clock_EnablePeriphClock
                0x00002d18       0x30 C:\dev\niip-sonar\lpc_chip_11uxx_lib\Debug\liblpc_chip_11uxx_lib.a(uart_11xx.o)
 .text.Chip_Clock_SetUARTClockDiv
                0x00002d48       0x1c C:\dev\niip-sonar\lpc_chip_11uxx_lib\Debug\liblpc_chip_11uxx_lib.a(uart_11xx.o)
 .text.RingBuffer_IsEmpty
                0x00002d64       0x24 C:\dev\niip-sonar\lpc_chip_11uxx_lib\Debug\liblpc_chip_11uxx_lib.a(uart_11xx.o)
 .text.Chip_UART_SendByte
                0x00002d88       0x20 C:\dev\niip-sonar\lpc_chip_11uxx_lib\Debug\liblpc_chip_11uxx_lib.a(uart_11xx.o)
 .text.Chip_UART_ReadByte
                0x00002da8       0x18 C:\dev\niip-sonar\lpc_chip_11uxx_lib\Debug\liblpc_chip_11uxx_lib.a(uart_11xx.o)
 .text.Chip_UART_IntEnable
                0x00002dc0       0x20 C:\dev\niip-sonar\lpc_chip_11uxx_lib\Debug\liblpc_chip_11uxx_lib.a(uart_11xx.o)
 .text.Chip_UART_IntDisable
                0x00002de0       0x20 C:\dev\niip-sonar\lpc_chip_11uxx_lib\Debug\liblpc_chip_11uxx_lib.a(uart_11xx.o)
 .text.Chip_UART_SetupFIFOS
                0x00002e00       0x18 C:\dev\niip-sonar\lpc_chip_11uxx_lib\Debug\liblpc_chip_11uxx_lib.a(uart_11xx.o)
 .text.Chip_UART_ConfigData
                0x00002e18       0x18 C:\dev\niip-sonar\lpc_chip_11uxx_lib\Debug\liblpc_chip_11uxx_lib.a(uart_11xx.o)
 .text.Chip_UART_EnableDivisorAccess
                0x00002e30       0x1c C:\dev\niip-sonar\lpc_chip_11uxx_lib\Debug\liblpc_chip_11uxx_lib.a(uart_11xx.o)
 .text.Chip_UART_DisableDivisorAccess
                0x00002e4c       0x20 C:\dev\niip-sonar\lpc_chip_11uxx_lib\Debug\liblpc_chip_11uxx_lib.a(uart_11xx.o)
 .text.Chip_UART_SetDivisorLatches
                0x00002e6c       0x30 C:\dev\niip-sonar\lpc_chip_11uxx_lib\Debug\liblpc_chip_11uxx_lib.a(uart_11xx.o)
 .text.Chip_UART_ReadLineStatus
                0x00002e9c       0x14 C:\dev\niip-sonar\lpc_chip_11uxx_lib\Debug\liblpc_chip_11uxx_lib.a(uart_11xx.o)
 .text.Chip_UART_Init
                0x00002eb0       0x38 C:\dev\niip-sonar\lpc_chip_11uxx_lib\Debug\liblpc_chip_11uxx_lib.a(uart_11xx.o)
                0x00002eb0                Chip_UART_Init
 .text.Chip_UART_SetBaud
                0x00002ee8       0x64 C:\dev\niip-sonar\lpc_chip_11uxx_lib\Debug\liblpc_chip_11uxx_lib.a(uart_11xx.o)
                0x00002ee8                Chip_UART_SetBaud
 .text.Chip_UART_RXIntHandlerRB
                0x00002f4c       0x44 C:\dev\niip-sonar\lpc_chip_11uxx_lib\Debug\liblpc_chip_11uxx_lib.a(uart_11xx.o)
                0x00002f4c                Chip_UART_RXIntHandlerRB
 .text.Chip_UART_TXIntHandlerRB
                0x00002f90       0x48 C:\dev\niip-sonar\lpc_chip_11uxx_lib\Debug\liblpc_chip_11uxx_lib.a(uart_11xx.o)
                0x00002f90                Chip_UART_TXIntHandlerRB
 .text.Chip_UART_SendRB
                0x00002fd8       0x6c C:\dev\niip-sonar\lpc_chip_11uxx_lib\Debug\liblpc_chip_11uxx_lib.a(uart_11xx.o)
                0x00002fd8                Chip_UART_SendRB
 .text.Chip_UART_IRQRBHandler
                0x00003044       0x4c C:\dev\niip-sonar\lpc_chip_11uxx_lib\Debug\liblpc_chip_11uxx_lib.a(uart_11xx.o)
                0x00003044                Chip_UART_IRQRBHandler
 .text.def_ep_handler
                0x00003090        0x4 C:\dev\niip-sonar\lpc_chip_11uxx_lib\libs\libusbd_11uxx_lib.a(hw_usbd_ip3511.o)
                0x00003090                def_ep_handler
 .text.hwUSB_ForceFullSpeed
                0x00003094        0x4 C:\dev\niip-sonar\lpc_chip_11uxx_lib\libs\libusbd_11uxx_lib.a(hw_usbd_ip3511.o)
                0x00003094                hwUSB_ForceFullSpeed
 .text.hwUSB_GetMemSize
                0x00003098       0x14 C:\dev\niip-sonar\lpc_chip_11uxx_lib\libs\libusbd_11uxx_lib.a(hw_usbd_ip3511.o)
                0x00003098                hwUSB_GetMemSize
 .text.hwUSB_Connect
                0x000030ac       0x28 C:\dev\niip-sonar\lpc_chip_11uxx_lib\libs\libusbd_11uxx_lib.a(hw_usbd_ip3511.o)
                0x000030ac                hwUSB_Connect
 .text.hwUSB_WakeUp
                0x000030d4       0x20 C:\dev\niip-sonar\lpc_chip_11uxx_lib\libs\libusbd_11uxx_lib.a(hw_usbd_ip3511.o)
                0x000030d4                hwUSB_WakeUp
 .text.hwUSB_WakeUpCfg
                0x000030f4       0x28 C:\dev\niip-sonar\lpc_chip_11uxx_lib\libs\libusbd_11uxx_lib.a(hw_usbd_ip3511.o)
                0x000030f4                hwUSB_WakeUpCfg
 .text.hwUSB_SetAddress
                0x0000311c       0x1c C:\dev\niip-sonar\lpc_chip_11uxx_lib\libs\libusbd_11uxx_lib.a(hw_usbd_ip3511.o)
                0x0000311c                hwUSB_SetAddress
 .text.hwUSB_SetTestMode
                0x00003138        0x8 C:\dev\niip-sonar\lpc_chip_11uxx_lib\libs\libusbd_11uxx_lib.a(hw_usbd_ip3511.o)
                0x00003138                hwUSB_SetTestMode
 .text.hwUSB_Configure
                0x00003140       0x24 C:\dev\niip-sonar\lpc_chip_11uxx_lib\libs\libusbd_11uxx_lib.a(hw_usbd_ip3511.o)
                0x00003140                hwUSB_Configure
 .text.hwUSB_ConfigEP
                0x00003164       0xcc C:\dev\niip-sonar\lpc_chip_11uxx_lib\libs\libusbd_11uxx_lib.a(hw_usbd_ip3511.o)
                0x00003164                hwUSB_ConfigEP
 .text.hwUSB_DirCtrlEP
                0x00003230        0x4 C:\dev\niip-sonar\lpc_chip_11uxx_lib\libs\libusbd_11uxx_lib.a(hw_usbd_ip3511.o)
                0x00003230                hwUSB_DirCtrlEP
 .text.hwUSB_EnableEP
                0x00003234       0x50 C:\dev\niip-sonar\lpc_chip_11uxx_lib\libs\libusbd_11uxx_lib.a(hw_usbd_ip3511.o)
                0x00003234                hwUSB_EnableEP
 .text.hwUSB_DisableEP
                0x00003284       0x34 C:\dev\niip-sonar\lpc_chip_11uxx_lib\libs\libusbd_11uxx_lib.a(hw_usbd_ip3511.o)
                0x00003284                hwUSB_DisableEP
 .text.hwUSB_ResetEP
                0x000032b8       0x4c C:\dev\niip-sonar\lpc_chip_11uxx_lib\libs\libusbd_11uxx_lib.a(hw_usbd_ip3511.o)
                0x000032b8                hwUSB_ResetEP
 .text.hwUSB_SetStallEP
                0x00003304       0xb0 C:\dev\niip-sonar\lpc_chip_11uxx_lib\libs\libusbd_11uxx_lib.a(hw_usbd_ip3511.o)
                0x00003304                hwUSB_SetStallEP
 .text.hwUSB_ClrStallEP
                0x000033b4       0xc0 C:\dev\niip-sonar\lpc_chip_11uxx_lib\libs\libusbd_11uxx_lib.a(hw_usbd_ip3511.o)
                0x000033b4                hwUSB_ClrStallEP
 .text.hwUSB_EnableEvent
                0x00003474      0x120 C:\dev\niip-sonar\lpc_chip_11uxx_lib\libs\libusbd_11uxx_lib.a(hw_usbd_ip3511.o)
                0x00003474                hwUSB_EnableEvent
 .text.hwUSB_ReadSetupPkt
                0x00003594       0x58 C:\dev\niip-sonar\lpc_chip_11uxx_lib\libs\libusbd_11uxx_lib.a(hw_usbd_ip3511.o)
                0x00003594                hwUSB_ReadSetupPkt
 .text.hwUSB_ReadReqEP
                0x000035ec        0x4 C:\dev\niip-sonar\lpc_chip_11uxx_lib\libs\libusbd_11uxx_lib.a(hw_usbd_ip3511.o)
                0x000035ec                hwUSB_ReadReqEP
 .text.hwUSB_ReadEP
                0x000035f0       0xdc C:\dev\niip-sonar\lpc_chip_11uxx_lib\libs\libusbd_11uxx_lib.a(hw_usbd_ip3511.o)
                0x000035f0                hwUSB_ReadEP
 .text.hwUSB_WriteEP
                0x000036cc       0xdc C:\dev\niip-sonar\lpc_chip_11uxx_lib\libs\libusbd_11uxx_lib.a(hw_usbd_ip3511.o)
                0x000036cc                hwUSB_WriteEP
 .text.hwUSB_Reset
                0x000037a8       0xcc C:\dev\niip-sonar\lpc_chip_11uxx_lib\libs\libusbd_11uxx_lib.a(hw_usbd_ip3511.o)
                0x000037a8                hwUSB_Reset
 .text.hwUSB_Init
                0x00003874      0x1fc C:\dev\niip-sonar\lpc_chip_11uxx_lib\libs\libusbd_11uxx_lib.a(hw_usbd_ip3511.o)
                0x00003874                hwUSB_Init
 .text.hwUSB_ISR
                0x00003a70      0x1b0 C:\dev\niip-sonar\lpc_chip_11uxx_lib\libs\libusbd_11uxx_lib.a(hw_usbd_ip3511.o)
                0x00003a70                hwUSB_ISR
 .text.mwCDC_SetRequest
                0x00003c20       0x98 C:\dev\niip-sonar\lpc_chip_11uxx_lib\libs\libusbd_11uxx_lib.a(mw_usbd_cdcuser.o)
                0x00003c20                mwCDC_SetRequest
 .text.mwCDC_ep0_hdlr
                0x00003cb8       0xe4 C:\dev\niip-sonar\lpc_chip_11uxx_lib\libs\libusbd_11uxx_lib.a(mw_usbd_cdcuser.o)
                0x00003cb8                mwCDC_ep0_hdlr
 .text.mwCDC_GetRequest
                0x00003d9c       0x54 C:\dev\niip-sonar\lpc_chip_11uxx_lib\libs\libusbd_11uxx_lib.a(mw_usbd_cdcuser.o)
                0x00003d9c                mwCDC_GetRequest
 .text.mwCDC_SendNotification
                0x00003df0       0x54 C:\dev\niip-sonar\lpc_chip_11uxx_lib\libs\libusbd_11uxx_lib.a(mw_usbd_cdcuser.o)
                0x00003df0                mwCDC_SendNotification
 .text.mwCDC_GetMemSize
                0x00003e44        0x4 C:\dev\niip-sonar\lpc_chip_11uxx_lib\libs\libusbd_11uxx_lib.a(mw_usbd_cdcuser.o)
                0x00003e44                mwCDC_GetMemSize
 .text.mwCDC_init
                0x00003e48      0x154 C:\dev\niip-sonar\lpc_chip_11uxx_lib\libs\libusbd_11uxx_lib.a(mw_usbd_cdcuser.o)
                0x00003e48                mwCDC_init
 .text.USB_ReqGetConfiguration
                0x00003f9c       0x24 C:\dev\niip-sonar\lpc_chip_11uxx_lib\libs\libusbd_11uxx_lib.a(mw_usbd_core.o)
                0x00003f9c                USB_ReqGetConfiguration
 .text.USBD_virt_to_phys
                0x00003fc0        0x4 C:\dev\niip-sonar\lpc_chip_11uxx_lib\libs\libusbd_11uxx_lib.a(mw_usbd_core.o)
                0x00003fc0                USBD_virt_to_phys
 .text.USBD_cache_flush
                0x00003fc4        0x4 C:\dev\niip-sonar\lpc_chip_11uxx_lib\libs\libusbd_11uxx_lib.a(mw_usbd_core.o)
                0x00003fc4                USBD_cache_flush
 .text.USB_ReqGetStatus
                0x00003fc8       0xa4 C:\dev\niip-sonar\lpc_chip_11uxx_lib\libs\libusbd_11uxx_lib.a(mw_usbd_core.o)
                0x00003fc8                USB_ReqGetStatus
 .text.USB_ReqGetDescriptor
                0x0000406c      0x11c C:\dev\niip-sonar\lpc_chip_11uxx_lib\libs\libusbd_11uxx_lib.a(mw_usbd_core.o)
                0x0000406c                USB_ReqGetDescriptor
 .text.USB_ReqGetInterface
                0x00004188       0x40 C:\dev\niip-sonar\lpc_chip_11uxx_lib\libs\libusbd_11uxx_lib.a(mw_usbd_core.o)
                0x00004188                USB_ReqGetInterface
 .text.USB_ReqSetInterface
                0x000041c8      0x170 C:\dev\niip-sonar\lpc_chip_11uxx_lib\libs\libusbd_11uxx_lib.a(mw_usbd_core.o)
                0x000041c8                USB_ReqSetInterface
 .text.USB_ReqSetConfiguration
                0x00004338      0x258 C:\dev\niip-sonar\lpc_chip_11uxx_lib\libs\libusbd_11uxx_lib.a(mw_usbd_core.o)
                0x00004338                USB_ReqSetConfiguration
 .text.USB_ReqSetClrFeature
                0x00004590       0xe0 C:\dev\niip-sonar\lpc_chip_11uxx_lib\libs\libusbd_11uxx_lib.a(mw_usbd_core.o)
                0x00004590                USB_ReqSetClrFeature
 .text.USB_EvtOutHandler
                0x00004670       0xe4 C:\dev\niip-sonar\lpc_chip_11uxx_lib\libs\libusbd_11uxx_lib.a(mw_usbd_core.o)
                0x00004670                USB_EvtOutHandler
 .text.USB_EndPoint0
                0x00004754      0x140 C:\dev\niip-sonar\lpc_chip_11uxx_lib\libs\libusbd_11uxx_lib.a(mw_usbd_core.o)
                0x00004754                USB_EndPoint0
 .text.USB_EvtSetupHandler
                0x00004894      0x1f4 C:\dev\niip-sonar\lpc_chip_11uxx_lib\libs\libusbd_11uxx_lib.a(mw_usbd_core.o)
                0x00004894                USB_EvtSetupHandler
 .text.mwUSB_ResetCore
                0x00004a88       0x80 C:\dev\niip-sonar\lpc_chip_11uxx_lib\libs\libusbd_11uxx_lib.a(mw_usbd_core.o)
                0x00004a88                mwUSB_ResetCore
 .text.mwUSB_SetupStage
                0x00004b08       0x10 C:\dev\niip-sonar\lpc_chip_11uxx_lib\libs\libusbd_11uxx_lib.a(mw_usbd_core.o)
                0x00004b08                mwUSB_SetupStage
 .text.mwUSB_DataInStage
                0x00004b18       0x34 C:\dev\niip-sonar\lpc_chip_11uxx_lib\libs\libusbd_11uxx_lib.a(mw_usbd_core.o)
                0x00004b18                mwUSB_DataInStage
 .text.mwUSB_DataOutStage
                0x00004b4c       0x24 C:\dev\niip-sonar\lpc_chip_11uxx_lib\libs\libusbd_11uxx_lib.a(mw_usbd_core.o)
                0x00004b4c                mwUSB_DataOutStage
 .text.mwUSB_StatusInStage
                0x00004b70       0x10 C:\dev\niip-sonar\lpc_chip_11uxx_lib\libs\libusbd_11uxx_lib.a(mw_usbd_core.o)
                0x00004b70                mwUSB_StatusInStage
 .text.mwUSB_StatusOutStage
                0x00004b80       0x10 C:\dev\niip-sonar\lpc_chip_11uxx_lib\libs\libusbd_11uxx_lib.a(mw_usbd_core.o)
                0x00004b80                mwUSB_StatusOutStage
 .text.mwUSB_StallEp0
                0x00004b90       0x14 C:\dev\niip-sonar\lpc_chip_11uxx_lib\libs\libusbd_11uxx_lib.a(mw_usbd_core.o)
                0x00004b90                mwUSB_StallEp0
 .text.mwUSB_InitCore
                0x00004ba4       0xe8 C:\dev\niip-sonar\lpc_chip_11uxx_lib\libs\libusbd_11uxx_lib.a(mw_usbd_core.o)
                0x00004ba4                mwUSB_InitCore
 .text.mwUSB_RegisterClassHandler
                0x00004c8c       0x2c C:\dev\niip-sonar\lpc_chip_11uxx_lib\libs\libusbd_11uxx_lib.a(mw_usbd_core.o)
                0x00004c8c                mwUSB_RegisterClassHandler
 .text.mwUSB_RegisterEpHandler
                0x00004cb8       0x28 C:\dev\niip-sonar\lpc_chip_11uxx_lib\libs\libusbd_11uxx_lib.a(mw_usbd_core.o)
                0x00004cb8                mwUSB_RegisterEpHandler
 .text.__main   0x00004ce0       0x12 c:/nxp/lpcxpresso_8.1.4_606/lpcxpresso/tools/bin/../lib/gcc/arm-none-eabi/5.2.1/../../../../arm-none-eabi/lib/armv6-m\libcr_nohost.a(_cr__main.o)
                0x00004ce0                __main
 .text.memcpy   0x00004cf2        0x8 c:/nxp/lpcxpresso_8.1.4_606/lpcxpresso/tools/bin/../lib/gcc/arm-none-eabi/5.2.1/../../../../arm-none-eabi/lib/armv6-m\libcr_c.a(memcpy.o)
                0x00004cf2                memcpy
 .text.memset   0x00004cfa        0x8 c:/nxp/lpcxpresso_8.1.4_606/lpcxpresso/tools/bin/../lib/gcc/arm-none-eabi/5.2.1/../../../../arm-none-eabi/lib/armv6-m\libcr_c.a(memset.o)
                0x00004cfa                memset
 .text.fp_round
                0x00004d02       0x4a c:/nxp/lpcxpresso_8.1.4_606/lpcxpresso/tools/bin/../lib/gcc/arm-none-eabi/5.2.1/../../../../arm-none-eabi/lib/armv6-m\libcr_c.a(fpprintf.o)
 .text.pr_dec.constprop.1
                0x00004d4c       0x2a c:/nxp/lpcxpresso_8.1.4_606/lpcxpresso/tools/bin/../lib/gcc/arm-none-eabi/5.2.1/../../../../arm-none-eabi/lib/armv6-m\libcr_c.a(fpprintf.o)
 *fill*         0x00004d76        0x2 ff
 .text.sprintf  0x00004d78       0x6c c:/nxp/lpcxpresso_8.1.4_606/lpcxpresso/tools/bin/../lib/gcc/arm-none-eabi/5.2.1/../../../../arm-none-eabi/lib/armv6-m\libcr_c.a(fpprintf.o)
                0x00004d78                sprintf
 .text.fp_display
                0x00004de4      0x93c c:/nxp/lpcxpresso_8.1.4_606/lpcxpresso/tools/bin/../lib/gcc/arm-none-eabi/5.2.1/../../../../arm-none-eabi/lib/armv6-m\libcr_c.a(fpprintf.o)
 .text.snprintf
                0x00005720       0x6c c:/nxp/lpcxpresso_8.1.4_606/lpcxpresso/tools/bin/../lib/gcc/arm-none-eabi/5.2.1/../../../../arm-none-eabi/lib/armv6-m\libcr_c.a(fpprintf.o)
                0x00005720                snprintf
 .text._initio  0x0000578c       0xa8 c:/nxp/lpcxpresso_8.1.4_606/lpcxpresso/tools/bin/../lib/gcc/arm-none-eabi/5.2.1/../../../../arm-none-eabi/lib/armv6-m\libcr_c.a(initio.o)
                0x0000578c                _initio
 .text.memchr   0x00005834       0x16 c:/nxp/lpcxpresso_8.1.4_606/lpcxpresso/tools/bin/../lib/gcc/arm-none-eabi/5.2.1/../../../../arm-none-eabi/lib/armv6-m\libcr_c.a(memchr.o)
                0x00005834                memchr
 .text.memcmp   0x0000584a       0x3a c:/nxp/lpcxpresso_8.1.4_606/lpcxpresso/tools/bin/../lib/gcc/arm-none-eabi/5.2.1/../../../../arm-none-eabi/lib/armv6-m\libcr_c.a(memcmp.o)
                0x0000584a                memcmp
 .text.__vfprintf
                0x00005884      0xd5c c:/nxp/lpcxpresso_8.1.4_606/lpcxpresso/tools/bin/../lib/gcc/arm-none-eabi/5.2.1/../../../../arm-none-eabi/lib/armv6-m\libcr_c.a(printf.o)
                0x00005884                __vfprintf
 .text.ch_val   0x000065e0       0x30 c:/nxp/lpcxpresso_8.1.4_606/lpcxpresso/tools/bin/../lib/gcc/arm-none-eabi/5.2.1/../../../../arm-none-eabi/lib/armv6-m\libcr_c.a(scanf.o)
 .text._strtoul
                0x00006610       0xd4 c:/nxp/lpcxpresso_8.1.4_606/lpcxpresso/tools/bin/../lib/gcc/arm-none-eabi/5.2.1/../../../../arm-none-eabi/lib/armv6-m\libcr_c.a(scanf.o)
 .text.strtol   0x000066e4       0x88 c:/nxp/lpcxpresso_8.1.4_606/lpcxpresso/tools/bin/../lib/gcc/arm-none-eabi/5.2.1/../../../../arm-none-eabi/lib/armv6-m\libcr_c.a(scanf.o)
                0x000066e4                strtol
 .text.atoi     0x0000676c       0x18 c:/nxp/lpcxpresso_8.1.4_606/lpcxpresso/tools/bin/../lib/gcc/arm-none-eabi/5.2.1/../../../../arm-none-eabi/lib/armv6-m\libcr_c.a(scanf.o)
                0x0000676c                atoi
 .text.setvbuf  0x00006784       0x48 c:/nxp/lpcxpresso_8.1.4_606/lpcxpresso/tools/bin/../lib/gcc/arm-none-eabi/5.2.1/../../../../arm-none-eabi/lib/armv6-m\libcr_c.a(setvbuf.o)
                0x00006784                setvbuf
 .text.strcmp   0x000067cc       0x44 c:/nxp/lpcxpresso_8.1.4_606/lpcxpresso/tools/bin/../lib/gcc/arm-none-eabi/5.2.1/../../../../arm-none-eabi/lib/armv6-m\libcr_c.a(strcmp.o)
                0x000067cc                strcmp
 .text.strcpy   0x00006810       0x44 c:/nxp/lpcxpresso_8.1.4_606/lpcxpresso/tools/bin/../lib/gcc/arm-none-eabi/5.2.1/../../../../arm-none-eabi/lib/armv6-m\libcr_c.a(strcpy.o)
                0x00006810                strcpy
 .text.strlen   0x00006854       0x54 c:/nxp/lpcxpresso_8.1.4_606/lpcxpresso/tools/bin/../lib/gcc/arm-none-eabi/5.2.1/../../../../arm-none-eabi/lib/armv6-m\libcr_c.a(strlen.o)
                0x00006854                strlen
 .text.strncmp  0x000068a8       0x54 c:/nxp/lpcxpresso_8.1.4_606/lpcxpresso/tools/bin/../lib/gcc/arm-none-eabi/5.2.1/../../../../arm-none-eabi/lib/armv6-m\libcr_c.a(strncmp.o)
                0x000068a8                strncmp
 .text.strtok   0x000068fc       0x44 c:/nxp/lpcxpresso_8.1.4_606/lpcxpresso/tools/bin/../lib/gcc/arm-none-eabi/5.2.1/../../../../arm-none-eabi/lib/armv6-m\libcr_c.a(strtok.o)
                0x000068fc                strtok
 .text._deferredlazyseek
                0x00006940       0x44 c:/nxp/lpcxpresso_8.1.4_606/lpcxpresso/tools/bin/../lib/gcc/arm-none-eabi/5.2.1/../../../../arm-none-eabi/lib/armv6-m\libcr_c.a(_deferredlazyseek.o)
                0x00006940                _deferredlazyseek
 .text.__flsbuf
                0x00006984      0x150 c:/nxp/lpcxpresso_8.1.4_606/lpcxpresso/tools/bin/../lib/gcc/arm-none-eabi/5.2.1/../../../../arm-none-eabi/lib/armv6-m\libcr_c.a(_deferredlazyseek.o)
                0x00006984                __flsbuf
 .text._fdopen  0x00006ad4       0x74 c:/nxp/lpcxpresso_8.1.4_606/lpcxpresso/tools/bin/../lib/gcc/arm-none-eabi/5.2.1/../../../../arm-none-eabi/lib/armv6-m\libcr_c.a(_fdopen.o)
                0x00006ad4                _fdopen
 .text._fflush  0x00006b48       0x64 c:/nxp/lpcxpresso_8.1.4_606/lpcxpresso/tools/bin/../lib/gcc/arm-none-eabi/5.2.1/../../../../arm-none-eabi/lib/armv6-m\libcr_c.a(_fflush.o)
                0x00006b48                _fflush
 .text._frexpl  0x00006bac       0x80 c:/nxp/lpcxpresso_8.1.4_606/lpcxpresso/tools/bin/../lib/gcc/arm-none-eabi/5.2.1/../../../../arm-none-eabi/lib/armv6-m\libcr_c.a(_frexpl.o)
                0x00006bac                _frexpl
 .text._ldexpl  0x00006c2c       0x58 c:/nxp/lpcxpresso_8.1.4_606/lpcxpresso/tools/bin/../lib/gcc/arm-none-eabi/5.2.1/../../../../arm-none-eabi/lib/armv6-m\libcr_c.a(_ldexpl.o)
                0x00006c2c                _ldexpl
 .text._Cwritebuf
                0x00006c84       0x6c c:/nxp/lpcxpresso_8.1.4_606/lpcxpresso/tools/bin/../lib/gcc/arm-none-eabi/5.2.1/../../../../arm-none-eabi/lib/armv6-m\libcr_c.a(_writebuf.o)
                0x00006c84                _Cwritebuf
 .text.malloc   0x00006cf0       0xcc c:/nxp/lpcxpresso_8.1.4_606/lpcxpresso/tools/bin/../lib/gcc/arm-none-eabi/5.2.1/../../../../arm-none-eabi/lib/armv6-m\libcr_c.a(alloc.o)
                0x00006cf0                malloc
 .text.free     0x00006dbc       0x2e c:/nxp/lpcxpresso_8.1.4_606/lpcxpresso/tools/bin/../lib/gcc/arm-none-eabi/5.2.1/../../../../arm-none-eabi/lib/armv6-m\libcr_c.a(alloc.o)
                0x00006dbc                free
 *fill*         0x00006dea        0x2 ff
 .text._Csys_alloc
                0x00006dec       0x20 c:/nxp/lpcxpresso_8.1.4_606/lpcxpresso/tools/bin/../lib/gcc/arm-none-eabi/5.2.1/../../../../arm-none-eabi/lib/armv6-m\libcr_c.a(alloc.o)
                0x00006dec                _Csys_alloc
 .text.fclose   0x00006e0c       0x70 c:/nxp/lpcxpresso_8.1.4_606/lpcxpresso/tools/bin/../lib/gcc/arm-none-eabi/5.2.1/../../../../arm-none-eabi/lib/armv6-m\libcr_c.a(fclose.o)
                0x00006e0c                fclose
 .text.fflush   0x00006e7c       0x34 c:/nxp/lpcxpresso_8.1.4_606/lpcxpresso/tools/bin/../lib/gcc/arm-none-eabi/5.2.1/../../../../arm-none-eabi/lib/armv6-m\libcr_c.a(fflush.o)
                0x00006e7c                fflush
 .text.fseek    0x00006eb0      0x100 c:/nxp/lpcxpresso_8.1.4_606/lpcxpresso/tools/bin/../lib/gcc/arm-none-eabi/5.2.1/../../../../arm-none-eabi/lib/armv6-m\libcr_c.a(fseek.o)
                0x00006eb0                fseek
 .text.ftell    0x00006fb0       0x4c c:/nxp/lpcxpresso_8.1.4_606/lpcxpresso/tools/bin/../lib/gcc/arm-none-eabi/5.2.1/../../../../arm-none-eabi/lib/armv6-m\libcr_c.a(ftell.o)
                0x00006fb0                ftell
 .text.remove   0x00006ffc       0x12 c:/nxp/lpcxpresso_8.1.4_606/lpcxpresso/tools/bin/../lib/gcc/arm-none-eabi/5.2.1/../../../../arm-none-eabi/lib/armv6-m\libcr_c.a(remove.o)
                0x00006ffc                remove
 .text.strcspn  0x0000700e       0x22 c:/nxp/lpcxpresso_8.1.4_606/lpcxpresso/tools/bin/../lib/gcc/arm-none-eabi/5.2.1/../../../../arm-none-eabi/lib/armv6-m\libcr_c.a(strcspn.o)
                0x0000700e                strcspn
 .text.strspn   0x00007030       0x22 c:/nxp/lpcxpresso_8.1.4_606/lpcxpresso/tools/bin/../lib/gcc/arm-none-eabi/5.2.1/../../../../arm-none-eabi/lib/armv6-m\libcr_c.a(strspn.o)
                0x00007030                strspn
 *fill*         0x00007052        0x2 ff
 .text._sbrk    0x00007054       0x40 c:/nxp/lpcxpresso_8.1.4_606/lpcxpresso/tools/bin/../lib/gcc/arm-none-eabi/5.2.1/../../../../arm-none-eabi/lib/armv6-m\libcr_c.a(_cr_sbrk.o)
                0x00007054                _sbrk
 .text._do_fflush
                0x00007094       0x48 c:/nxp/lpcxpresso_8.1.4_606/lpcxpresso/tools/bin/../lib/gcc/arm-none-eabi/5.2.1/../../../../arm-none-eabi/lib/armv6-m\libcr_c.a(_do_fflush.o)
                0x00007094                _do_fflush
 .text.__check_heap_overflow
                0x000070dc       0x14 c:/nxp/lpcxpresso_8.1.4_606/lpcxpresso/tools/bin/../lib/gcc/arm-none-eabi/5.2.1/../../../../arm-none-eabi/lib/armv6-m\libcr_c.a(_cr_check_heap.o)
                0x000070dc                __check_heap_overflow
 .text.__aeabi_division_idivmod
                0x000070f0       0x78 c:/nxp/lpcxpresso_8.1.4_606/lpcxpresso/tools/bin/../lib/gcc/arm-none-eabi/5.2.1/armv6-m\libcr_eabihelpers.a(division_32.o)
                0x000070f0                __aeabi_idivmod
                0x000070f0                __aeabi_idiv
                0x000070f6                __aeabi_uidivmod
                0x000070f6                __aeabi_uidiv
 .text.__aeabi_division_idiv0
                0x00007168        0x2 c:/nxp/lpcxpresso_8.1.4_606/lpcxpresso/tools/bin/../lib/gcc/arm-none-eabi/5.2.1/armv6-m\libcr_eabihelpers.a(division_idiv0.o)
                0x00007168                __aeabi_idiv0
 *fill*         0x0000716a        0x2 ff
 .text.__aeabi_dmul
                0x0000716c      0x17c c:/nxp/lpcxpresso_8.1.4_606/lpcxpresso/tools/bin/../lib/gcc/arm-none-eabi/5.2.1/armv6-m\libcr_eabihelpers.a(double.o)
                0x0000716c                __aeabi_dmul
 .text.__aeabi_ddiv
                0x000072e8      0x14c c:/nxp/lpcxpresso_8.1.4_606/lpcxpresso/tools/bin/../lib/gcc/arm-none-eabi/5.2.1/armv6-m\libcr_eabihelpers.a(double.o)
                0x000072e8                __aeabi_ddiv
 .text.__aeabi_dsub
                0x00007434      0x1c8 c:/nxp/lpcxpresso_8.1.4_606/lpcxpresso/tools/bin/../lib/gcc/arm-none-eabi/5.2.1/armv6-m\libcr_eabihelpers.a(double.o)
                0x00007434                __aeabi_dsub
 .text.__aeabi_dadd
                0x000075fc      0x130 c:/nxp/lpcxpresso_8.1.4_606/lpcxpresso/tools/bin/../lib/gcc/arm-none-eabi/5.2.1/armv6-m\libcr_eabihelpers.a(double.o)
                0x000075fc                __aeabi_dadd
 .text.__aeabi_d2iz
                0x0000772c       0x44 c:/nxp/lpcxpresso_8.1.4_606/lpcxpresso/tools/bin/../lib/gcc/arm-none-eabi/5.2.1/armv6-m\libcr_eabihelpers.a(double.o)
                0x0000772c                __aeabi_d2iz
 .text.__bhs_ui2d
                0x00007770       0x5e c:/nxp/lpcxpresso_8.1.4_606/lpcxpresso/tools/bin/../lib/gcc/arm-none-eabi/5.2.1/armv6-m\libcr_eabihelpers.a(double.o)
                0x00007770                __bhs_ui2d
 .text.__aeabi_i2d
                0x000077ce       0x16 c:/nxp/lpcxpresso_8.1.4_606/lpcxpresso/tools/bin/../lib/gcc/arm-none-eabi/5.2.1/armv6-m\libcr_eabihelpers.a(double.o)
                0x000077ce                __aeabi_i2d
 .text.__aeabi_dcmpeq
                0x000077e4       0x30 c:/nxp/lpcxpresso_8.1.4_606/lpcxpresso/tools/bin/../lib/gcc/arm-none-eabi/5.2.1/armv6-m\libcr_eabihelpers.a(double.o)
                0x000077e4                __aeabi_dcmpeq
 .text.__aeabi_dcmplt
                0x00007814       0x5c c:/nxp/lpcxpresso_8.1.4_606/lpcxpresso/tools/bin/../lib/gcc/arm-none-eabi/5.2.1/armv6-m\libcr_eabihelpers.a(double.o)
                0x00007814                __aeabi_dcmplt
 .text.__aeabi_dcmple
                0x00007870       0x5c c:/nxp/lpcxpresso_8.1.4_606/lpcxpresso/tools/bin/../lib/gcc/arm-none-eabi/5.2.1/armv6-m\libcr_eabihelpers.a(double.o)
                0x00007870                __aeabi_dcmple
 .text.__aeabi_dcmpge
                0x000078cc       0x60 c:/nxp/lpcxpresso_8.1.4_606/lpcxpresso/tools/bin/../lib/gcc/arm-none-eabi/5.2.1/armv6-m\libcr_eabihelpers.a(double.o)
                0x000078cc                __aeabi_dcmpge
 .text.__aeabi_llong_lmul
                0x0000792c       0x2e c:/nxp/lpcxpresso_8.1.4_606/lpcxpresso/tools/bin/../lib/gcc/arm-none-eabi/5.2.1/armv6-m\libcr_eabihelpers.a(llong.o)
                0x0000792c                __aeabi_lmul
 .text.__aeabi_memcpy
                0x0000795a       0x2c c:/nxp/lpcxpresso_8.1.4_606/lpcxpresso/tools/bin/../lib/gcc/arm-none-eabi/5.2.1/armv6-m\libcr_eabihelpers.a(memcpy.o)
                0x0000795a                __aeabi_memcpy4
                0x0000795a                __aeabi_memcpy8
                0x0000795a                __aeabi_memcpy
 .text.__aeabi_memset_lowlevel
                0x00007986       0x2a c:/nxp/lpcxpresso_8.1.4_606/lpcxpresso/tools/bin/../lib/gcc/arm-none-eabi/5.2.1/armv6-m\libcr_eabihelpers.a(memcpy.o)
                0x00007986                __aeabi_lowlevel_memset
 .text.__gnu_thumb1_case_uqi
                0x000079b0       0x10 c:/nxp/lpcxpresso_8.1.4_606/lpcxpresso/tools/bin/../lib/gcc/arm-none-eabi/5.2.1/armv6-m\libcr_eabihelpers.a(thumb1_switch_helpers.o)
                0x000079b0                __gnu_thumb1_case_uqi
 .text.__sys_appexit
                0x000079c0        0x2 c:/nxp/lpcxpresso_8.1.4_606/lpcxpresso/tools/bin/../lib/gcc/arm-none-eabi/5.2.1/../../../../arm-none-eabi/lib/armv6-m\libcr_nohost.a(__sys_appexit.o)
                0x000079c0                __sys_appexit
                0x000079c0                __exit
 .text.__sys_close
                0x000079c2        0x6 c:/nxp/lpcxpresso_8.1.4_606/lpcxpresso/tools/bin/../lib/gcc/arm-none-eabi/5.2.1/../../../../arm-none-eabi/lib/armv6-m\libcr_nohost.a(__sys_close.o)
                0x000079c2                __sys_close
 .text.__sys_flen
                0x000079c8        0x6 c:/nxp/lpcxpresso_8.1.4_606/lpcxpresso/tools/bin/../lib/gcc/arm-none-eabi/5.2.1/../../../../arm-none-eabi/lib/armv6-m\libcr_nohost.a(__sys_flen.o)
                0x000079c8                __sys_flen
 .text.__sys_istty
                0x000079ce        0x6 c:/nxp/lpcxpresso_8.1.4_606/lpcxpresso/tools/bin/../lib/gcc/arm-none-eabi/5.2.1/../../../../arm-none-eabi/lib/armv6-m\libcr_nohost.a(__sys_istty.o)
                0x000079ce                __sys_istty
 .text.__sys_remove
                0x000079d4        0x6 c:/nxp/lpcxpresso_8.1.4_606/lpcxpresso/tools/bin/../lib/gcc/arm-none-eabi/5.2.1/../../../../arm-none-eabi/lib/armv6-m\libcr_nohost.a(__sys_remove.o)
                0x000079d4                __sys_remove
 .text.__sys_seek
                0x000079da        0x6 c:/nxp/lpcxpresso_8.1.4_606/lpcxpresso/tools/bin/../lib/gcc/arm-none-eabi/5.2.1/../../../../arm-none-eabi/lib/armv6-m\libcr_nohost.a(__sys_seek.o)
                0x000079da                __sys_seek
 .text.__sys_tmpnam
                0x000079e0        0x6 c:/nxp/lpcxpresso_8.1.4_606/lpcxpresso/tools/bin/../lib/gcc/arm-none-eabi/5.2.1/../../../../arm-none-eabi/lib/armv6-m\libcr_nohost.a(__sys_tmpnam.o)
                0x000079e0                __sys_tmpnam
 .text.__sys_write
                0x000079e6        0x4 c:/nxp/lpcxpresso_8.1.4_606/lpcxpresso/tools/bin/../lib/gcc/arm-none-eabi/5.2.1/../../../../arm-none-eabi/lib/armv6-m\libcr_nohost.a(__sys_write.o)
                0x000079e6                __sys_write
 *(.rodata .rodata.* .constdata .constdata.*)
 .rodata.str1.1
                0x000079ea        0x5 ./freertos/tasks.o
 *fill*         0x000079ef        0x1 ff
 .rodata.USB_StringDescriptor
                0x000079f0       0x38 ./example/src/cdc_desc.o
                0x000079f0                USB_StringDescriptor
 .rodata.USB_DeviceDescriptor
                0x00007a28       0x12 ./example/src/cdc_desc.o
                0x00007a28                USB_DeviceDescriptor
 .rodata.str1.1
                0x00007a3a      0x21b ./example/src/cdc_main.o
                                0x21e (size before relaxing)
 *fill*         0x00007c55        0x3 ff
 .rodata.g_usbApi
                0x00007c58       0x20 ./example/src/cdc_vcom_utils.o
 .rodata.str1.1
                0x00007c78       0x19 ./example/src/cdc_vcom_utils.o
                                 0x20 (size before relaxing)
 .rodata.str1.1
                0x00007c91      0x460 ./example/src/esp.o
                                0x48e (size before relaxing)
 *fill*         0x000080f1        0x3 ff
 .rodata.OscRateIn
                0x000080f4        0x4 C:\dev\niip-sonar\nxp_lpcxpresso_11u14_board_lib\Debug\libnxp_lpcxpresso_11u14_board_lib.a(board.o)
                0x000080f4                OscRateIn
 .rodata.pinmuxing
                0x000080f8       0x24 C:\dev\niip-sonar\nxp_lpcxpresso_11u14_board_lib\Debug\libnxp_lpcxpresso_11u14_board_lib.a(board_sysinit.o)
 .rodata.wdtOSCRate
                0x0000811c       0x40 C:\dev\niip-sonar\lpc_chip_11uxx_lib\Debug\liblpc_chip_11uxx_lib.a(clock_11xx.o)
 .rodata.hw_api
                0x0000815c       0x5c C:\dev\niip-sonar\lpc_chip_11uxx_lib\libs\libusbd_11uxx_lib.a(mw_usbd_rom_api.o)
                0x0000815c                hw_api
 .rodata.core_api
                0x000081b8       0x20 C:\dev\niip-sonar\lpc_chip_11uxx_lib\libs\libusbd_11uxx_lib.a(mw_usbd_rom_api.o)
                0x000081b8                core_api
 .rodata.cdc_api
                0x000081d8        0xc C:\dev\niip-sonar\lpc_chip_11uxx_lib\libs\libusbd_11uxx_lib.a(mw_usbd_rom_api.o)
                0x000081d8                cdc_api
 .rodata.hwUSB_EnableEvent
                0x000081e4       0x38 C:\dev\niip-sonar\lpc_chip_11uxx_lib\libs\libusbd_11uxx_lib.a(hw_usbd_ip3511.o)
 .rodata.mwCDC_SetRequest
                0x0000821c       0x90 C:\dev\niip-sonar\lpc_chip_11uxx_lib\libs\libusbd_11uxx_lib.a(mw_usbd_cdcuser.o)
 .rodata.USB_EndPoint0
                0x000082ac       0x20 C:\dev\niip-sonar\lpc_chip_11uxx_lib\libs\libusbd_11uxx_lib.a(mw_usbd_core.o)
 .rodata.USB_EvtSetupHandler
                0x000082cc       0x30 C:\dev\niip-sonar\lpc_chip_11uxx_lib\libs\libusbd_11uxx_lib.a(mw_usbd_core.o)
 .rodata.str1.1
                0x000082fc       0x34 c:/nxp/lpcxpresso_8.1.4_606/lpcxpresso/tools/bin/../lib/gcc/arm-none-eabi/5.2.1/../../../../arm-none-eabi/lib/armv6-m\libcr_c.a(fpprintf.o)
                                 0x35 (size before relaxing)
 .rodata.str1.1
                0x00008330        0x4 c:/nxp/lpcxpresso_8.1.4_606/lpcxpresso/tools/bin/../lib/gcc/arm-none-eabi/5.2.1/../../../../arm-none-eabi/lib/armv6-m\libcr_c.a(initio.o)
 .rodata.str1.1
                0x00008334       0x2f c:/nxp/lpcxpresso_8.1.4_606/lpcxpresso/tools/bin/../lib/gcc/arm-none-eabi/5.2.1/../../../../arm-none-eabi/lib/armv6-m\libcr_c.a(printf.o)
                                 0x38 (size before relaxing)
 .rodata.str1.1
                0x00008363        0x1 c:/nxp/lpcxpresso_8.1.4_606/lpcxpresso/tools/bin/../lib/gcc/arm-none-eabi/5.2.1/../../../../arm-none-eabi/lib/armv6-m\libcr_c.a(strtok.o)
 *fill*         0x00008363        0x5 ff
 .rodata.__huge_vall
                0x00008368        0x8 c:/nxp/lpcxpresso_8.1.4_606/lpcxpresso/tools/bin/../lib/gcc/arm-none-eabi/5.2.1/../../../../arm-none-eabi/lib/armv6-m\libcr_c.a(_hugeval.o)
                0x00008368                __huge_vall
 .rodata.str1.1
                0x00008370       0x18 c:/nxp/lpcxpresso_8.1.4_606/lpcxpresso/tools/bin/../lib/gcc/arm-none-eabi/5.2.1/../../../../arm-none-eabi/lib/armv6-m\libcr_c.a(alloc.o)
 .rodata.__ctype
                0x00008388      0x180 c:/nxp/lpcxpresso_8.1.4_606/lpcxpresso/tools/bin/../lib/gcc/arm-none-eabi/5.2.1/../../../../arm-none-eabi/lib/armv6-m\libcr_c.a(ctype.o)
                0x00008388                __ctype
                0x00008508                . = ALIGN (0x4)

.glue_7         0x00008508        0x0
 .glue_7        0x00008508        0x0 linker stubs

.glue_7t        0x00008508        0x0
 .glue_7t       0x00008508        0x0 linker stubs

.vfp11_veneer   0x00008508        0x0
 .vfp11_veneer  0x00008508        0x0 linker stubs

.v4_bx          0x00008508        0x0
 .v4_bx         0x00008508        0x0 linker stubs

.iplt           0x00008508        0x0
 .iplt          0x00008508        0x0 ./freertos/croutine.o

.rel.dyn        0x00008508        0x0
 .rel.iplt      0x00008508        0x0 ./freertos/croutine.o

.ARM.extab
 *(.ARM.extab* .gnu.linkonce.armextab.*)
                0x00008508                __exidx_start = .

.ARM.exidx
 *(.ARM.exidx* .gnu.linkonce.armexidx.*)
                0x00008508                __exidx_end = .
                0x00008508                _etext = .

.data_RAM2      0x20004000        0x0 load address 0x00008508
 FILL mask 0xff
                [!provide]                PROVIDE (__start_data_RAM2, .)
 *(.ramfunc.$RAM2)
 *(.ramfunc.$RamUsb2)
 *(.data.$RAM2*)
 *(.data.$RamUsb2*)
                0x20004000                . = ALIGN (0x4)
                [!provide]                PROVIDE (__end_data_RAM2, .)

.uninit_RESERVED
                0x10000000        0x0
 *(.bss.$RESERVED*)
                0x10000000                . = ALIGN (0x4)
                0x10000000                _end_uninit_RESERVED = .

.data           0x10000000       0x9c load address 0x00008508
 FILL mask 0xff
                0x10000000                _data = .
 *(vtable)
 *(.ramfunc*)
 *(.data*)
 .data.uxCriticalNesting
                0x10000000        0x4 ./freertos/port.o
 .data.USB_FsConfigDescriptor
                0x10000004       0x4c ./example/src/cdc_desc.o
                0x10000004                USB_FsConfigDescriptor
 .data.g_pUsbApi
                0x10000050        0x4 ./example/src/cdc_vcom_utils.o
                0x10000050                g_pUsbApi
 .data.pass     0x10000054        0xc ./example/src/esp.o
                0x10000054                pass
 .data.hostIp   0x10000060        0xc ./example/src/esp.o
                0x10000060                hostIp
 .data.ssidCnt  0x1000006c        0x1 ./example/src/esp.o
                0x1000006c                ssidCnt
 *fill*         0x1000006d        0x3 ff
 .data.ssid     0x10000070        0xc ./example/src/esp.o
                0x10000070                ssid
 .data.localIp  0x1000007c        0xc ./example/src/esp.o
                0x1000007c                localIp
 .data.pinNum   0x10000088        0x8 ./example/src/relay.o
                0x10000088                pinNum
 .data.portNum  0x10000090        0x8 ./example/src/relay.o
                0x10000090                portNum
 .data.saves1.3920
                0x10000098        0x4 c:/nxp/lpcxpresso_8.1.4_606/lpcxpresso/tools/bin/../lib/gcc/arm-none-eabi/5.2.1/../../../../arm-none-eabi/lib/armv6-m\libcr_c.a(strtok.o)
                0x1000009c                . = ALIGN (0x4)
                0x1000009c                _edata = .

.igot.plt       0x1000009c        0x0 load address 0x000085a4
 .igot.plt      0x1000009c        0x0 ./freertos/croutine.o

.bss_RAM2       0x20004000        0x0
                [!provide]                PROVIDE (__start_bss_RAM2, .)
 *(.bss.$RAM2*)
 *(.bss.$RamUsb2*)
                0x20004000                . = ALIGN ((. != 0x0)?0x4:0x1)
                [!provide]                PROVIDE (__end_bss_RAM2, .)

.bss            0x1000009c     0x1e40
                0x1000009c                _bss = .
 *(.bss*)
 .bss.xNextFreeByte
                0x1000009c        0x4 ./freertos/heap_1.o
 .bss.ucHeap    0x100000a0     0x189c ./freertos/heap_1.o
 .bss.pucAlignedHeap.6314
                0x1000193c        0x4 ./freertos/heap_1.o
 .bss.xNumOfOverflows
                0x10001940        0x4 ./freertos/tasks.o
 .bss.pxDelayedTaskList
                0x10001944        0x4 ./freertos/tasks.o
 .bss.xSchedulerRunning
                0x10001948        0x4 ./freertos/tasks.o
 .bss.uxTasksDeleted
                0x1000194c        0x4 ./freertos/tasks.o
 .bss.xDelayedTaskList1
                0x10001950       0x14 ./freertos/tasks.o
 .bss.pxOverflowDelayedTaskList
                0x10001964        0x4 ./freertos/tasks.o
 .bss.uxPendedTicks
                0x10001968        0x4 ./freertos/tasks.o
 .bss.pxReadyTasksLists
                0x1000196c       0xa0 ./freertos/tasks.o
 .bss.xTasksWaitingTermination
                0x10001a0c       0x14 ./freertos/tasks.o
 .bss.pxCurrentTCB
                0x10001a20        0x4 ./freertos/tasks.o
                0x10001a20                pxCurrentTCB
 .bss.xPendingReadyList
                0x10001a24       0x14 ./freertos/tasks.o
 .bss.uxSchedulerSuspended
                0x10001a38        0x4 ./freertos/tasks.o
 .bss.xTickCount
                0x10001a3c        0x4 ./freertos/tasks.o
 .bss.xNextTaskUnblockTime
                0x10001a40        0x4 ./freertos/tasks.o
 .bss.uxTaskNumber
                0x10001a44        0x4 ./freertos/tasks.o
 .bss.uxCurrentNumberOfTasks
                0x10001a48        0x4 ./freertos/tasks.o
 .bss.xDelayedTaskList2
                0x10001a4c       0x14 ./freertos/tasks.o
 .bss.xSuspendedTaskList
                0x10001a60       0x14 ./freertos/tasks.o
 .bss.uxTopReadyPriority
                0x10001a74        0x4 ./freertos/tasks.o
 .bss.xYieldPending
                0x10001a78        0x4 ./freertos/tasks.o
 .bss.xUartMsgSem
                0x10001a7c        0x4 ./example/src/cdc_main.o
                0x10001a7c                xUartMsgSem
 .bss.butTaskHandle
                0x10001a80        0x4 ./example/src/cdc_main.o
                0x10001a80                butTaskHandle
 .bss.mainTaskHandle
                0x10001a84        0x4 ./example/src/cdc_main.o
                0x10001a84                mainTaskHandle
 .bss.espTaskHandle
                0x10001a88        0x4 ./example/src/cdc_main.o
                0x10001a88                espTaskHandle
 .bss.xVComMutex
                0x10001a8c        0x4 ./example/src/cdc_vcom_utils.o
                0x10001a8c                xVComMutex
 .bss.g_rxBuff  0x10001a90      0x100 ./example/src/cdc_vcom_utils.o
 .bss.g_hUsb    0x10001b90        0x4 ./example/src/cdc_vcom_utils.o
 .bss.rxring    0x10001b94       0x14 ./example/src/esp.o
 .bss.ssidInd   0x10001ba8        0x1 ./example/src/esp.o
                0x10001ba8                ssidInd
 .bss.txbuff    0x10001ba9       0x40 ./example/src/esp.o
 *fill*         0x10001be9        0x3 
 .bss.txring    0x10001bec       0x14 ./example/src/esp.o
 .bss.rxbuff    0x10001c00       0x40 ./example/src/esp.o
 .bss._extra    0x10001c40        0x4 c:/nxp/lpcxpresso_8.1.4_606/lpcxpresso/tools/bin/../lib/gcc/arm-none-eabi/5.2.1/../../../../arm-none-eabi/lib/armv6-m\libcr_c.a(initio.o)
                0x10001c40                _extra
 .bss.__Ciob    0x10001c44      0x140 c:/nxp/lpcxpresso_8.1.4_606/lpcxpresso/tools/bin/../lib/gcc/arm-none-eabi/5.2.1/../../../../arm-none-eabi/lib/armv6-m\libcr_c.a(stdio.o)
                0x10001c44                __Ciob
 .bss.errno     0x10001d84        0x4 c:/nxp/lpcxpresso_8.1.4_606/lpcxpresso/tools/bin/../lib/gcc/arm-none-eabi/5.2.1/../../../../arm-none-eabi/lib/armv6-m\libcr_c.a(errno.o)
                0x10001d84                errno
 .bss.__heaps   0x10001d88        0x4 c:/nxp/lpcxpresso_8.1.4_606/lpcxpresso/tools/bin/../lib/gcc/arm-none-eabi/5.2.1/../../../../arm-none-eabi/lib/armv6-m\libcr_c.a(__init_alloc.o)
                0x10001d88                __heaps
 .bss.__end_of_heap
                0x10001d8c        0x4 c:/nxp/lpcxpresso_8.1.4_606/lpcxpresso/tools/bin/../lib/gcc/arm-none-eabi/5.2.1/../../../../arm-none-eabi/lib/armv6-m\libcr_c.a(__init_alloc.o)
                0x10001d8c                __end_of_heap
 *(COMMON)
 COMMON         0x10001d90       0x14 ./example/src/cdc_vcom.o
                0x10001d90                g_vCOM
 COMMON         0x10001da4      0x12c ./example/src/cdc_vcom_utils.o
                0x10001da4                tempBufstr
 COMMON         0x10001ed0        0x5 ./example/src/esp.o
                0x10001ed0                xEspMutex
                0x10001ed4                bConnected
 *fill*         0x10001ed5        0x3 
 COMMON         0x10001ed8        0x4 C:\dev\niip-sonar\lpc_chip_11uxx_lib\Debug\liblpc_chip_11uxx_lib.a(chip_11xx.o)
                0x10001ed8                SystemCoreClock
                0x10001edc                . = ALIGN (0x4)
                0x10001edc                _ebss = .
                [!provide]                PROVIDE (end, .)

.noinit_RAM2    0x20004000        0x0
 *(.noinit.$RAM2*)
 *(.noinit.$RamUsb2*)
                0x20004000                . = ALIGN (0x4)

.noinit         0x10001edc        0x0
                0x10001edc                _noinit = .
 *(.noinit*)
                0x10001edc                . = ALIGN (0x4)
                0x10001edc                _end_noinit = .
                0x10001edc                PROVIDE (_pvHeapStart, DEFINED (__user_heap_base)?__user_heap_base:.)
                0x10002000                PROVIDE (_vStackTop, DEFINED (__user_stack_top)?__user_stack_top:(__top_RamLoc8 - 0x0))
                [!provide]                PROVIDE (__valid_user_code_checksum, (0x0 - (((_vStackTop + (ResetISR + 0x1)) + (DEFINED (NMI_Handler)?NMI_Handler:M0_NMI_Handler + 0x1)) + (DEFINED (HardFault_Handler)?HardFault_Handler:M0_HardFault_Handler + 0x1))))
OUTPUT(nxp_lpcxpresso_11u14_usbd_lib_cdc.axf elf32-littlearm)

.debug_info     0x00000000     0xf0d9
 .debug_info    0x00000000      0x1d1 ./freertos/heap_1.o
 .debug_info    0x000001d1      0x2b5 ./freertos/list.o
 .debug_info    0x00000486      0x2b7 ./freertos/port.o
 .debug_info    0x0000073d     0x1239 ./freertos/queue.o
 .debug_info    0x00001976     0x1ddc ./freertos/tasks.o
 .debug_info    0x00003752       0xee ./example/src/cdc_desc.o
 .debug_info    0x00003840      0x714 ./example/src/cdc_main.o
 .debug_info    0x00003f54     0x19a9 ./example/src/cdc_vcom.o
 .debug_info    0x000058fd     0x2127 ./example/src/cdc_vcom_utils.o
 .debug_info    0x00007a24      0x25a ./example/src/cr_startup_lpc11xx.o
 .debug_info    0x00007c7e     0x21c3 ./example/src/esp.o
 .debug_info    0x00009e41      0xfff ./example/src/led_but.o
 .debug_info    0x0000ae40      0x4bb ./example/src/relay.o
 .debug_info    0x0000b2fb       0xd1 ./example/src/sysinit.o
 .debug_info    0x0000b3cc      0x7b4 C:\dev\niip-sonar\nxp_lpcxpresso_11u14_board_lib\Debug\libnxp_lpcxpresso_11u14_board_lib.a(board.o)
 .debug_info    0x0000bb80      0x982 C:\dev\niip-sonar\nxp_lpcxpresso_11u14_board_lib\Debug\libnxp_lpcxpresso_11u14_board_lib.a(board_sysinit.o)
 .debug_info    0x0000c502       0xc2 C:\dev\niip-sonar\lpc_chip_11uxx_lib\Debug\liblpc_chip_11uxx_lib.a(chip_11xx.o)
 .debug_info    0x0000c5c4      0x8de C:\dev\niip-sonar\lpc_chip_11uxx_lib\Debug\liblpc_chip_11uxx_lib.a(clock_11xx.o)
 .debug_info    0x0000cea2      0x973 C:\dev\niip-sonar\lpc_chip_11uxx_lib\Debug\liblpc_chip_11uxx_lib.a(gpio_11xx_1.o)
 .debug_info    0x0000d815      0x155 C:\dev\niip-sonar\lpc_chip_11uxx_lib\Debug\liblpc_chip_11uxx_lib.a(iocon_11xx.o)
 .debug_info    0x0000d96a      0x344 C:\dev\niip-sonar\lpc_chip_11uxx_lib\Debug\liblpc_chip_11uxx_lib.a(ring_buffer.o)
 .debug_info    0x0000dcae      0x583 C:\dev\niip-sonar\lpc_chip_11uxx_lib\Debug\liblpc_chip_11uxx_lib.a(sysctl_11xx.o)
 .debug_info    0x0000e231      0xea8 C:\dev\niip-sonar\lpc_chip_11uxx_lib\Debug\liblpc_chip_11uxx_lib.a(uart_11xx.o)

.debug_abbrev   0x00000000     0x2abf
 .debug_abbrev  0x00000000      0x161 ./freertos/heap_1.o
 .debug_abbrev  0x00000161       0xf2 ./freertos/list.o
 .debug_abbrev  0x00000253      0x1ed ./freertos/port.o
 .debug_abbrev  0x00000440      0x235 ./freertos/queue.o
 .debug_abbrev  0x00000675      0x338 ./freertos/tasks.o
 .debug_abbrev  0x000009ad       0x60 ./example/src/cdc_desc.o
 .debug_abbrev  0x00000a0d      0x1c9 ./example/src/cdc_main.o
 .debug_abbrev  0x00000bd6      0x351 ./example/src/cdc_vcom.o
 .debug_abbrev  0x00000f27      0x3ea ./example/src/cdc_vcom_utils.o
 .debug_abbrev  0x00001311      0x127 ./example/src/cr_startup_lpc11xx.o
 .debug_abbrev  0x00001438      0x4cf ./example/src/esp.o
 .debug_abbrev  0x00001907      0x2c4 ./example/src/led_but.o
 .debug_abbrev  0x00001bcb      0x1ef ./example/src/relay.o
 .debug_abbrev  0x00001dba       0x88 ./example/src/sysinit.o
 .debug_abbrev  0x00001e42      0x238 C:\dev\niip-sonar\nxp_lpcxpresso_11u14_board_lib\Debug\libnxp_lpcxpresso_11u14_board_lib.a(board.o)
 .debug_abbrev  0x0000207a      0x1cf C:\dev\niip-sonar\nxp_lpcxpresso_11u14_board_lib\Debug\libnxp_lpcxpresso_11u14_board_lib.a(board_sysinit.o)
 .debug_abbrev  0x00002249       0x7b C:\dev\niip-sonar\lpc_chip_11uxx_lib\Debug\liblpc_chip_11uxx_lib.a(chip_11xx.o)
 .debug_abbrev  0x000022c4      0x1c0 C:\dev\niip-sonar\lpc_chip_11uxx_lib\Debug\liblpc_chip_11uxx_lib.a(clock_11xx.o)
 .debug_abbrev  0x00002484      0x175 C:\dev\niip-sonar\lpc_chip_11uxx_lib\Debug\liblpc_chip_11uxx_lib.a(gpio_11xx_1.o)
 .debug_abbrev  0x000025f9       0xc8 C:\dev\niip-sonar\lpc_chip_11uxx_lib\Debug\liblpc_chip_11uxx_lib.a(iocon_11xx.o)
 .debug_abbrev  0x000026c1      0x12d C:\dev\niip-sonar\lpc_chip_11uxx_lib\Debug\liblpc_chip_11uxx_lib.a(ring_buffer.o)
 .debug_abbrev  0x000027ee       0xce C:\dev\niip-sonar\lpc_chip_11uxx_lib\Debug\liblpc_chip_11uxx_lib.a(sysctl_11xx.o)
 .debug_abbrev  0x000028bc      0x203 C:\dev\niip-sonar\lpc_chip_11uxx_lib\Debug\liblpc_chip_11uxx_lib.a(uart_11xx.o)

.debug_loc      0x00000000     0x3b62
 .debug_loc     0x00000000       0x49 ./freertos/heap_1.o
 .debug_loc     0x00000049       0x89 ./freertos/list.o
 .debug_loc     0x000000d2       0xb4 ./freertos/port.o
 .debug_loc     0x00000186      0xf52 ./freertos/queue.o
 .debug_loc     0x000010d8     0x135b ./freertos/tasks.o
 .debug_loc     0x00002433       0x63 ./example/src/cdc_main.o
 .debug_loc     0x00002496      0x4a0 ./example/src/cdc_vcom.o
 .debug_loc     0x00002936      0x208 ./example/src/cdc_vcom_utils.o
 .debug_loc     0x00002b3e      0x1d4 ./example/src/cr_startup_lpc11xx.o
 .debug_loc     0x00002d12      0x8f3 ./example/src/esp.o
 .debug_loc     0x00003605      0x38b ./example/src/led_but.o
 .debug_loc     0x00003990      0x1d2 ./example/src/relay.o

.debug_aranges  0x00000000      0x9e0
 .debug_aranges
                0x00000000       0x38 ./freertos/heap_1.o
 .debug_aranges
                0x00000038       0x40 ./freertos/list.o
 .debug_aranges
                0x00000078       0x80 ./freertos/port.o
 .debug_aranges
                0x000000f8       0xd0 ./freertos/queue.o
 .debug_aranges
                0x000001c8      0x168 ./freertos/tasks.o
 .debug_aranges
                0x00000330       0x18 ./example/src/cdc_desc.o
 .debug_aranges
                0x00000348       0x40 ./example/src/cdc_main.o
 .debug_aranges
                0x00000388       0x58 ./example/src/cdc_vcom.o
 .debug_aranges
                0x000003e0       0x48 ./example/src/cdc_vcom_utils.o
 .debug_aranges
                0x00000428       0x60 ./example/src/cr_startup_lpc11xx.o
 .debug_aranges
                0x00000488       0xb8 ./example/src/esp.o
 .debug_aranges
                0x00000540       0x30 ./example/src/led_but.o
 .debug_aranges
                0x00000570       0x38 ./example/src/relay.o
 .debug_aranges
                0x000005a8       0x20 ./example/src/sysinit.o
 .debug_aranges
                0x000005c8       0xd0 C:\dev\niip-sonar\nxp_lpcxpresso_11u14_board_lib\Debug\libnxp_lpcxpresso_11u14_board_lib.a(board.o)
 .debug_aranges
                0x00000698       0x68 C:\dev\niip-sonar\nxp_lpcxpresso_11u14_board_lib\Debug\libnxp_lpcxpresso_11u14_board_lib.a(board_sysinit.o)
 .debug_aranges
                0x00000700       0x20 C:\dev\niip-sonar\lpc_chip_11uxx_lib\Debug\liblpc_chip_11uxx_lib.a(chip_11xx.o)
 .debug_aranges
                0x00000720       0xa0 C:\dev\niip-sonar\lpc_chip_11uxx_lib\Debug\liblpc_chip_11uxx_lib.a(clock_11xx.o)
 .debug_aranges
                0x000007c0       0x78 C:\dev\niip-sonar\lpc_chip_11uxx_lib\Debug\liblpc_chip_11uxx_lib.a(gpio_11xx_1.o)
 .debug_aranges
                0x00000838       0x20 C:\dev\niip-sonar\lpc_chip_11uxx_lib\Debug\liblpc_chip_11uxx_lib.a(iocon_11xx.o)
 .debug_aranges
                0x00000858       0x60 C:\dev\niip-sonar\lpc_chip_11uxx_lib\Debug\liblpc_chip_11uxx_lib.a(ring_buffer.o)
 .debug_aranges
                0x000008b8       0x38 C:\dev\niip-sonar\lpc_chip_11uxx_lib\Debug\liblpc_chip_11uxx_lib.a(sysctl_11xx.o)
 .debug_aranges
                0x000008f0       0xf0 C:\dev\niip-sonar\lpc_chip_11uxx_lib\Debug\liblpc_chip_11uxx_lib.a(uart_11xx.o)

.debug_ranges   0x00000000      0xca0
 .debug_ranges  0x00000000       0x28 ./freertos/heap_1.o
 .debug_ranges  0x00000028       0x30 ./freertos/list.o
 .debug_ranges  0x00000058       0x88 ./freertos/port.o
 .debug_ranges  0x000000e0       0xc0 ./freertos/queue.o
 .debug_ranges  0x000001a0      0x218 ./freertos/tasks.o
 .debug_ranges  0x000003b8       0x30 ./example/src/cdc_main.o
 .debug_ranges  0x000003e8       0xa0 ./example/src/cdc_vcom.o
 .debug_ranges  0x00000488       0xb0 ./example/src/cdc_vcom_utils.o
 .debug_ranges  0x00000538       0x50 ./example/src/cr_startup_lpc11xx.o
 .debug_ranges  0x00000588      0x188 ./example/src/esp.o
 .debug_ranges  0x00000710      0x178 ./example/src/led_but.o
 .debug_ranges  0x00000888       0x80 ./example/src/relay.o
 .debug_ranges  0x00000908       0x10 ./example/src/sysinit.o
 .debug_ranges  0x00000918       0xc0 C:\dev\niip-sonar\nxp_lpcxpresso_11u14_board_lib\Debug\libnxp_lpcxpresso_11u14_board_lib.a(board.o)
 .debug_ranges  0x000009d8       0x58 C:\dev\niip-sonar\nxp_lpcxpresso_11u14_board_lib\Debug\libnxp_lpcxpresso_11u14_board_lib.a(board_sysinit.o)
 .debug_ranges  0x00000a30       0x10 C:\dev\niip-sonar\lpc_chip_11uxx_lib\Debug\liblpc_chip_11uxx_lib.a(chip_11xx.o)
 .debug_ranges  0x00000a40       0x90 C:\dev\niip-sonar\lpc_chip_11uxx_lib\Debug\liblpc_chip_11uxx_lib.a(clock_11xx.o)
 .debug_ranges  0x00000ad0       0x68 C:\dev\niip-sonar\lpc_chip_11uxx_lib\Debug\liblpc_chip_11uxx_lib.a(gpio_11xx_1.o)
 .debug_ranges  0x00000b38       0x10 C:\dev\niip-sonar\lpc_chip_11uxx_lib\Debug\liblpc_chip_11uxx_lib.a(iocon_11xx.o)
 .debug_ranges  0x00000b48       0x50 C:\dev\niip-sonar\lpc_chip_11uxx_lib\Debug\liblpc_chip_11uxx_lib.a(ring_buffer.o)
 .debug_ranges  0x00000b98       0x28 C:\dev\niip-sonar\lpc_chip_11uxx_lib\Debug\liblpc_chip_11uxx_lib.a(sysctl_11xx.o)
 .debug_ranges  0x00000bc0       0xe0 C:\dev\niip-sonar\lpc_chip_11uxx_lib\Debug\liblpc_chip_11uxx_lib.a(uart_11xx.o)

.debug_macro    0x00000000     0x5d85
 .debug_macro   0x00000000      0x237 ./freertos/heap_1.o
 .debug_macro   0x00000237      0x216 ./freertos/list.o
 .debug_macro   0x0000044d      0x25f ./freertos/port.o
 .debug_macro   0x000006ac      0x27f ./freertos/queue.o
 .debug_macro   0x0000092b       0xb0 ./freertos/queue.o
 .debug_macro   0x000009db      0x2c2 ./freertos/tasks.o
 .debug_macro   0x00000c9d       0x10 ./freertos/tasks.o
 .debug_macro   0x00000cad       0xf5 ./example/src/cdc_desc.o
 .debug_macro   0x00000da2       0x7b ./example/src/cdc_desc.o
 .debug_macro   0x00000e1d      0x26c ./example/src/cdc_desc.o
 .debug_macro   0x00001089       0x58 ./example/src/cdc_desc.o
 .debug_macro   0x000010e1       0x12 ./example/src/cdc_desc.o
 .debug_macro   0x000010f3       0xfa ./example/src/cdc_desc.o
 .debug_macro   0x000011ed       0xee ./example/src/cdc_desc.o
 .debug_macro   0x000012db      0x693 ./example/src/cdc_desc.o
 .debug_macro   0x0000196e      0x272 ./example/src/cdc_desc.o
 .debug_macro   0x00001be0       0x10 ./example/src/cdc_desc.o
 .debug_macro   0x00001bf0      0x2f4 ./example/src/cdc_main.o
 .debug_macro   0x00001ee4       0x10 ./example/src/cdc_main.o
 .debug_macro   0x00001ef4      0x121 ./example/src/cdc_main.o
 .debug_macro   0x00002015       0x7f ./example/src/cdc_main.o
 .debug_macro   0x00002094       0x58 ./example/src/cdc_main.o
 .debug_macro   0x000020ec       0x7c ./example/src/cdc_main.o
 .debug_macro   0x00002168       0x40 ./example/src/cdc_main.o
 .debug_macro   0x000021a8      0x256 ./example/src/cdc_vcom.o
 .debug_macro   0x000023fe       0x2e ./example/src/cdc_vcom.o
 .debug_macro   0x0000242c      0x2dd ./example/src/cdc_vcom_utils.o
 .debug_macro   0x00002709       0x26 ./example/src/cr_startup_lpc11xx.o
 .debug_macro   0x0000272f      0x250 ./example/src/esp.o
 .debug_macro   0x0000297f      0x229 ./example/src/led_but.o
 .debug_macro   0x00002ba8      0x220 ./example/src/relay.o
 .debug_macro   0x00002dc8      0x193 ./example/src/sysinit.o
 .debug_macro   0x00002f5b      0x30f C:\dev\niip-sonar\nxp_lpcxpresso_11u14_board_lib\Debug\libnxp_lpcxpresso_11u14_board_lib.a(board.o)
 .debug_macro   0x0000326a      0x838 C:\dev\niip-sonar\nxp_lpcxpresso_11u14_board_lib\Debug\libnxp_lpcxpresso_11u14_board_lib.a(board.o)
 .debug_macro   0x00003aa2       0x22 C:\dev\niip-sonar\nxp_lpcxpresso_11u14_board_lib\Debug\libnxp_lpcxpresso_11u14_board_lib.a(board.o)
 .debug_macro   0x00003ac4       0x44 C:\dev\niip-sonar\nxp_lpcxpresso_11u14_board_lib\Debug\libnxp_lpcxpresso_11u14_board_lib.a(board.o)
 .debug_macro   0x00003b08       0xfd C:\dev\niip-sonar\nxp_lpcxpresso_11u14_board_lib\Debug\libnxp_lpcxpresso_11u14_board_lib.a(board.o)
 .debug_macro   0x00003c05       0x22 C:\dev\niip-sonar\nxp_lpcxpresso_11u14_board_lib\Debug\libnxp_lpcxpresso_11u14_board_lib.a(board.o)
 .debug_macro   0x00003c27      0x1df C:\dev\niip-sonar\nxp_lpcxpresso_11u14_board_lib\Debug\libnxp_lpcxpresso_11u14_board_lib.a(board.o)
 .debug_macro   0x00003e06       0x22 C:\dev\niip-sonar\nxp_lpcxpresso_11u14_board_lib\Debug\libnxp_lpcxpresso_11u14_board_lib.a(board.o)
 .debug_macro   0x00003e28       0x58 C:\dev\niip-sonar\nxp_lpcxpresso_11u14_board_lib\Debug\libnxp_lpcxpresso_11u14_board_lib.a(board.o)
 .debug_macro   0x00003e80       0x35 C:\dev\niip-sonar\nxp_lpcxpresso_11u14_board_lib\Debug\libnxp_lpcxpresso_11u14_board_lib.a(board.o)
 .debug_macro   0x00003eb5       0x9c C:\dev\niip-sonar\nxp_lpcxpresso_11u14_board_lib\Debug\libnxp_lpcxpresso_11u14_board_lib.a(board.o)
 .debug_macro   0x00003f51       0x16 C:\dev\niip-sonar\nxp_lpcxpresso_11u14_board_lib\Debug\libnxp_lpcxpresso_11u14_board_lib.a(board.o)
 .debug_macro   0x00003f67       0x97 C:\dev\niip-sonar\nxp_lpcxpresso_11u14_board_lib\Debug\libnxp_lpcxpresso_11u14_board_lib.a(board.o)
 .debug_macro   0x00003ffe      0x329 C:\dev\niip-sonar\nxp_lpcxpresso_11u14_board_lib\Debug\libnxp_lpcxpresso_11u14_board_lib.a(board.o)
 .debug_macro   0x00004327       0xfd C:\dev\niip-sonar\nxp_lpcxpresso_11u14_board_lib\Debug\libnxp_lpcxpresso_11u14_board_lib.a(board.o)
 .debug_macro   0x00004424       0x10 C:\dev\niip-sonar\nxp_lpcxpresso_11u14_board_lib\Debug\libnxp_lpcxpresso_11u14_board_lib.a(board.o)
 .debug_macro   0x00004434       0x52 C:\dev\niip-sonar\nxp_lpcxpresso_11u14_board_lib\Debug\libnxp_lpcxpresso_11u14_board_lib.a(board.o)
 .debug_macro   0x00004486       0x16 C:\dev\niip-sonar\nxp_lpcxpresso_11u14_board_lib\Debug\libnxp_lpcxpresso_11u14_board_lib.a(board.o)
 .debug_macro   0x0000449c       0x43 C:\dev\niip-sonar\nxp_lpcxpresso_11u14_board_lib\Debug\libnxp_lpcxpresso_11u14_board_lib.a(board.o)
 .debug_macro   0x000044df      0x187 C:\dev\niip-sonar\nxp_lpcxpresso_11u14_board_lib\Debug\libnxp_lpcxpresso_11u14_board_lib.a(board.o)
 .debug_macro   0x00004666       0x10 C:\dev\niip-sonar\nxp_lpcxpresso_11u14_board_lib\Debug\libnxp_lpcxpresso_11u14_board_lib.a(board.o)
 .debug_macro   0x00004676       0x22 C:\dev\niip-sonar\nxp_lpcxpresso_11u14_board_lib\Debug\libnxp_lpcxpresso_11u14_board_lib.a(board.o)
 .debug_macro   0x00004698       0x3a C:\dev\niip-sonar\nxp_lpcxpresso_11u14_board_lib\Debug\libnxp_lpcxpresso_11u14_board_lib.a(board.o)
 .debug_macro   0x000046d2       0x10 C:\dev\niip-sonar\nxp_lpcxpresso_11u14_board_lib\Debug\libnxp_lpcxpresso_11u14_board_lib.a(board.o)
 .debug_macro   0x000046e2       0x40 C:\dev\niip-sonar\nxp_lpcxpresso_11u14_board_lib\Debug\libnxp_lpcxpresso_11u14_board_lib.a(board.o)
 .debug_macro   0x00004722       0x65 C:\dev\niip-sonar\nxp_lpcxpresso_11u14_board_lib\Debug\libnxp_lpcxpresso_11u14_board_lib.a(board.o)
 .debug_macro   0x00004787       0x16 C:\dev\niip-sonar\nxp_lpcxpresso_11u14_board_lib\Debug\libnxp_lpcxpresso_11u14_board_lib.a(board.o)
 .debug_macro   0x0000479d      0x197 C:\dev\niip-sonar\nxp_lpcxpresso_11u14_board_lib\Debug\libnxp_lpcxpresso_11u14_board_lib.a(board.o)
 .debug_macro   0x00004934       0x12 C:\dev\niip-sonar\nxp_lpcxpresso_11u14_board_lib\Debug\libnxp_lpcxpresso_11u14_board_lib.a(board.o)
 .debug_macro   0x00004946      0x2d1 C:\dev\niip-sonar\nxp_lpcxpresso_11u14_board_lib\Debug\libnxp_lpcxpresso_11u14_board_lib.a(board_sysinit.o)
 .debug_macro   0x00004c17       0x16 C:\dev\niip-sonar\nxp_lpcxpresso_11u14_board_lib\Debug\libnxp_lpcxpresso_11u14_board_lib.a(board_sysinit.o)
 .debug_macro   0x00004c2d       0x35 C:\dev\niip-sonar\nxp_lpcxpresso_11u14_board_lib\Debug\libnxp_lpcxpresso_11u14_board_lib.a(board_sysinit.o)
 .debug_macro   0x00004c62      0x15d C:\dev\niip-sonar\lpc_chip_11uxx_lib\Debug\liblpc_chip_11uxx_lib.a(chip_11xx.o)
 .debug_macro   0x00004dbf      0x838 C:\dev\niip-sonar\lpc_chip_11uxx_lib\Debug\liblpc_chip_11uxx_lib.a(chip_11xx.o)
 .debug_macro   0x000055f7      0x15d C:\dev\niip-sonar\lpc_chip_11uxx_lib\Debug\liblpc_chip_11uxx_lib.a(clock_11xx.o)
 .debug_macro   0x00005754      0x15d C:\dev\niip-sonar\lpc_chip_11uxx_lib\Debug\liblpc_chip_11uxx_lib.a(gpio_11xx_1.o)
 .debug_macro   0x000058b1      0x15d C:\dev\niip-sonar\lpc_chip_11uxx_lib\Debug\liblpc_chip_11uxx_lib.a(iocon_11xx.o)
 .debug_macro   0x00005a0e       0x83 C:\dev\niip-sonar\lpc_chip_11uxx_lib\Debug\liblpc_chip_11uxx_lib.a(ring_buffer.o)
 .debug_macro   0x00005a91       0x10 C:\dev\niip-sonar\lpc_chip_11uxx_lib\Debug\liblpc_chip_11uxx_lib.a(ring_buffer.o)
 .debug_macro   0x00005aa1      0x187 C:\dev\niip-sonar\lpc_chip_11uxx_lib\Debug\liblpc_chip_11uxx_lib.a(sysctl_11xx.o)
 .debug_macro   0x00005c28      0x15d C:\dev\niip-sonar\lpc_chip_11uxx_lib\Debug\liblpc_chip_11uxx_lib.a(uart_11xx.o)

.debug_line     0x00000000     0x73dc
 .debug_line    0x00000000      0x4ac ./freertos/heap_1.o
 .debug_line    0x000004ac      0x4ce ./freertos/list.o
 .debug_line    0x0000097a      0x557 ./freertos/port.o
 .debug_line    0x00000ed1      0x8e4 ./freertos/queue.o
 .debug_line    0x000017b5      0xcfe ./freertos/tasks.o
 .debug_line    0x000024b3      0x280 ./example/src/cdc_desc.o
 .debug_line    0x00002733      0x635 ./example/src/cdc_main.o
 .debug_line    0x00002d68      0x5d0 ./example/src/cdc_vcom.o
 .debug_line    0x00003338      0x686 ./example/src/cdc_vcom_utils.o
 .debug_line    0x000039be       0xcc ./example/src/cr_startup_lpc11xx.o
 .debug_line    0x00003a8a      0x778 ./example/src/esp.o
 .debug_line    0x00004202      0x536 ./example/src/led_but.o
 .debug_line    0x00004738      0x524 ./example/src/relay.o
 .debug_line    0x00004c5c      0x325 ./example/src/sysinit.o
 .debug_line    0x00004f81      0x6a8 C:\dev\niip-sonar\nxp_lpcxpresso_11u14_board_lib\Debug\libnxp_lpcxpresso_11u14_board_lib.a(board.o)
 .debug_line    0x00005629      0x5d3 C:\dev\niip-sonar\nxp_lpcxpresso_11u14_board_lib\Debug\libnxp_lpcxpresso_11u14_board_lib.a(board_sysinit.o)
 .debug_line    0x00005bfc      0x2c5 C:\dev\niip-sonar\lpc_chip_11uxx_lib\Debug\liblpc_chip_11uxx_lib.a(chip_11xx.o)
 .debug_line    0x00005ec1      0x433 C:\dev\niip-sonar\lpc_chip_11uxx_lib\Debug\liblpc_chip_11uxx_lib.a(clock_11xx.o)
 .debug_line    0x000062f4      0x3b4 C:\dev\niip-sonar\lpc_chip_11uxx_lib\Debug\liblpc_chip_11uxx_lib.a(gpio_11xx_1.o)
 .debug_line    0x000066a8      0x2c9 C:\dev\niip-sonar\lpc_chip_11uxx_lib\Debug\liblpc_chip_11uxx_lib.a(iocon_11xx.o)
 .debug_line    0x00006971      0x234 C:\dev\niip-sonar\lpc_chip_11uxx_lib\Debug\liblpc_chip_11uxx_lib.a(ring_buffer.o)
 .debug_line    0x00006ba5      0x302 C:\dev\niip-sonar\lpc_chip_11uxx_lib\Debug\liblpc_chip_11uxx_lib.a(sysctl_11xx.o)
 .debug_line    0x00006ea7      0x535 C:\dev\niip-sonar\lpc_chip_11uxx_lib\Debug\liblpc_chip_11uxx_lib.a(uart_11xx.o)

.debug_str      0x00000000    0x1a424
 .debug_str     0x00000000     0xb62c ./freertos/heap_1.o
                               0xb75a (size before relaxing)
 .debug_str     0x0000b62c      0x135 ./freertos/list.o
                               0xafea (size before relaxing)
 .debug_str     0x0000b761      0x3a4 ./freertos/port.o
                               0xb999 (size before relaxing)
 .debug_str     0x0000bb05     0x1193 ./freertos/queue.o
                               0xc9a5 (size before relaxing)
 .debug_str     0x0000cc98     0x16eb ./freertos/tasks.o
                               0xd109 (size before relaxing)
 .debug_str     0x0000e383     0x3d53 ./example/src/cdc_desc.o
                               0x7a90 (size before relaxing)
 .debug_str     0x000120d6      0xc35 ./example/src/cdc_main.o
                              0x109f4 (size before relaxing)
 .debug_str     0x00012d0b     0x12b1 ./example/src/cdc_vcom.o
                               0xd05b (size before relaxing)
 .debug_str     0x00013fbc      0x739 ./example/src/cdc_vcom_utils.o
                              0x11ffa (size before relaxing)
 .debug_str     0x000146f5      0x15c ./example/src/cr_startup_lpc11xx.o
                               0x2542 (size before relaxing)
 .debug_str     0x00014851      0x479 ./example/src/esp.o
                               0xd356 (size before relaxing)
 .debug_str     0x00014cca      0x1c4 ./example/src/led_but.o
                               0xc28f (size before relaxing)
 .debug_str     0x00014e8e       0xf6 ./example/src/relay.o
                               0xb8af (size before relaxing)
 .debug_str     0x00014f84       0x2a ./example/src/sysinit.o
                               0x7fe6 (size before relaxing)
 .debug_str     0x00014fae     0x47df C:\dev\niip-sonar\nxp_lpcxpresso_11u14_board_lib\Debug\libnxp_lpcxpresso_11u14_board_lib.a(board.o)
                               0xb08c (size before relaxing)
 .debug_str     0x0001978d      0x2b8 C:\dev\niip-sonar\nxp_lpcxpresso_11u14_board_lib\Debug\libnxp_lpcxpresso_11u14_board_lib.a(board_sysinit.o)
                               0xb48b (size before relaxing)
 .debug_str     0x00019a45       0x3e C:\dev\niip-sonar\lpc_chip_11uxx_lib\Debug\liblpc_chip_11uxx_lib.a(chip_11xx.o)
                               0x7c37 (size before relaxing)
 .debug_str     0x00019a83      0x427 C:\dev\niip-sonar\lpc_chip_11uxx_lib\Debug\liblpc_chip_11uxx_lib.a(clock_11xx.o)
                               0x8442 (size before relaxing)
 .debug_str     0x00019eaa       0xf7 C:\dev\niip-sonar\lpc_chip_11uxx_lib\Debug\liblpc_chip_11uxx_lib.a(gpio_11xx_1.o)
                               0x82a0 (size before relaxing)
 .debug_str     0x00019fa1       0x1b C:\dev\niip-sonar\lpc_chip_11uxx_lib\Debug\liblpc_chip_11uxx_lib.a(iocon_11xx.o)
                               0x7c5a (size before relaxing)
 .debug_str     0x00019fbc       0xe9 C:\dev\niip-sonar\lpc_chip_11uxx_lib\Debug\liblpc_chip_11uxx_lib.a(ring_buffer.o)
                               0x3ebd (size before relaxing)
 .debug_str     0x0001a0a5      0x18b C:\dev\niip-sonar\lpc_chip_11uxx_lib\Debug\liblpc_chip_11uxx_lib.a(sysctl_11xx.o)
                               0x8045 (size before relaxing)
 .debug_str     0x0001a230      0x1f4 C:\dev\niip-sonar\lpc_chip_11uxx_lib\Debug\liblpc_chip_11uxx_lib.a(uart_11xx.o)
                               0x849b (size before relaxing)

.comment        0x00000000       0xde
 .comment       0x00000000       0x6e ./freertos/heap_1.o
                                 0x6f (size before relaxing)
 .comment       0x0000006e       0x6f ./freertos/list.o
 .comment       0x0000006e       0x6f ./freertos/port.o
 .comment       0x0000006e       0x6f ./freertos/queue.o
 .comment       0x0000006e       0x6f ./freertos/tasks.o
 .comment       0x0000006e       0x6f ./example/src/cdc_desc.o
 .comment       0x0000006e       0x6f ./example/src/cdc_main.o
 .comment       0x0000006e       0x6f ./example/src/cdc_vcom.o
 .comment       0x0000006e       0x6f ./example/src/cdc_vcom_utils.o
 .comment       0x0000006e       0x6f ./example/src/cr_startup_lpc11xx.o
 .comment       0x0000006e       0x6f ./example/src/esp.o
 .comment       0x0000006e       0x6f ./example/src/led_but.o
 .comment       0x0000006e       0x6f ./example/src/relay.o
 .comment       0x0000006e       0x6f ./example/src/sysinit.o
 .comment       0x0000006e       0x6f C:\dev\niip-sonar\nxp_lpcxpresso_11u14_board_lib\Debug\libnxp_lpcxpresso_11u14_board_lib.a(board.o)
 .comment       0x0000006e       0x6f C:\dev\niip-sonar\nxp_lpcxpresso_11u14_board_lib\Debug\libnxp_lpcxpresso_11u14_board_lib.a(board_sysinit.o)
 .comment       0x0000006e       0x6f C:\dev\niip-sonar\lpc_chip_11uxx_lib\Debug\liblpc_chip_11uxx_lib.a(chip_11xx.o)
 .comment       0x0000006e       0x6f C:\dev\niip-sonar\lpc_chip_11uxx_lib\Debug\liblpc_chip_11uxx_lib.a(clock_11xx.o)
 .comment       0x0000006e       0x6f C:\dev\niip-sonar\lpc_chip_11uxx_lib\Debug\liblpc_chip_11uxx_lib.a(gpio_11xx_1.o)
 .comment       0x0000006e       0x6f C:\dev\niip-sonar\lpc_chip_11uxx_lib\Debug\liblpc_chip_11uxx_lib.a(iocon_11xx.o)
 .comment       0x0000006e       0x6f C:\dev\niip-sonar\lpc_chip_11uxx_lib\Debug\liblpc_chip_11uxx_lib.a(ring_buffer.o)
 .comment       0x0000006e       0x6f C:\dev\niip-sonar\lpc_chip_11uxx_lib\Debug\liblpc_chip_11uxx_lib.a(sysctl_11xx.o)
 .comment       0x0000006e       0x6f C:\dev\niip-sonar\lpc_chip_11uxx_lib\Debug\liblpc_chip_11uxx_lib.a(uart_11xx.o)