Archive member included to satisfy reference by file (symbol)

D:\dev\sonar\sonar-niip\nxp_lpcxpresso_11u14_board_lib\Debug\libnxp_lpcxpresso_11u14_board_lib.a(board.o)
                              ./example/src/cdc_main.o (Board_Init)
D:\dev\sonar\sonar-niip\nxp_lpcxpresso_11u14_board_lib\Debug\libnxp_lpcxpresso_11u14_board_lib.a(board_sysinit.o)
                              ./example/src/sysinit.o (Board_SystemInit)
D:\dev\sonar\sonar-niip\lpc_chip_11uxx_lib\Debug\liblpc_chip_11uxx_lib.a(chip_11xx.o)
                              ./freertos/port.o (SystemCoreClock)
D:\dev\sonar\sonar-niip\lpc_chip_11uxx_lib\Debug\liblpc_chip_11uxx_lib.a(clock_11xx.o)
                              D:\dev\sonar\sonar-niip\nxp_lpcxpresso_11u14_board_lib\Debug\libnxp_lpcxpresso_11u14_board_lib.a(board_sysinit.o) (Chip_Clock_SetSystemPLLSource)
D:\dev\sonar\sonar-niip\lpc_chip_11uxx_lib\Debug\liblpc_chip_11uxx_lib.a(gpio_11xx_1.o)
                              D:\dev\sonar\sonar-niip\nxp_lpcxpresso_11u14_board_lib\Debug\libnxp_lpcxpresso_11u14_board_lib.a(board.o) (Chip_GPIO_Init)
D:\dev\sonar\sonar-niip\lpc_chip_11uxx_lib\Debug\liblpc_chip_11uxx_lib.a(iocon_11xx.o)
                              ./example/src/esp.o (Chip_IOCON_PinMuxSet)
D:\dev\sonar\sonar-niip\lpc_chip_11uxx_lib\Debug\liblpc_chip_11uxx_lib.a(ring_buffer.o)
                              ./example/src/esp.o (RingBuffer_Init)
D:\dev\sonar\sonar-niip\lpc_chip_11uxx_lib\Debug\liblpc_chip_11uxx_lib.a(sysctl_11xx.o)
                              D:\dev\sonar\sonar-niip\nxp_lpcxpresso_11u14_board_lib\Debug\libnxp_lpcxpresso_11u14_board_lib.a(board_sysinit.o) (Chip_SYSCTL_PowerDown)
D:\dev\sonar\sonar-niip\lpc_chip_11uxx_lib\Debug\liblpc_chip_11uxx_lib.a(uart_11xx.o)
                              ./example/src/esp.o (Chip_UART_Init)
D:\dev\sonar\sonar-niip\lpc_chip_11uxx_lib\libs\libusbd_11uxx_lib.a(mw_usbd_rom_api.o)
                              ./example/src/cdc_vcom_utils.o (cdc_api)
D:\dev\sonar\sonar-niip\lpc_chip_11uxx_lib\libs\libusbd_11uxx_lib.a(hw_usbd_ip3511.o)
                              D:\dev\sonar\sonar-niip\lpc_chip_11uxx_lib\libs\libusbd_11uxx_lib.a(mw_usbd_rom_api.o) (hwUSB_ForceFullSpeed)
D:\dev\sonar\sonar-niip\lpc_chip_11uxx_lib\libs\libusbd_11uxx_lib.a(mw_usbd_cdcuser.o)
                              D:\dev\sonar\sonar-niip\lpc_chip_11uxx_lib\libs\libusbd_11uxx_lib.a(mw_usbd_rom_api.o) (mwCDC_SendNotification)
D:\dev\sonar\sonar-niip\lpc_chip_11uxx_lib\libs\libusbd_11uxx_lib.a(mw_usbd_core.o)
                              D:\dev\sonar\sonar-niip\lpc_chip_11uxx_lib\libs\libusbd_11uxx_lib.a(hw_usbd_ip3511.o) (mwUSB_ResetCore)
D:\dev\sonar\sonar-niip\lpc_chip_11uxx_lib\libs\libusbd_11uxx_lib.a(mw_usbd_dfuuser.o)
                              D:\dev\sonar\sonar-niip\lpc_chip_11uxx_lib\libs\libusbd_11uxx_lib.a(mw_usbd_rom_api.o) (mwDFU_GetMemSize)
D:\dev\sonar\sonar-niip\lpc_chip_11uxx_lib\libs\libusbd_11uxx_lib.a(mw_usbd_hiduser.o)
                              D:\dev\sonar\sonar-niip\lpc_chip_11uxx_lib\libs\libusbd_11uxx_lib.a(mw_usbd_rom_api.o) (mwHID_GetMemSize)
D:\dev\sonar\sonar-niip\lpc_chip_11uxx_lib\libs\libusbd_11uxx_lib.a(mw_usbd_mscuser.o)
                              D:\dev\sonar\sonar-niip\lpc_chip_11uxx_lib\libs\libusbd_11uxx_lib.a(mw_usbd_rom_api.o) (mwMSC_GetMemSize)
c:/nxp/lpcxpresso_8.2.0_647/lpcxpresso/tools/bin/../lib/gcc/arm-none-eabi/5.3.1/../../../../arm-none-eabi/lib/armv6-m\libcr_nohost.a(_cr__main.o)
                              ./example/src/cr_startup_lpc11xx.o (__main)
c:/nxp/lpcxpresso_8.2.0_647/lpcxpresso/tools/bin/../lib/gcc/arm-none-eabi/5.3.1/../../../../arm-none-eabi/lib/armv6-m\libcr_c.a(memcpy.o)
                              ./freertos/queue.o (memcpy)
c:/nxp/lpcxpresso_8.2.0_647/lpcxpresso/tools/bin/../lib/gcc/arm-none-eabi/5.3.1/../../../../arm-none-eabi/lib/armv6-m\libcr_c.a(memset.o)
                              ./freertos/tasks.o (memset)
c:/nxp/lpcxpresso_8.2.0_647/lpcxpresso/tools/bin/../lib/gcc/arm-none-eabi/5.3.1/../../../../arm-none-eabi/lib/armv6-m\libcr_c.a(fpprintf.o)
                              ./example/src/cdc_main.o (sprintf)
c:/nxp/lpcxpresso_8.2.0_647/lpcxpresso/tools/bin/../lib/gcc/arm-none-eabi/5.3.1/../../../../arm-none-eabi/lib/armv6-m\libcr_c.a(initio.o)
                              c:/nxp/lpcxpresso_8.2.0_647/lpcxpresso/tools/bin/../lib/gcc/arm-none-eabi/5.3.1/../../../../arm-none-eabi/lib/armv6-m\libcr_nohost.a(_cr__main.o) (_initio)
c:/nxp/lpcxpresso_8.2.0_647/lpcxpresso/tools/bin/../lib/gcc/arm-none-eabi/5.3.1/../../../../arm-none-eabi/lib/armv6-m\libcr_c.a(memchr.o)
                              ./example/src/esp.o (memchr)
c:/nxp/lpcxpresso_8.2.0_647/lpcxpresso/tools/bin/../lib/gcc/arm-none-eabi/5.3.1/../../../../arm-none-eabi/lib/armv6-m\libcr_c.a(memcmp.o)
                              ./example/src/esp.o (memcmp)
[...]
Memory Configuration

Name             Origin             Length             Attributes
MFlash32         0x00000000         0x00008000         xr
RamLoc8          0x10000000         0x00002000         xrw
RamUsb2          0x20004000         0x00000800         xrw
*default*        0x00000000         0xffffffff

Linker script and memory map

LOAD ./freertos/croutine.o
LOAD ./freertos/event_groups.o
LOAD ./freertos/heap_1.o
LOAD ./freertos/list.o
LOAD ./freertos/port.o
LOAD ./freertos/queue.o
LOAD ./freertos/tasks.o
LOAD ./freertos/timers.o
LOAD ./example/src/cdc_desc.o
LOAD ./example/src/cdc_main.o
LOAD ./example/src/cdc_vcom.o
LOAD ./example/src/cdc_vcom_utils.o
LOAD ./example/src/cr_startup_lpc11xx.o
LOAD ./example/src/esp.o
LOAD ./example/src/led_but.o
LOAD ./example/src/relay.o
LOAD ./example/src/sysinit.o
LOAD D:\dev\sonar\sonar-niip\nxp_lpcxpresso_11u14_board_lib\Debug\libnxp_lpcxpresso_11u14_board_lib.a
LOAD D:\dev\sonar\sonar-niip\lpc_chip_11uxx_lib\Debug\liblpc_chip_11uxx_lib.a
LOAD D:\dev\sonar\sonar-niip\lpc_chip_11uxx_lib\libs\libusbd_11uxx_lib.a
START GROUP
LOAD c:/nxp/lpcxpresso_8.2.0_647/lpcxpresso/tools/bin/../lib/gcc/arm-none-eabi/5.3.1/../../../../arm-none-eabi/lib/armv6-m\libcr_nohost.a
LOAD c:/nxp/lpcxpresso_8.2.0_647/lpcxpresso/tools/bin/../lib/gcc/arm-none-eabi/5.3.1/../../../../arm-none-eabi/lib/armv6-m\libcr_c.a
LOAD c:/nxp/lpcxpresso_8.2.0_647/lpcxpresso/tools/bin/../lib/gcc/arm-none-eabi/5.3.1/armv6-m\libcr_eabihelpers.a
END GROUP
                0x00000000                __base_MFlash32 = 0x0
                0x00000000                __base_Flash = 0x0
                0x00008000                __top_MFlash32 = 0x8000
                0x00008000                __top_Flash = 0x8000
                0x10000000                __base_RamLoc8 = 0x10000000
                0x10000000                __base_RAM = 0x10000000
                0x10002000                __top_RamLoc8 = 0x10002000
                0x10002000                __top_RAM = 0x10002000
                0x20004000                __base_RamUsb2 = 0x20004000
                0x20004000                __base_RAM2 = 0x20004000
                0x20004800                __top_RamUsb2 = 0x20004800
                0x20004800                __top_RAM2 = 0x20004800

.text           0x00000000     0x7960
 FILL mask 0xff
                0x00000000                __vectors_start__ = ABSOLUTE (.)
 *(.isr_vector)
 .isr_vector    0x00000000       0xc0 ./example/src/cr_startup_lpc11xx.o
                0x00000000                g_pfnVectors
                0x000000c0                . = ALIGN (0x4)
                0x000000c0                __section_table_start = .
                0x000000c0                __data_section_table = .
                0x000000c0        0x4 LONG 0x7960 LOADADDR (.data)
                0x000000c4        0x4 LONG 0x10000000 ADDR (.data)
                0x000000c8        0x4 LONG 0x68 SIZEOF (.data)
                0x000000cc        0x4 LONG 0x7960 LOADADDR (.data_RAM2)
                0x000000d0        0x4 LONG 0x20004000 ADDR (.data_RAM2)
                0x000000d4        0x4 LONG 0x0 SIZEOF (.data_RAM2)
                0x000000d8                __data_section_table_end = .
                0x000000d8                __bss_section_table = .
                0x000000d8        0x4 LONG 0x10000068 ADDR (.bss)
                0x000000dc        0x4 LONG 0x1e48 SIZEOF (.bss)
                0x000000e0        0x4 LONG 0x20004000 ADDR (.bss_RAM2)
                0x000000e4        0x4 LONG 0x0 SIZEOF (.bss_RAM2)
                0x000000e8                __bss_section_table_end = .
                0x000000e8                __section_table_end = .
 *(.after_vectors*)
 .after_vectors
                0x000000e8       0x70 ./example/src/cr_startup_lpc11xx.o
                0x000000e8                NMI_Handler
                0x000000ea                HardFault_Handler
                0x000000f2                TIMER16_0_IRQHandler
                0x000000f2                TIMER32_0_IRQHandler
                0x000000f2                FLEX_INT7_IRQHandler
                0x000000f2                FMC_IRQHandler
                0x000000f2                TIMER32_1_IRQHandler
                0x000000f2                IntDefaultHandler
                0x000000f2                SSP0_IRQHandler
                0x000000f2                USBWakeup_IRQHandler
                0x000000f2                FLEX_INT6_IRQHandler
                0x000000f2                FLEX_INT2_IRQHandler
                0x000000f2                TIMER16_1_IRQHandler
                0x000000f2                USB_FIQHandler
                0x000000f2                FLEX_INT5_IRQHandler
                0x000000f2                ADC_IRQHandler
                0x000000f2                SSP1_IRQHandler
                0x000000f2                FLEX_INT3_IRQHandler
                0x000000f2                BOD_IRQHandler
                0x000000f2                I2C_IRQHandler
                0x000000f2                WDT_IRQHandler
                0x000000f2                GINT0_IRQHandler
                0x000000f2                FLEX_INT4_IRQHandler
                0x000000f2                GINT1_IRQHandler
                0x000000f4                data_init
                0x00000106                bss_init
                0x00000116                ResetISR
 *(.text*)
 .text.pvPortMalloc
                0x00000158       0x5c ./freertos/heap_1.o
                0x00000158                pvPortMalloc
 .text.vPortFree
                0x000001b4        0xa ./freertos/heap_1.o
                0x000001b4                vPortFree
 .text.vListInitialise
                0x000001be       0x16 ./freertos/list.o
                0x000001be                vListInitialise
 .text.vListInitialiseItem
                0x000001d4        0x6 ./freertos/list.o
                0x000001d4                vListInitialiseItem
 .text.vListInsertEnd
                0x000001da       0x18 ./freertos/list.o
                0x000001da                vListInsertEnd
 .text.vListInsert
                0x000001f2       0x30 ./freertos/list.o
                0x000001f2                vListInsert
 .text.uxListRemove
                0x00000222       0x20 ./freertos/list.o
                0x00000222                uxListRemove
 *fill*         0x00000242        0x2 ff
 .text.prvTaskExitError
                0x00000244       0x14 ./freertos/port.o
 .text.vPortStartFirstTask
                0x00000258       0x20 ./freertos/port.o
 .text.pxPortInitialiseStack
                0x00000278       0x20 ./freertos/port.o
                0x00000278                pxPortInitialiseStack
 .text.SVC_Handler
                0x00000298        0x2 ./freertos/port.o
                0x00000298                SVC_Handler
 *fill*         0x0000029a        0x2 ff
 .text.xPortStartScheduler
                0x0000029c       0x54 ./freertos/port.o
                0x0000029c                xPortStartScheduler
 .text.vPortYield
                0x000002f0       0x18 ./freertos/port.o
                0x000002f0                vPortYield
 .text.vPortEnterCritical
                0x00000308       0x18 ./freertos/port.o
                0x00000308                vPortEnterCritical
 .text.vPortExitCritical
                0x00000320       0x1c ./freertos/port.o
                0x00000320                vPortExitCritical
 .text.ulSetInterruptMaskFromISR
                0x0000033c        0xa ./freertos/port.o
                0x0000033c                ulSetInterruptMaskFromISR
 .text.vClearInterruptMaskFromISR
                0x00000346        0x6 ./freertos/port.o
                0x00000346                vClearInterruptMaskFromISR
 .text.PendSV_Handler
                0x0000034c       0x44 ./freertos/port.o
                0x0000034c                PendSV_Handler
 .text.SysTick_Handler
                0x00000390       0x24 ./freertos/port.o
                0x00000390                SysTick_Handler
 .text.unlikely.prvCopyDataToQueue
                0x000003b4       0x72 ./freertos/queue.o
 .text.unlikely.prvCopyDataFromQueue
                0x00000426       0x24 ./freertos/queue.o
 .text.prvUnlockQueue
                0x0000044a       0x6a ./freertos/queue.o
 .text.xQueueGenericReset
                0x000004b4       0x66 ./freertos/queue.o
                0x000004b4                xQueueGenericReset
 .text.xQueueGenericCreate
                0x0000051a       0x48 ./freertos/queue.o
                0x0000051a                xQueueGenericCreate
 .text.xQueueGenericSend
                0x00000562      0x10a ./freertos/queue.o
                0x00000562                xQueueGenericSend
 .text.xQueueCreateMutex
                0x0000066c       0x42 ./freertos/queue.o
                0x0000066c                xQueueCreateMutex
 .text.xQueueGiveFromISR
                0x000006ae       0x76 ./freertos/queue.o
                0x000006ae                xQueueGiveFromISR
 .text.xQueueGenericReceive
                0x00000724      0x132 ./freertos/queue.o
                0x00000724                xQueueGenericReceive
 *fill*         0x00000856        0x2 ff
 .text.prvResetNextTaskUnblockTime
                0x00000858       0x28 ./freertos/tasks.o
 .text.prvAddCurrentTaskToDelayedList
                0x00000880       0x4c ./freertos/tasks.o
 .text.xTaskGenericCreate.part.3
                0x000008cc      0x198 ./freertos/tasks.o
 .text.xTaskGenericCreate
                0x00000a64       0x28 ./freertos/tasks.o
                0x00000a64                xTaskGenericCreate
 .text.vTaskStartScheduler
                0x00000a8c       0x50 ./freertos/tasks.o
                0x00000a8c                vTaskStartScheduler
 .text.vTaskSuspendAll
                0x00000adc       0x10 ./freertos/tasks.o
                0x00000adc                vTaskSuspendAll
 .text.pcTaskGetTaskName
                0x00000aec       0x18 ./freertos/tasks.o
                0x00000aec                pcTaskGetTaskName
 .text.xTaskIncrementTick
                0x00000b04      0x104 ./freertos/tasks.o
                0x00000b04                xTaskIncrementTick
 .text.xTaskResumeAll
                0x00000c08       0xd0 ./freertos/tasks.o
                0x00000c08                xTaskResumeAll
 .text.vTaskDelay
                0x00000cd8       0x48 ./freertos/tasks.o
                0x00000cd8                vTaskDelay
 .text.prvIdleTask
                0x00000d20       0x68 ./freertos/tasks.o
 .text.vTaskSwitchContext
                0x00000d88       0xa4 ./freertos/tasks.o
                0x00000d88                vTaskSwitchContext
 .text.vTaskPlaceOnEventList
                0x00000e2c       0x48 ./freertos/tasks.o
                0x00000e2c                vTaskPlaceOnEventList
 .text.xTaskRemoveFromEventList
                0x00000e74       0x78 ./freertos/tasks.o
                0x00000e74                xTaskRemoveFromEventList
 .text.vTaskSetTimeOutState
                0x00000eec       0x20 ./freertos/tasks.o
                0x00000eec                vTaskSetTimeOutState
 .text.xTaskCheckForTimeOut
                0x00000f0c       0x60 ./freertos/tasks.o
                0x00000f0c                xTaskCheckForTimeOut
 .text.vTaskMissedYield
                0x00000f6c        0xc ./freertos/tasks.o
                0x00000f6c                vTaskMissedYield
 .text.xTaskGetCurrentTaskHandle
                0x00000f78        0xc ./freertos/tasks.o
                0x00000f78                xTaskGetCurrentTaskHandle
 .text.vTaskPriorityInherit
                0x00000f84       0x6c ./freertos/tasks.o
                0x00000f84                vTaskPriorityInherit
 .text.xTaskPriorityDisinherit
                0x00000ff0       0x6c ./freertos/tasks.o
                0x00000ff0                xTaskPriorityDisinherit
 .text.pvTaskIncrementMutexHeldCount
                0x0000105c       0x18 ./freertos/tasks.o
                0x0000105c                pvTaskIncrementMutexHeldCount
 .text.xTaskNotifyWait
                0x00001074       0x9c ./freertos/tasks.o
                0x00001074                xTaskNotifyWait
 .text.xTaskGenericNotify
                0x00001110       0xa8 ./freertos/tasks.o
                0x00001110                xTaskGenericNotify
 .text.xTaskGenericNotifyFromISR
                0x000011b8       0xcc ./freertos/tasks.o
                0x000011b8                xTaskGenericNotifyFromISR
 .text.vMainTask
                0x00001284       0x3c ./example/src/cdc_main.o
 .text.startup.main
                0x000012c0       0xbc ./example/src/cdc_main.o
                0x000012c0                main
 .text.vApplicationMallocFailedHook
                0x0000137c        0x4 ./example/src/cdc_main.o
                0x0000137c                vApplicationMallocFailedHook
 .text.vApplicationStackOverflowHook
                0x00001380       0x10 ./example/src/cdc_main.o
                0x00001380                vApplicationStackOverflowHook
 .text.VCOM_bulk_in_hdlr
                0x00001390       0x10 ./example/src/cdc_vcom.o
 .text.VCOM_SetLineCode
                0x000013a0       0x10 ./example/src/cdc_vcom.o
 .text.VCOM_bulk_out_hdlr
                0x000013b0       0x78 ./example/src/cdc_vcom.o
 .text.vcom_init
                0x00001428       0xb8 ./example/src/cdc_vcom.o
                0x00001428                vcom_init
 .text.vcom_bread
                0x000014e0       0x58 ./example/src/cdc_vcom.o
                0x000014e0                vcom_bread
 .text.vcom_write
                0x00001538       0x4c ./example/src/cdc_vcom.o
                0x00001538                vcom_write
 .text.USB_IRQHandler
                0x00001584       0x1c ./example/src/cdc_vcom_utils.o
                0x00001584                USB_IRQHandler
 .text.find_IntfDesc
                0x000015a0       0x1a ./example/src/cdc_vcom_utils.o
                0x000015a0                find_IntfDesc
 *fill*         0x000015ba        0x2 ff
 .text.initCdcVcom
                0x000015bc       0xc8 ./example/src/cdc_vcom_utils.o
                0x000015bc                initCdcVcom
 .text.vcomPrintf
                0x00001684       0x6c ./example/src/cdc_vcom_utils.o
                0x00001684                vcomPrintf
 .text.vcomPrintfLen
                0x000016f0       0x14 ./example/src/cdc_vcom_utils.o
                0x000016f0                vcomPrintfLen
 .text.vVcomTask
                0x00001704       0xcc ./example/src/cdc_vcom_utils.o
                0x00001704                vVcomTask
 .text.espReadStringByChar
                0x000017d0      0x158 ./example/src/esp.o
 .text.UART_IRQHandler
                0x00001928       0x38 ./example/src/esp.o
                0x00001928                UART_IRQHandler
 .text.initUart
                0x00001960       0x98 ./example/src/esp.o
                0x00001960                initUart
 .text.lockEsp  0x000019f8       0x18 ./example/src/esp.o
                0x000019f8                lockEsp
 .text.vEspTask
                0x00001a10      0x17c ./example/src/esp.o
                0x00001a10                vEspTask
 .text.pushButtonIrqHandler
                0x00001b8c       0x34 ./example/src/led_but.o
                0x00001b8c                pushButtonIrqHandler
 .text.FLEX_INT0_IRQHandler
                0x00001bc0        0x8 ./example/src/led_but.o
                0x00001bc0                FLEX_INT0_IRQHandler
 .text.FLEX_INT1_IRQHandler
                0x00001bc8        0x8 ./example/src/led_but.o
                0x00001bc8                FLEX_INT1_IRQHandler
 .text.vLedTask
                0x00001bd0       0xe8 ./example/src/led_but.o
                0x00001bd0                vLedTask
 .text.initRelayPins
                0x00001cb8       0x6c ./example/src/relay.o
                0x00001cb8                initRelayPins
 .text.SystemInit
                0x00001d24        0x8 ./example/src/sysinit.o
                0x00001d24                SystemInit
 .text.Chip_GPIO_SetPinDIROutput
                0x00001d2c       0x50 D:\dev\sonar\sonar-niip\nxp_lpcxpresso_11u14_board_lib\Debug\libnxp_lpcxpresso_11u14_board_lib.a(board.o)
 .text.Board_LED_Init
                0x00001d7c       0x18 D:\dev\sonar\sonar-niip\nxp_lpcxpresso_11u14_board_lib\Debug\libnxp_lpcxpresso_11u14_board_lib.a(board.o)
 .text.Board_Init
                0x00001d94       0x18 D:\dev\sonar\sonar-niip\nxp_lpcxpresso_11u14_board_lib\Debug\libnxp_lpcxpresso_11u14_board_lib.a(board.o)
                0x00001d94                Board_Init
 .text.Chip_FMC_SetFLASHAccess
                0x00001dac       0x30 D:\dev\sonar\sonar-niip\nxp_lpcxpresso_11u14_board_lib\Debug\libnxp_lpcxpresso_11u14_board_lib.a(board_sysinit.o)
 .text.Chip_Clock_SetupSystemPLL
                0x00001ddc       0x38 D:\dev\sonar\sonar-niip\nxp_lpcxpresso_11u14_board_lib\Debug\libnxp_lpcxpresso_11u14_board_lib.a(board_sysinit.o)
 .text.Chip_Clock_IsSystemPLLLocked
                0x00001e14       0x1c D:\dev\sonar\sonar-niip\nxp_lpcxpresso_11u14_board_lib\Debug\libnxp_lpcxpresso_11u14_board_lib.a(board_sysinit.o)
 .text.Chip_Clock_SetupUSBPLL
                0x00001e30       0x38 D:\dev\sonar\sonar-niip\nxp_lpcxpresso_11u14_board_lib\Debug\libnxp_lpcxpresso_11u14_board_lib.a(board_sysinit.o)
 .text.Chip_Clock_IsUSBPLLLocked
                0x00001e68       0x1c D:\dev\sonar\sonar-niip\nxp_lpcxpresso_11u14_board_lib\Debug\libnxp_lpcxpresso_11u14_board_lib.a(board_sysinit.o)
 .text.Chip_Clock_SetSysClockDiv
                0x00001e84       0x1c D:\dev\sonar\sonar-niip\nxp_lpcxpresso_11u14_board_lib\Debug\libnxp_lpcxpresso_11u14_board_lib.a(board_sysinit.o)
 .text.Chip_Clock_EnablePeriphClock
                0x00001ea0       0x30 D:\dev\sonar\sonar-niip\nxp_lpcxpresso_11u14_board_lib\Debug\libnxp_lpcxpresso_11u14_board_lib.a(board_sysinit.o)
 .text.SystemSetupClocking
                0x00001ed0       0x94 D:\dev\sonar\sonar-niip\nxp_lpcxpresso_11u14_board_lib\Debug\libnxp_lpcxpresso_11u14_board_lib.a(board_sysinit.o)
 .text.SystemSetupMuxing
                0x00001f64       0x58 D:\dev\sonar\sonar-niip\nxp_lpcxpresso_11u14_board_lib\Debug\libnxp_lpcxpresso_11u14_board_lib.a(board_sysinit.o)
 .text.Board_SystemInit
                0x00001fbc       0x14 D:\dev\sonar\sonar-niip\nxp_lpcxpresso_11u14_board_lib\Debug\libnxp_lpcxpresso_11u14_board_lib.a(board_sysinit.o)
                0x00001fbc                Board_SystemInit
 .text.SystemCoreClockUpdate
                0x00001fd0       0x18 D:\dev\sonar\sonar-niip\lpc_chip_11uxx_lib\Debug\liblpc_chip_11uxx_lib.a(chip_11xx.o)
                0x00001fd0                SystemCoreClockUpdate
 .text.Chip_Clock_GetMainOscRate
                0x00001fe8       0x14 D:\dev\sonar\sonar-niip\lpc_chip_11uxx_lib\Debug\liblpc_chip_11uxx_lib.a(clock_11xx.o)
 .text.Chip_Clock_GetIntOscRate
                0x00001ffc       0x10 D:\dev\sonar\sonar-niip\lpc_chip_11uxx_lib\Debug\liblpc_chip_11uxx_lib.a(clock_11xx.o)
 .text.Chip_Clock_GetWDTLFORate
                0x0000200c       0x48 D:\dev\sonar\sonar-niip\lpc_chip_11uxx_lib\Debug\liblpc_chip_11uxx_lib.a(clock_11xx.o)
 .text.Chip_Clock_GetPLLFreq
                0x00002054       0x24 D:\dev\sonar\sonar-niip\lpc_chip_11uxx_lib\Debug\liblpc_chip_11uxx_lib.a(clock_11xx.o)
 .text.Chip_Clock_SetSystemPLLSource
                0x00002078       0x2c D:\dev\sonar\sonar-niip\lpc_chip_11uxx_lib\Debug\liblpc_chip_11uxx_lib.a(clock_11xx.o)
                0x00002078                Chip_Clock_SetSystemPLLSource
 .text.Chip_Clock_SetUSBPLLSource
                0x000020a4       0x2c D:\dev\sonar\sonar-niip\lpc_chip_11uxx_lib\Debug\liblpc_chip_11uxx_lib.a(clock_11xx.o)
                0x000020a4                Chip_Clock_SetUSBPLLSource
 .text.Chip_Clock_SetMainClockSource
                0x000020d0       0x2c D:\dev\sonar\sonar-niip\lpc_chip_11uxx_lib\Debug\liblpc_chip_11uxx_lib.a(clock_11xx.o)
                0x000020d0                Chip_Clock_SetMainClockSource
 .text.Chip_Clock_SetUSBClockSource
                0x000020fc       0x3c D:\dev\sonar\sonar-niip\lpc_chip_11uxx_lib\Debug\liblpc_chip_11uxx_lib.a(clock_11xx.o)
                0x000020fc                Chip_Clock_SetUSBClockSource
 .text.Chip_Clock_GetWDTOSCRate
                0x00002138       0x1c D:\dev\sonar\sonar-niip\lpc_chip_11uxx_lib\Debug\liblpc_chip_11uxx_lib.a(clock_11xx.o)
                0x00002138                Chip_Clock_GetWDTOSCRate
 .text.Chip_Clock_GetSystemPLLInClockRate
                0x00002154       0x40 D:\dev\sonar\sonar-niip\lpc_chip_11uxx_lib\Debug\liblpc_chip_11uxx_lib.a(clock_11xx.o)
                0x00002154                Chip_Clock_GetSystemPLLInClockRate
 .text.Chip_Clock_GetSystemPLLOutClockRate
                0x00002194       0x24 D:\dev\sonar\sonar-niip\lpc_chip_11uxx_lib\Debug\liblpc_chip_11uxx_lib.a(clock_11xx.o)
                0x00002194                Chip_Clock_GetSystemPLLOutClockRate
 .text.Chip_Clock_GetMainClockRate
                0x000021b8       0x60 D:\dev\sonar\sonar-niip\lpc_chip_11uxx_lib\Debug\liblpc_chip_11uxx_lib.a(clock_11xx.o)
                0x000021b8                Chip_Clock_GetMainClockRate
 .text.Chip_Clock_GetSystemClockRate
                0x00002218       0x24 D:\dev\sonar\sonar-niip\lpc_chip_11uxx_lib\Debug\liblpc_chip_11uxx_lib.a(clock_11xx.o)
                0x00002218                Chip_Clock_GetSystemClockRate
 .text.Chip_Clock_EnablePeriphClock
                0x0000223c       0x30 D:\dev\sonar\sonar-niip\lpc_chip_11uxx_lib\Debug\liblpc_chip_11uxx_lib.a(gpio_11xx_1.o)
 .text.Chip_GPIO_Init
                0x0000226c       0x18 D:\dev\sonar\sonar-niip\lpc_chip_11uxx_lib\Debug\liblpc_chip_11uxx_lib.a(gpio_11xx_1.o)
                0x0000226c                Chip_GPIO_Init
 .text.Chip_IOCON_PinMuxSet
                0x00002284       0x50 D:\dev\sonar\sonar-niip\lpc_chip_11uxx_lib\Debug\liblpc_chip_11uxx_lib.a(iocon_11xx.o)
                0x00002284                Chip_IOCON_PinMuxSet
 .text.RingBuffer_GetCount
                0x000022d4       0x20 D:\dev\sonar\sonar-niip\lpc_chip_11uxx_lib\Debug\liblpc_chip_11uxx_lib.a(ring_buffer.o)
 .text.RingBuffer_IsFull
                0x000022f4       0x2c D:\dev\sonar\sonar-niip\lpc_chip_11uxx_lib\Debug\liblpc_chip_11uxx_lib.a(ring_buffer.o)
 .text.RingBuffer_IsEmpty
                0x00002320       0x24 D:\dev\sonar\sonar-niip\lpc_chip_11uxx_lib\Debug\liblpc_chip_11uxx_lib.a(ring_buffer.o)
 .text.RingBuffer_Init
                0x00002344       0x38 D:\dev\sonar\sonar-niip\lpc_chip_11uxx_lib\Debug\liblpc_chip_11uxx_lib.a(ring_buffer.o)
                0x00002344                RingBuffer_Init
 .text.RingBuffer_Insert
                0x0000237c       0x5c D:\dev\sonar\sonar-niip\lpc_chip_11uxx_lib\Debug\liblpc_chip_11uxx_lib.a(ring_buffer.o)
                0x0000237c                RingBuffer_Insert
 .text.RingBuffer_Pop
                0x000023d8       0x5c D:\dev\sonar\sonar-niip\lpc_chip_11uxx_lib\Debug\liblpc_chip_11uxx_lib.a(ring_buffer.o)
                0x000023d8                RingBuffer_Pop
 .text.Chip_SYSCTL_PowerDown
                0x00002434       0x44 D:\dev\sonar\sonar-niip\lpc_chip_11uxx_lib\Debug\liblpc_chip_11uxx_lib.a(sysctl_11xx.o)
                0x00002434                Chip_SYSCTL_PowerDown
 .text.Chip_SYSCTL_PowerUp
                0x00002478       0x44 D:\dev\sonar\sonar-niip\lpc_chip_11uxx_lib\Debug\liblpc_chip_11uxx_lib.a(sysctl_11xx.o)
                0x00002478                Chip_SYSCTL_PowerUp
 .text.Chip_Clock_EnablePeriphClock
                0x000024bc       0x30 D:\dev\sonar\sonar-niip\lpc_chip_11uxx_lib\Debug\liblpc_chip_11uxx_lib.a(uart_11xx.o)
 .text.Chip_Clock_SetUARTClockDiv
                0x000024ec       0x1c D:\dev\sonar\sonar-niip\lpc_chip_11uxx_lib\Debug\liblpc_chip_11uxx_lib.a(uart_11xx.o)
 .text.RingBuffer_IsEmpty
                0x00002508       0x24 D:\dev\sonar\sonar-niip\lpc_chip_11uxx_lib\Debug\liblpc_chip_11uxx_lib.a(uart_11xx.o)
 .text.Chip_UART_SendByte
                0x0000252c       0x20 D:\dev\sonar\sonar-niip\lpc_chip_11uxx_lib\Debug\liblpc_chip_11uxx_lib.a(uart_11xx.o)
 .text.Chip_UART_ReadByte
                0x0000254c       0x18 D:\dev\sonar\sonar-niip\lpc_chip_11uxx_lib\Debug\liblpc_chip_11uxx_lib.a(uart_11xx.o)
 .text.Chip_UART_IntDisable
                0x00002564       0x20 D:\dev\sonar\sonar-niip\lpc_chip_11uxx_lib\Debug\liblpc_chip_11uxx_lib.a(uart_11xx.o)
 .text.Chip_UART_SetupFIFOS
                0x00002584       0x18 D:\dev\sonar\sonar-niip\lpc_chip_11uxx_lib\Debug\liblpc_chip_11uxx_lib.a(uart_11xx.o)
 .text.Chip_UART_ConfigData
                0x0000259c       0x18 D:\dev\sonar\sonar-niip\lpc_chip_11uxx_lib\Debug\liblpc_chip_11uxx_lib.a(uart_11xx.o)
 .text.Chip_UART_EnableDivisorAccess
                0x000025b4       0x1c D:\dev\sonar\sonar-niip\lpc_chip_11uxx_lib\Debug\liblpc_chip_11uxx_lib.a(uart_11xx.o)
 .text.Chip_UART_DisableDivisorAccess
                0x000025d0       0x20 D:\dev\sonar\sonar-niip\lpc_chip_11uxx_lib\Debug\liblpc_chip_11uxx_lib.a(uart_11xx.o)
 .text.Chip_UART_SetDivisorLatches
                0x000025f0       0x30 D:\dev\sonar\sonar-niip\lpc_chip_11uxx_lib\Debug\liblpc_chip_11uxx_lib.a(uart_11xx.o)
 .text.Chip_UART_ReadLineStatus
                0x00002620       0x14 D:\dev\sonar\sonar-niip\lpc_chip_11uxx_lib\Debug\liblpc_chip_11uxx_lib.a(uart_11xx.o)
 .text.Chip_UART_Init
                0x00002634       0x38 D:\dev\sonar\sonar-niip\lpc_chip_11uxx_lib\Debug\liblpc_chip_11uxx_lib.a(uart_11xx.o)
                0x00002634                Chip_UART_Init
 .text.Chip_UART_SetBaud
                0x0000266c       0x64 D:\dev\sonar\sonar-niip\lpc_chip_11uxx_lib\Debug\liblpc_chip_11uxx_lib.a(uart_11xx.o)
                0x0000266c                Chip_UART_SetBaud
 .text.Chip_UART_RXIntHandlerRB
                0x000026d0       0x44 D:\dev\sonar\sonar-niip\lpc_chip_11uxx_lib\Debug\liblpc_chip_11uxx_lib.a(uart_11xx.o)
                0x000026d0                Chip_UART_RXIntHandlerRB
 .text.Chip_UART_TXIntHandlerRB
                0x00002714       0x48 D:\dev\sonar\sonar-niip\lpc_chip_11uxx_lib\Debug\liblpc_chip_11uxx_lib.a(uart_11xx.o)
                0x00002714                Chip_UART_TXIntHandlerRB
 .text.Chip_UART_IRQRBHandler
                0x0000275c       0x4c D:\dev\sonar\sonar-niip\lpc_chip_11uxx_lib\Debug\liblpc_chip_11uxx_lib.a(uart_11xx.o)
                0x0000275c                Chip_UART_IRQRBHandler
 .text.def_ep_handler
                0x000027a8        0x4 D:\dev\sonar\sonar-niip\lpc_chip_11uxx_lib\libs\libusbd_11uxx_lib.a(hw_usbd_ip3511.o)
                0x000027a8                def_ep_handler
 .text.hwUSB_ForceFullSpeed
                0x000027ac        0x4 D:\dev\sonar\sonar-niip\lpc_chip_11uxx_lib\libs\libusbd_11uxx_lib.a(hw_usbd_ip3511.o)
                0x000027ac                hwUSB_ForceFullSpeed
 .text.hwUSB_GetMemSize
                0x000027b0       0x14 D:\dev\sonar\sonar-niip\lpc_chip_11uxx_lib\libs\libusbd_11uxx_lib.a(hw_usbd_ip3511.o)
                0x000027b0                hwUSB_GetMemSize
 .text.hwUSB_Connect
                0x000027c4       0x28 D:\dev\sonar\sonar-niip\lpc_chip_11uxx_lib\libs\libusbd_11uxx_lib.a(hw_usbd_ip3511.o)
                0x000027c4                hwUSB_Connect
 .text.hwUSB_WakeUp
                0x000027ec       0x20 D:\dev\sonar\sonar-niip\lpc_chip_11uxx_lib\libs\libusbd_11uxx_lib.a(hw_usbd_ip3511.o)
                0x000027ec                hwUSB_WakeUp
 .text.hwUSB_WakeUpCfg
                0x0000280c       0x28 D:\dev\sonar\sonar-niip\lpc_chip_11uxx_lib\libs\libusbd_11uxx_lib.a(hw_usbd_ip3511.o)
                0x0000280c                hwUSB_WakeUpCfg
 .text.hwUSB_SetAddress
                0x00002834       0x1c D:\dev\sonar\sonar-niip\lpc_chip_11uxx_lib\libs\libusbd_11uxx_lib.a(hw_usbd_ip3511.o)
                0x00002834                hwUSB_SetAddress
 .text.hwUSB_SetTestMode
                0x00002850        0x8 D:\dev\sonar\sonar-niip\lpc_chip_11uxx_lib\libs\libusbd_11uxx_lib.a(hw_usbd_ip3511.o)
                0x00002850                hwUSB_SetTestMode
 .text.hwUSB_Configure
                0x00002858       0x24 D:\dev\sonar\sonar-niip\lpc_chip_11uxx_lib\libs\libusbd_11uxx_lib.a(hw_usbd_ip3511.o)
                0x00002858                hwUSB_Configure
 .text.hwUSB_ConfigEP
                0x0000287c       0xcc D:\dev\sonar\sonar-niip\lpc_chip_11uxx_lib\libs\libusbd_11uxx_lib.a(hw_usbd_ip3511.o)
                0x0000287c                hwUSB_ConfigEP
 .text.hwUSB_DirCtrlEP
                0x00002948        0x4 D:\dev\sonar\sonar-niip\lpc_chip_11uxx_lib\libs\libusbd_11uxx_lib.a(hw_usbd_ip3511.o)
                0x00002948                hwUSB_DirCtrlEP
 .text.hwUSB_EnableEP
                0x0000294c       0x50 D:\dev\sonar\sonar-niip\lpc_chip_11uxx_lib\libs\libusbd_11uxx_lib.a(hw_usbd_ip3511.o)
                0x0000294c                hwUSB_EnableEP
 .text.hwUSB_DisableEP
                0x0000299c       0x34 D:\dev\sonar\sonar-niip\lpc_chip_11uxx_lib\libs\libusbd_11uxx_lib.a(hw_usbd_ip3511.o)
                0x0000299c                hwUSB_DisableEP
 .text.hwUSB_ResetEP
                0x000029d0       0x4c D:\dev\sonar\sonar-niip\lpc_chip_11uxx_lib\libs\libusbd_11uxx_lib.a(hw_usbd_ip3511.o)
                0x000029d0                hwUSB_ResetEP
 .text.hwUSB_SetStallEP
                0x00002a1c       0xb0 D:\dev\sonar\sonar-niip\lpc_chip_11uxx_lib\libs\libusbd_11uxx_lib.a(hw_usbd_ip3511.o)
                0x00002a1c                hwUSB_SetStallEP
 .text.hwUSB_ClrStallEP
                0x00002acc       0xc0 D:\dev\sonar\sonar-niip\lpc_chip_11uxx_lib\libs\libusbd_11uxx_lib.a(hw_usbd_ip3511.o)
                0x00002acc                hwUSB_ClrStallEP
 .text.hwUSB_EnableEvent
                0x00002b8c      0x120 D:\dev\sonar\sonar-niip\lpc_chip_11uxx_lib\libs\libusbd_11uxx_lib.a(hw_usbd_ip3511.o)
                0x00002b8c                hwUSB_EnableEvent
 .text.hwUSB_ReadSetupPkt
                0x00002cac       0x58 D:\dev\sonar\sonar-niip\lpc_chip_11uxx_lib\libs\libusbd_11uxx_lib.a(hw_usbd_ip3511.o)
                0x00002cac                hwUSB_ReadSetupPkt
 .text.hwUSB_ReadReqEP
                0x00002d04        0x4 D:\dev\sonar\sonar-niip\lpc_chip_11uxx_lib\libs\libusbd_11uxx_lib.a(hw_usbd_ip3511.o)
                0x00002d04                hwUSB_ReadReqEP
 .text.hwUSB_ReadEP
                0x00002d08       0xdc D:\dev\sonar\sonar-niip\lpc_chip_11uxx_lib\libs\libusbd_11uxx_lib.a(hw_usbd_ip3511.o)
                0x00002d08                hwUSB_ReadEP
 .text.hwUSB_WriteEP
                0x00002de4       0xdc D:\dev\sonar\sonar-niip\lpc_chip_11uxx_lib\libs\libusbd_11uxx_lib.a(hw_usbd_ip3511.o)
                0x00002de4                hwUSB_WriteEP
 .text.hwUSB_Reset
                0x00002ec0       0xcc D:\dev\sonar\sonar-niip\lpc_chip_11uxx_lib\libs\libusbd_11uxx_lib.a(hw_usbd_ip3511.o)
                0x00002ec0                hwUSB_Reset
 .text.hwUSB_Init
                0x00002f8c      0x1fc D:\dev\sonar\sonar-niip\lpc_chip_11uxx_lib\libs\libusbd_11uxx_lib.a(hw_usbd_ip3511.o)
                0x00002f8c                hwUSB_Init
 .text.hwUSB_ISR
                0x00003188      0x1b0 D:\dev\sonar\sonar-niip\lpc_chip_11uxx_lib\libs\libusbd_11uxx_lib.a(hw_usbd_ip3511.o)
                0x00003188                hwUSB_ISR
 .text.mwCDC_SetRequest
                0x00003338       0x98 D:\dev\sonar\sonar-niip\lpc_chip_11uxx_lib\libs\libusbd_11uxx_lib.a(mw_usbd_cdcuser.o)
                0x00003338                mwCDC_SetRequest
 .text.mwCDC_ep0_hdlr
                0x000033d0       0xe4 D:\dev\sonar\sonar-niip\lpc_chip_11uxx_lib\libs\libusbd_11uxx_lib.a(mw_usbd_cdcuser.o)
                0x000033d0                mwCDC_ep0_hdlr
 .text.mwCDC_GetRequest
                0x000034b4       0x54 D:\dev\sonar\sonar-niip\lpc_chip_11uxx_lib\libs\libusbd_11uxx_lib.a(mw_usbd_cdcuser.o)
                0x000034b4                mwCDC_GetRequest
 .text.mwCDC_SendNotification
                0x00003508       0x54 D:\dev\sonar\sonar-niip\lpc_chip_11uxx_lib\libs\libusbd_11uxx_lib.a(mw_usbd_cdcuser.o)
                0x00003508                mwCDC_SendNotification
 .text.mwCDC_GetMemSize
                0x0000355c        0x4 D:\dev\sonar\sonar-niip\lpc_chip_11uxx_lib\libs\libusbd_11uxx_lib.a(mw_usbd_cdcuser.o)
                0x0000355c                mwCDC_GetMemSize
 .text.mwCDC_init
                0x00003560      0x154 D:\dev\sonar\sonar-niip\lpc_chip_11uxx_lib\libs\libusbd_11uxx_lib.a(mw_usbd_cdcuser.o)
                0x00003560                mwCDC_init
 .text.USB_ReqGetConfiguration
                0x000036b4       0x24 D:\dev\sonar\sonar-niip\lpc_chip_11uxx_lib\libs\libusbd_11uxx_lib.a(mw_usbd_core.o)
                0x000036b4                USB_ReqGetConfiguration
 .text.USBD_virt_to_phys
                0x000036d8        0x4 D:\dev\sonar\sonar-niip\lpc_chip_11uxx_lib\libs\libusbd_11uxx_lib.a(mw_usbd_core.o)
                0x000036d8                USBD_virt_to_phys
 .text.USBD_cache_flush
                0x000036dc        0x4 D:\dev\sonar\sonar-niip\lpc_chip_11uxx_lib\libs\libusbd_11uxx_lib.a(mw_usbd_core.o)
                0x000036dc                USBD_cache_flush
 .text.USB_ReqGetStatus
                0x000036e0       0xa4 D:\dev\sonar\sonar-niip\lpc_chip_11uxx_lib\libs\libusbd_11uxx_lib.a(mw_usbd_core.o)
                0x000036e0                USB_ReqGetStatus
 .text.USB_ReqGetDescriptor
                0x00003784      0x11c D:\dev\sonar\sonar-niip\lpc_chip_11uxx_lib\libs\libusbd_11uxx_lib.a(mw_usbd_core.o)
                0x00003784                USB_ReqGetDescriptor
 .text.USB_ReqGetInterface
                0x000038a0       0x40 D:\dev\sonar\sonar-niip\lpc_chip_11uxx_lib\libs\libusbd_11uxx_lib.a(mw_usbd_core.o)
                0x000038a0                USB_ReqGetInterface
 .text.USB_ReqSetInterface
                0x000038e0      0x170 D:\dev\sonar\sonar-niip\lpc_chip_11uxx_lib\libs\libusbd_11uxx_lib.a(mw_usbd_core.o)
                0x000038e0                USB_ReqSetInterface
 .text.USB_ReqSetConfiguration
                0x00003a50      0x258 D:\dev\sonar\sonar-niip\lpc_chip_11uxx_lib\libs\libusbd_11uxx_lib.a(mw_usbd_core.o)
                0x00003a50                USB_ReqSetConfiguration
 .text.USB_ReqSetClrFeature
                0x00003ca8       0xe0 D:\dev\sonar\sonar-niip\lpc_chip_11uxx_lib\libs\libusbd_11uxx_lib.a(mw_usbd_core.o)
                0x00003ca8                USB_ReqSetClrFeature
 .text.USB_EvtOutHandler
                0x00003d88       0xe4 D:\dev\sonar\sonar-niip\lpc_chip_11uxx_lib\libs\libusbd_11uxx_lib.a(mw_usbd_core.o)
                0x00003d88                USB_EvtOutHandler
 .text.USB_EndPoint0
                0x00003e6c      0x140 D:\dev\sonar\sonar-niip\lpc_chip_11uxx_lib\libs\libusbd_11uxx_lib.a(mw_usbd_core.o)
                0x00003e6c                USB_EndPoint0
 .text.USB_EvtSetupHandler
                0x00003fac      0x1f4 D:\dev\sonar\sonar-niip\lpc_chip_11uxx_lib\libs\libusbd_11uxx_lib.a(mw_usbd_core.o)
                0x00003fac                USB_EvtSetupHandler
 .text.mwUSB_ResetCore
                0x000041a0       0x80 D:\dev\sonar\sonar-niip\lpc_chip_11uxx_lib\libs\libusbd_11uxx_lib.a(mw_usbd_core.o)
                0x000041a0                mwUSB_ResetCore
 .text.mwUSB_SetupStage
                0x00004220       0x10 D:\dev\sonar\sonar-niip\lpc_chip_11uxx_lib\libs\libusbd_11uxx_lib.a(mw_usbd_core.o)
                0x00004220                mwUSB_SetupStage
 .text.mwUSB_DataInStage
                0x00004230       0x34 D:\dev\sonar\sonar-niip\lpc_chip_11uxx_lib\libs\libusbd_11uxx_lib.a(mw_usbd_core.o)
                0x00004230                mwUSB_DataInStage
 .text.mwUSB_DataOutStage
                0x00004264       0x24 D:\dev\sonar\sonar-niip\lpc_chip_11uxx_lib\libs\libusbd_11uxx_lib.a(mw_usbd_core.o)
                0x00004264                mwUSB_DataOutStage
 .text.mwUSB_StatusInStage
                0x00004288       0x10 D:\dev\sonar\sonar-niip\lpc_chip_11uxx_lib\libs\libusbd_11uxx_lib.a(mw_usbd_core.o)
                0x00004288                mwUSB_StatusInStage
 .text.mwUSB_StatusOutStage
                0x00004298       0x10 D:\dev\sonar\sonar-niip\lpc_chip_11uxx_lib\libs\libusbd_11uxx_lib.a(mw_usbd_core.o)
                0x00004298                mwUSB_StatusOutStage
 .text.mwUSB_StallEp0
                0x000042a8       0x14 D:\dev\sonar\sonar-niip\lpc_chip_11uxx_lib\libs\libusbd_11uxx_lib.a(mw_usbd_core.o)
                0x000042a8                mwUSB_StallEp0
 .text.mwUSB_InitCore
                0x000042bc       0xe8 D:\dev\sonar\sonar-niip\lpc_chip_11uxx_lib\libs\libusbd_11uxx_lib.a(mw_usbd_core.o)
                0x000042bc                mwUSB_InitCore
 .text.mwUSB_RegisterClassHandler
                0x000043a4       0x2c D:\dev\sonar\sonar-niip\lpc_chip_11uxx_lib\libs\libusbd_11uxx_lib.a(mw_usbd_core.o)
                0x000043a4                mwUSB_RegisterClassHandler
 .text.mwUSB_RegisterEpHandler
                0x000043d0       0x28 D:\dev\sonar\sonar-niip\lpc_chip_11uxx_lib\libs\libusbd_11uxx_lib.a(mw_usbd_core.o)
                0x000043d0                mwUSB_RegisterEpHandler
 .text.__main   0x000043f8       0x12 c:/nxp/lpcxpresso_8.2.0_647/lpcxpresso/tools/bin/../lib/gcc/arm-none-eabi/5.3.1/../../../../arm-none-eabi/lib/armv6-m\libcr_nohost.a(_cr__main.o)
                0x000043f8                __main
 .text.memcpy   0x0000440a        0x8 c:/nxp/lpcxpresso_8.2.0_647/lpcxpresso/tools/bin/../lib/gcc/arm-none-eabi/5.3.1/../../../../arm-none-eabi/lib/armv6-m\libcr_c.a(memcpy.o)
                0x0000440a                memcpy
 .text.memset   0x00004412        0x8 c:/nxp/lpcxpresso_8.2.0_647/lpcxpresso/tools/bin/../lib/gcc/arm-none-eabi/5.3.1/../../../../arm-none-eabi/lib/armv6-m\libcr_c.a(memset.o)
                0x00004412                memset
 .text.fp_round
                0x0000441a       0x4a c:/nxp/lpcxpresso_8.2.0_647/lpcxpresso/tools/bin/../lib/gcc/arm-none-eabi/5.3.1/../../../../arm-none-eabi/lib/armv6-m\libcr_c.a(fpprintf.o)
 .text.pr_dec.constprop.1
                0x00004464       0x2a c:/nxp/lpcxpresso_8.2.0_647/lpcxpresso/tools/bin/../lib/gcc/arm-none-eabi/5.3.1/../../../../arm-none-eabi/lib/armv6-m\libcr_c.a(fpprintf.o)
 *fill*         0x0000448e        0x2 ff
 .text.sprintf  0x00004490       0x6c c:/nxp/lpcxpresso_8.2.0_647/lpcxpresso/tools/bin/../lib/gcc/arm-none-eabi/5.3.1/../../../../arm-none-eabi/lib/armv6-m\libcr_c.a(fpprintf.o)
                0x00004490                sprintf
 .text.fp_display
                0x000044fc      0x93c c:/nxp/lpcxpresso_8.2.0_647/lpcxpresso/tools/bin/../lib/gcc/arm-none-eabi/5.3.1/../../../../arm-none-eabi/lib/armv6-m\libcr_c.a(fpprintf.o)
 .text.snprintf
                0x00004e38       0x6c c:/nxp/lpcxpresso_8.2.0_647/lpcxpresso/tools/bin/../lib/gcc/arm-none-eabi/5.3.1/../../../../arm-none-eabi/lib/armv6-m\libcr_c.a(fpprintf.o)
                0x00004e38                snprintf
 .text._initio  0x00004ea4       0xa8 c:/nxp/lpcxpresso_8.2.0_647/lpcxpresso/tools/bin/../lib/gcc/arm-none-eabi/5.3.1/../../../../arm-none-eabi/lib/armv6-m\libcr_c.a(initio.o)
                0x00004ea4                _initio
 .text.memchr   0x00004f4c       0x16 c:/nxp/lpcxpresso_8.2.0_647/lpcxpresso/tools/bin/../lib/gcc/arm-none-eabi/5.3.1/../../../../arm-none-eabi/lib/armv6-m\libcr_c.a(memchr.o)
                0x00004f4c                memchr
 .text.memcmp   0x00004f62       0x3a c:/nxp/lpcxpresso_8.2.0_647/lpcxpresso/tools/bin/../lib/gcc/arm-none-eabi/5.3.1/../../../../arm-none-eabi/lib/armv6-m\libcr_c.a(memcmp.o)
                0x00004f62                memcmp
 .text.__vfprintf
                0x00004f9c      0xd5c c:/nxp/lpcxpresso_8.2.0_647/lpcxpresso/tools/bin/../lib/gcc/arm-none-eabi/5.3.1/../../../../arm-none-eabi/lib/armv6-m\libcr_c.a(printf.o)
                0x00004f9c                __vfprintf
 .text.ch_val   0x00005cf8       0x30 c:/nxp/lpcxpresso_8.2.0_647/lpcxpresso/tools/bin/../lib/gcc/arm-none-eabi/5.3.1/../../../../arm-none-eabi/lib/armv6-m\libcr_c.a(scanf.o)
 .text._strtoul
                0x00005d28       0xd4 c:/nxp/lpcxpresso_8.2.0_647/lpcxpresso/tools/bin/../lib/gcc/arm-none-eabi/5.3.1/../../../../arm-none-eabi/lib/armv6-m\libcr_c.a(scanf.o)
 .text.strtol   0x00005dfc       0x88 c:/nxp/lpcxpresso_8.2.0_647/lpcxpresso/tools/bin/../lib/gcc/arm-none-eabi/5.3.1/../../../../arm-none-eabi/lib/armv6-m\libcr_c.a(scanf.o)
                0x00005dfc                strtol
 .text.atoi     0x00005e84       0x18 c:/nxp/lpcxpresso_8.2.0_647/lpcxpresso/tools/bin/../lib/gcc/arm-none-eabi/5.3.1/../../../../arm-none-eabi/lib/armv6-m\libcr_c.a(scanf.o)
                0x00005e84                atoi
 .text.setvbuf  0x00005e9c       0x48 c:/nxp/lpcxpresso_8.2.0_647/lpcxpresso/tools/bin/../lib/gcc/arm-none-eabi/5.3.1/../../../../arm-none-eabi/lib/armv6-m\libcr_c.a(setvbuf.o)
                0x00005e9c                setvbuf
 .text.strcat   0x00005ee4       0x1a c:/nxp/lpcxpresso_8.2.0_647/lpcxpresso/tools/bin/../lib/gcc/arm-none-eabi/5.3.1/../../../../arm-none-eabi/lib/armv6-m\libcr_c.a(strcat.o)
                0x00005ee4                strcat
 *fill*         0x00005efe        0x2 ff
 .text.strlen   0x00005f00       0x54 c:/nxp/lpcxpresso_8.2.0_647/lpcxpresso/tools/bin/../lib/gcc/arm-none-eabi/5.3.1/../../../../arm-none-eabi/lib/armv6-m\libcr_c.a(strlen.o)
                0x00005f00                strlen
 .text.strtok   0x00005f54       0x44 c:/nxp/lpcxpresso_8.2.0_647/lpcxpresso/tools/bin/../lib/gcc/arm-none-eabi/5.3.1/../../../../arm-none-eabi/lib/armv6-m\libcr_c.a(strtok.o)
                0x00005f54                strtok
 .text._deferredlazyseek
                0x00005f98       0x44 c:/nxp/lpcxpresso_8.2.0_647/lpcxpresso/tools/bin/../lib/gcc/arm-none-eabi/5.3.1/../../../../arm-none-eabi/lib/armv6-m\libcr_c.a(_deferredlazyseek.o)
                0x00005f98                _deferredlazyseek
 .text.__flsbuf
                0x00005fdc      0x150 c:/nxp/lpcxpresso_8.2.0_647/lpcxpresso/tools/bin/../lib/gcc/arm-none-eabi/5.3.1/../../../../arm-none-eabi/lib/armv6-m\libcr_c.a(_deferredlazyseek.o)
                0x00005fdc                __flsbuf
 .text._fdopen  0x0000612c       0x74 c:/nxp/lpcxpresso_8.2.0_647/lpcxpresso/tools/bin/../lib/gcc/arm-none-eabi/5.3.1/../../../../arm-none-eabi/lib/armv6-m\libcr_c.a(_fdopen.o)
                0x0000612c                _fdopen
 .text._fflush  0x000061a0       0x64 c:/nxp/lpcxpresso_8.2.0_647/lpcxpresso/tools/bin/../lib/gcc/arm-none-eabi/5.3.1/../../../../arm-none-eabi/lib/armv6-m\libcr_c.a(_fflush.o)
                0x000061a0                _fflush
 .text._frexpl  0x00006204       0x80 c:/nxp/lpcxpresso_8.2.0_647/lpcxpresso/tools/bin/../lib/gcc/arm-none-eabi/5.3.1/../../../../arm-none-eabi/lib/armv6-m\libcr_c.a(_frexpl.o)
                0x00006204                _frexpl
 .text._ldexpl  0x00006284       0x58 c:/nxp/lpcxpresso_8.2.0_647/lpcxpresso/tools/bin/../lib/gcc/arm-none-eabi/5.3.1/../../../../arm-none-eabi/lib/armv6-m\libcr_c.a(_ldexpl.o)
                0x00006284                _ldexpl
 .text._Cwritebuf
                0x000062dc       0x6c c:/nxp/lpcxpresso_8.2.0_647/lpcxpresso/tools/bin/../lib/gcc/arm-none-eabi/5.3.1/../../../../arm-none-eabi/lib/armv6-m\libcr_c.a(_writebuf.o)
                0x000062dc                _Cwritebuf
 .text.malloc   0x00006348       0xcc c:/nxp/lpcxpresso_8.2.0_647/lpcxpresso/tools/bin/../lib/gcc/arm-none-eabi/5.3.1/../../../../arm-none-eabi/lib/armv6-m\libcr_c.a(alloc.o)
                0x00006348                malloc
 .text.free     0x00006414       0x2e c:/nxp/lpcxpresso_8.2.0_647/lpcxpresso/tools/bin/../lib/gcc/arm-none-eabi/5.3.1/../../../../arm-none-eabi/lib/armv6-m\libcr_c.a(alloc.o)
                0x00006414                free
 *fill*         0x00006442        0x2 ff
 .text._Csys_alloc
                0x00006444       0x20 c:/nxp/lpcxpresso_8.2.0_647/lpcxpresso/tools/bin/../lib/gcc/arm-none-eabi/5.3.1/../../../../arm-none-eabi/lib/armv6-m\libcr_c.a(alloc.o)
                0x00006444                _Csys_alloc
 .text.fclose   0x00006464       0x70 c:/nxp/lpcxpresso_8.2.0_647/lpcxpresso/tools/bin/../lib/gcc/arm-none-eabi/5.3.1/../../../../arm-none-eabi/lib/armv6-m\libcr_c.a(fclose.o)
                0x00006464                fclose
 .text.fflush   0x000064d4       0x34 c:/nxp/lpcxpresso_8.2.0_647/lpcxpresso/tools/bin/../lib/gcc/arm-none-eabi/5.3.1/../../../../arm-none-eabi/lib/armv6-m\libcr_c.a(fflush.o)
                0x000064d4                fflush
 .text.fseek    0x00006508      0x100 c:/nxp/lpcxpresso_8.2.0_647/lpcxpresso/tools/bin/../lib/gcc/arm-none-eabi/5.3.1/../../../../arm-none-eabi/lib/armv6-m\libcr_c.a(fseek.o)
                0x00006508                fseek
 .text.ftell    0x00006608       0x4c c:/nxp/lpcxpresso_8.2.0_647/lpcxpresso/tools/bin/../lib/gcc/arm-none-eabi/5.3.1/../../../../arm-none-eabi/lib/armv6-m\libcr_c.a(ftell.o)
                0x00006608                ftell
 .text.remove   0x00006654       0x12 c:/nxp/lpcxpresso_8.2.0_647/lpcxpresso/tools/bin/../lib/gcc/arm-none-eabi/5.3.1/../../../../arm-none-eabi/lib/armv6-m\libcr_c.a(remove.o)
                0x00006654                remove
 .text.strcspn  0x00006666       0x22 c:/nxp/lpcxpresso_8.2.0_647/lpcxpresso/tools/bin/../lib/gcc/arm-none-eabi/5.3.1/../../../../arm-none-eabi/lib/armv6-m\libcr_c.a(strcspn.o)
                0x00006666                strcspn
 .text.strspn   0x00006688       0x22 c:/nxp/lpcxpresso_8.2.0_647/lpcxpresso/tools/bin/../lib/gcc/arm-none-eabi/5.3.1/../../../../arm-none-eabi/lib/armv6-m\libcr_c.a(strspn.o)
                0x00006688                strspn
 *fill*         0x000066aa        0x2 ff
 .text._sbrk    0x000066ac       0x40 c:/nxp/lpcxpresso_8.2.0_647/lpcxpresso/tools/bin/../lib/gcc/arm-none-eabi/5.3.1/../../../../arm-none-eabi/lib/armv6-m\libcr_c.a(_cr_sbrk.o)
                0x000066ac                _sbrk
 .text._do_fflush
                0x000066ec       0x48 c:/nxp/lpcxpresso_8.2.0_647/lpcxpresso/tools/bin/../lib/gcc/arm-none-eabi/5.3.1/../../../../arm-none-eabi/lib/armv6-m\libcr_c.a(_do_fflush.o)
                0x000066ec                _do_fflush
 .text.__check_heap_overflow
                0x00006734       0x14 c:/nxp/lpcxpresso_8.2.0_647/lpcxpresso/tools/bin/../lib/gcc/arm-none-eabi/5.3.1/../../../../arm-none-eabi/lib/armv6-m\libcr_c.a(_cr_check_heap.o)
                0x00006734                __check_heap_overflow
 .text.__aeabi_division_idivmod
                0x00006748       0x78 c:/nxp/lpcxpresso_8.2.0_647/lpcxpresso/tools/bin/../lib/gcc/arm-none-eabi/5.3.1/armv6-m\libcr_eabihelpers.a(division_32.o)
                0x00006748                __aeabi_idivmod
                0x00006748                __aeabi_idiv
                0x0000674e                __aeabi_uidivmod
                0x0000674e                __aeabi_uidiv
 .text.__aeabi_division_idiv0
                0x000067c0        0x2 c:/nxp/lpcxpresso_8.2.0_647/lpcxpresso/tools/bin/../lib/gcc/arm-none-eabi/5.3.1/armv6-m\libcr_eabihelpers.a(division_idiv0.o)
                0x000067c0                __aeabi_idiv0
 *fill*         0x000067c2        0x2 ff
 .text.__aeabi_dmul
                0x000067c4      0x17c c:/nxp/lpcxpresso_8.2.0_647/lpcxpresso/tools/bin/../lib/gcc/arm-none-eabi/5.3.1/armv6-m\libcr_eabihelpers.a(double.o)
                0x000067c4                __aeabi_dmul
 .text.__aeabi_ddiv
                0x00006940      0x14c c:/nxp/lpcxpresso_8.2.0_647/lpcxpresso/tools/bin/../lib/gcc/arm-none-eabi/5.3.1/armv6-m\libcr_eabihelpers.a(double.o)
                0x00006940                __aeabi_ddiv
 .text.__aeabi_dsub
                0x00006a8c      0x1c8 c:/nxp/lpcxpresso_8.2.0_647/lpcxpresso/tools/bin/../lib/gcc/arm-none-eabi/5.3.1/armv6-m\libcr_eabihelpers.a(double.o)
                0x00006a8c                __aeabi_dsub
 .text.__aeabi_dadd
                0x00006c54      0x130 c:/nxp/lpcxpresso_8.2.0_647/lpcxpresso/tools/bin/../lib/gcc/arm-none-eabi/5.3.1/armv6-m\libcr_eabihelpers.a(double.o)
                0x00006c54                __aeabi_dadd
 .text.__aeabi_d2f
                0x00006d84       0x64 c:/nxp/lpcxpresso_8.2.0_647/lpcxpresso/tools/bin/../lib/gcc/arm-none-eabi/5.3.1/armv6-m\libcr_eabihelpers.a(double.o)
                0x00006d84                __aeabi_d2f
 .text.__aeabi_d2iz
                0x00006de8       0x44 c:/nxp/lpcxpresso_8.2.0_647/lpcxpresso/tools/bin/../lib/gcc/arm-none-eabi/5.3.1/armv6-m\libcr_eabihelpers.a(double.o)
                0x00006de8                __aeabi_d2iz
 .text.__bhs_ui2d
                0x00006e2c       0x5e c:/nxp/lpcxpresso_8.2.0_647/lpcxpresso/tools/bin/../lib/gcc/arm-none-eabi/5.3.1/armv6-m\libcr_eabihelpers.a(double.o)
                0x00006e2c                __bhs_ui2d
 .text.__aeabi_i2d
                0x00006e8a       0x16 c:/nxp/lpcxpresso_8.2.0_647/lpcxpresso/tools/bin/../lib/gcc/arm-none-eabi/5.3.1/armv6-m\libcr_eabihelpers.a(double.o)
                0x00006e8a                __aeabi_i2d
 .text.__aeabi_dcmpeq
                0x00006ea0       0x30 c:/nxp/lpcxpresso_8.2.0_647/lpcxpresso/tools/bin/../lib/gcc/arm-none-eabi/5.3.1/armv6-m\libcr_eabihelpers.a(double.o)
                0x00006ea0                __aeabi_dcmpeq
 .text.__aeabi_dcmplt
                0x00006ed0       0x5c c:/nxp/lpcxpresso_8.2.0_647/lpcxpresso/tools/bin/../lib/gcc/arm-none-eabi/5.3.1/armv6-m\libcr_eabihelpers.a(double.o)
                0x00006ed0                __aeabi_dcmplt
 .text.__aeabi_dcmple
                0x00006f2c       0x5c c:/nxp/lpcxpresso_8.2.0_647/lpcxpresso/tools/bin/../lib/gcc/arm-none-eabi/5.3.1/armv6-m\libcr_eabihelpers.a(double.o)
                0x00006f2c                __aeabi_dcmple
 .text.__aeabi_dcmpge
                0x00006f88       0x60 c:/nxp/lpcxpresso_8.2.0_647/lpcxpresso/tools/bin/../lib/gcc/arm-none-eabi/5.3.1/armv6-m\libcr_eabihelpers.a(double.o)
                0x00006f88                __aeabi_dcmpge
 .text.__aeabi_f2d
                0x00006fe8       0x40 c:/nxp/lpcxpresso_8.2.0_647/lpcxpresso/tools/bin/../lib/gcc/arm-none-eabi/5.3.1/armv6-m\libcr_eabihelpers.a(float.o)
                0x00006fe8                __aeabi_f2d
 .text.__aeabi_fcmpgt
                0x00007028       0x3e c:/nxp/lpcxpresso_8.2.0_647/lpcxpresso/tools/bin/../lib/gcc/arm-none-eabi/5.3.1/armv6-m\libcr_eabihelpers.a(float.o)
                0x00007028                __aeabi_fcmpgt
 .text.__aeabi_llong_lmul
                0x00007066       0x2e c:/nxp/lpcxpresso_8.2.0_647/lpcxpresso/tools/bin/../lib/gcc/arm-none-eabi/5.3.1/armv6-m\libcr_eabihelpers.a(llong.o)
                0x00007066                __aeabi_lmul
 .text.__aeabi_memcpy
                0x00007094       0x2c c:/nxp/lpcxpresso_8.2.0_647/lpcxpresso/tools/bin/../lib/gcc/arm-none-eabi/5.3.1/armv6-m\libcr_eabihelpers.a(memcpy.o)
                0x00007094                __aeabi_memcpy4
                0x00007094                __aeabi_memcpy8
                0x00007094                __aeabi_memcpy
 .text.__aeabi_memset_lowlevel
                0x000070c0       0x2a c:/nxp/lpcxpresso_8.2.0_647/lpcxpresso/tools/bin/../lib/gcc/arm-none-eabi/5.3.1/armv6-m\libcr_eabihelpers.a(memcpy.o)
                0x000070c0                __aeabi_lowlevel_memset
 .text.__gnu_thumb1_case_uqi
                0x000070ea       0x10 c:/nxp/lpcxpresso_8.2.0_647/lpcxpresso/tools/bin/../lib/gcc/arm-none-eabi/5.3.1/armv6-m\libcr_eabihelpers.a(thumb1_switch_helpers.o)
                0x000070ea                __gnu_thumb1_case_uqi
 .text.__sys_appexit
                0x000070fa        0x2 c:/nxp/lpcxpresso_8.2.0_647/lpcxpresso/tools/bin/../lib/gcc/arm-none-eabi/5.3.1/../../../../arm-none-eabi/lib/armv6-m\libcr_nohost.a(__sys_appexit.o)
                0x000070fa                __sys_appexit
                0x000070fa                __exit
 .text.__sys_close
                0x000070fc        0x6 c:/nxp/lpcxpresso_8.2.0_647/lpcxpresso/tools/bin/../lib/gcc/arm-none-eabi/5.3.1/../../../../arm-none-eabi/lib/armv6-m\libcr_nohost.a(__sys_close.o)
                0x000070fc                __sys_close
 .text.__sys_flen
                0x00007102        0x6 c:/nxp/lpcxpresso_8.2.0_647/lpcxpresso/tools/bin/../lib/gcc/arm-none-eabi/5.3.1/../../../../arm-none-eabi/lib/armv6-m\libcr_nohost.a(__sys_flen.o)
                0x00007102                __sys_flen
 .text.__sys_istty
                0x00007108        0x6 c:/nxp/lpcxpresso_8.2.0_647/lpcxpresso/tools/bin/../lib/gcc/arm-none-eabi/5.3.1/../../../../arm-none-eabi/lib/armv6-m\libcr_nohost.a(__sys_istty.o)
                0x00007108                __sys_istty
 .text.__sys_remove
                0x0000710e        0x6 c:/nxp/lpcxpresso_8.2.0_647/lpcxpresso/tools/bin/../lib/gcc/arm-none-eabi/5.3.1/../../../../arm-none-eabi/lib/armv6-m\libcr_nohost.a(__sys_remove.o)
                0x0000710e                __sys_remove
 .text.__sys_seek
                0x00007114        0x6 c:/nxp/lpcxpresso_8.2.0_647/lpcxpresso/tools/bin/../lib/gcc/arm-none-eabi/5.3.1/../../../../arm-none-eabi/lib/armv6-m\libcr_nohost.a(__sys_seek.o)
                0x00007114                __sys_seek
 .text.__sys_tmpnam
                0x0000711a        0x6 c:/nxp/lpcxpresso_8.2.0_647/lpcxpresso/tools/bin/../lib/gcc/arm-none-eabi/5.3.1/../../../../arm-none-eabi/lib/armv6-m\libcr_nohost.a(__sys_tmpnam.o)
                0x0000711a                __sys_tmpnam
 .text.__sys_write
                0x00007120        0x4 c:/nxp/lpcxpresso_8.2.0_647/lpcxpresso/tools/bin/../lib/gcc/arm-none-eabi/5.3.1/../../../../arm-none-eabi/lib/armv6-m\libcr_nohost.a(__sys_write.o)
                0x00007120                __sys_write
 *(.rodata .rodata.* .constdata .constdata.*)
 .rodata.str1.1
                0x00007124        0x5 ./freertos/tasks.o
 *fill*         0x00007129        0x3 ff
 .rodata.USB_StringDescriptor
                0x0000712c       0x38 ./example/src/cdc_desc.o
                0x0000712c                USB_StringDescriptor
 .rodata.USB_DeviceDescriptor
                0x00007164       0x12 ./example/src/cdc_desc.o
                0x00007164                USB_DeviceDescriptor
 .rodata.str1.1
                0x00007176       0x61 ./example/src/cdc_main.o
 *fill*         0x000071d7        0x1 ff
 .rodata.g_usbApi
                0x000071d8       0x20 ./example/src/cdc_vcom_utils.o
 .rodata.str1.1
                0x000071f8       0x17 ./example/src/cdc_vcom_utils.o
 .rodata.str1.1
                0x0000720f      0x340 ./example/src/esp.o
                                0x36e (size before relaxing)
 *fill*         0x0000754f        0x1 ff
 .rodata.OscRateIn
                0x00007550        0x4 D:\dev\sonar\sonar-niip\nxp_lpcxpresso_11u14_board_lib\Debug\libnxp_lpcxpresso_11u14_board_lib.a(board.o)
                0x00007550                OscRateIn
 .rodata.pinmuxing
                0x00007554       0x24 D:\dev\sonar\sonar-niip\nxp_lpcxpresso_11u14_board_lib\Debug\libnxp_lpcxpresso_11u14_board_lib.a(board_sysinit.o)
 .rodata.wdtOSCRate
                0x00007578       0x40 D:\dev\sonar\sonar-niip\lpc_chip_11uxx_lib\Debug\liblpc_chip_11uxx_lib.a(clock_11xx.o)
 .rodata.hw_api
                0x000075b8       0x5c D:\dev\sonar\sonar-niip\lpc_chip_11uxx_lib\libs\libusbd_11uxx_lib.a(mw_usbd_rom_api.o)
                0x000075b8                hw_api
 .rodata.core_api
                0x00007614       0x20 D:\dev\sonar\sonar-niip\lpc_chip_11uxx_lib\libs\libusbd_11uxx_lib.a(mw_usbd_rom_api.o)
                0x00007614                core_api
 .rodata.cdc_api
                0x00007634        0xc D:\dev\sonar\sonar-niip\lpc_chip_11uxx_lib\libs\libusbd_11uxx_lib.a(mw_usbd_rom_api.o)
                0x00007634                cdc_api
 .rodata.hwUSB_EnableEvent
                0x00007640       0x38 D:\dev\sonar\sonar-niip\lpc_chip_11uxx_lib\libs\libusbd_11uxx_lib.a(hw_usbd_ip3511.o)
 .rodata.mwCDC_SetRequest
                0x00007678       0x90 D:\dev\sonar\sonar-niip\lpc_chip_11uxx_lib\libs\libusbd_11uxx_lib.a(mw_usbd_cdcuser.o)
 .rodata.USB_EndPoint0
                0x00007708       0x20 D:\dev\sonar\sonar-niip\lpc_chip_11uxx_lib\libs\libusbd_11uxx_lib.a(mw_usbd_core.o)
 .rodata.USB_EvtSetupHandler
                0x00007728       0x30 D:\dev\sonar\sonar-niip\lpc_chip_11uxx_lib\libs\libusbd_11uxx_lib.a(mw_usbd_core.o)
 .rodata.str1.1
                0x00007758       0x32 c:/nxp/lpcxpresso_8.2.0_647/lpcxpresso/tools/bin/../lib/gcc/arm-none-eabi/5.3.1/../../../../arm-none-eabi/lib/armv6-m\libcr_c.a(fpprintf.o)
                                 0x35 (size before relaxing)
 .rodata.str1.1
                0x0000778a        0x2 c:/nxp/lpcxpresso_8.2.0_647/lpcxpresso/tools/bin/../lib/gcc/arm-none-eabi/5.3.1/../../../../arm-none-eabi/lib/armv6-m\libcr_c.a(initio.o)
                                  0x4 (size before relaxing)
 .rodata.str1.1
                0x0000778c       0x2f c:/nxp/lpcxpresso_8.2.0_647/lpcxpresso/tools/bin/../lib/gcc/arm-none-eabi/5.3.1/../../../../arm-none-eabi/lib/armv6-m\libcr_c.a(printf.o)
                                 0x38 (size before relaxing)
 .rodata.str1.1
                0x000077bb        0x1 c:/nxp/lpcxpresso_8.2.0_647/lpcxpresso/tools/bin/../lib/gcc/arm-none-eabi/5.3.1/../../../../arm-none-eabi/lib/armv6-m\libcr_c.a(strtok.o)
 *fill*         0x000077bb        0x5 ff
 .rodata.__huge_vall
                0x000077c0        0x8 c:/nxp/lpcxpresso_8.2.0_647/lpcxpresso/tools/bin/../lib/gcc/arm-none-eabi/5.3.1/../../../../arm-none-eabi/lib/armv6-m\libcr_c.a(_hugeval.o)
                0x000077c0                __huge_vall
 .rodata.str1.1
                0x000077c8       0x18 c:/nxp/lpcxpresso_8.2.0_647/lpcxpresso/tools/bin/../lib/gcc/arm-none-eabi/5.3.1/../../../../arm-none-eabi/lib/armv6-m\libcr_c.a(alloc.o)
 .rodata.__ctype
                0x000077e0      0x180 c:/nxp/lpcxpresso_8.2.0_647/lpcxpresso/tools/bin/../lib/gcc/arm-none-eabi/5.3.1/../../../../arm-none-eabi/lib/armv6-m\libcr_c.a(ctype.o)
                0x000077e0                __ctype
                0x00007960                . = ALIGN (0x4)

.glue_7         0x00007960        0x0
 .glue_7        0x00007960        0x0 linker stubs

.glue_7t        0x00007960        0x0
 .glue_7t       0x00007960        0x0 linker stubs

.vfp11_veneer   0x00007960        0x0
 .vfp11_veneer  0x00007960        0x0 linker stubs

.v4_bx          0x00007960        0x0
 .v4_bx         0x00007960        0x0 linker stubs

.iplt           0x00007960        0x0
 .iplt          0x00007960        0x0 ./freertos/croutine.o

.rel.dyn        0x00007960        0x0
 .rel.iplt      0x00007960        0x0 ./freertos/croutine.o

.ARM.extab
 *(.ARM.extab* .gnu.linkonce.armextab.*)
                0x00007960                __exidx_start = .

.ARM.exidx
 *(.ARM.exidx* .gnu.linkonce.armexidx.*)
                0x00007960                __exidx_end = .
                0x00007960                _etext = .

.data_RAM2      0x20004000        0x0 load address 0x00007960
 FILL mask 0xff
                [!provide]                PROVIDE (__start_data_RAM2, .)
 *(.ramfunc.$RAM2)
 *(.ramfunc.$RamUsb2)
 *(.data.$RAM2*)
 *(.data.$RamUsb2*)
                0x20004000                . = ALIGN (0x4)
                [!provide]                PROVIDE (__end_data_RAM2, .)

.uninit_RESERVED
                0x10000000        0x0
 *(.bss.$RESERVED*)
                0x10000000                . = ALIGN (0x4)
                0x10000000                _end_uninit_RESERVED = .

.data           0x10000000       0x68 load address 0x00007960
 FILL mask 0xff
                0x10000000                _data = .
 *(vtable)
 *(.ramfunc*)
 *(.data*)
 .data.uxCriticalNesting
                0x10000000        0x4 ./freertos/port.o
 .data.USB_FsConfigDescriptor
                0x10000004       0x4c ./example/src/cdc_desc.o
                0x10000004                USB_FsConfigDescriptor
 .data.g_pUsbApi
                0x10000050        0x4 ./example/src/cdc_vcom_utils.o
                0x10000050                g_pUsbApi
 .data.pinNum   0x10000054        0x8 ./example/src/relay.o
                0x10000054                pinNum
 .data.portNum  0x1000005c        0x8 ./example/src/relay.o
                0x1000005c                portNum
 .data.saves1.3920
                0x10000064        0x4 c:/nxp/lpcxpresso_8.2.0_647/lpcxpresso/tools/bin/../lib/gcc/arm-none-eabi/5.3.1/../../../../arm-none-eabi/lib/armv6-m\libcr_c.a(strtok.o)
                0x10000068                . = ALIGN (0x4)
                0x10000068                _edata = .

.igot.plt       0x10000068        0x0 load address 0x000079c8
 .igot.plt      0x10000068        0x0 ./freertos/croutine.o

.bss_RAM2       0x20004000        0x0
                [!provide]                PROVIDE (__start_bss_RAM2, .)
 *(.bss.$RAM2*)
 *(.bss.$RamUsb2*)
                0x20004000                . = ALIGN ((. != 0x0)?0x4:0x1)
                [!provide]                PROVIDE (__end_bss_RAM2, .)

.bss            0x10000068     0x1e48
                0x10000068                _bss = .
 *(.bss*)
 .bss.xNextFreeByte
                0x10000068        0x4 ./freertos/heap_1.o
 .bss.ucHeap    0x1000006c     0x189c ./freertos/heap_1.o
 .bss.pucAlignedHeap.6314
                0x10001908        0x4 ./freertos/heap_1.o
 .bss.xNumOfOverflows
                0x1000190c        0x4 ./freertos/tasks.o
 .bss.pxDelayedTaskList
                0x10001910        0x4 ./freertos/tasks.o
 .bss.xSchedulerRunning
                0x10001914        0x4 ./freertos/tasks.o
 .bss.uxTasksDeleted
                0x10001918        0x4 ./freertos/tasks.o
 .bss.xDelayedTaskList1
                0x1000191c       0x14 ./freertos/tasks.o
 .bss.pxOverflowDelayedTaskList
                0x10001930        0x4 ./freertos/tasks.o
 .bss.uxPendedTicks
                0x10001934        0x4 ./freertos/tasks.o
 .bss.pxReadyTasksLists
                0x10001938       0xa0 ./freertos/tasks.o
 .bss.xTasksWaitingTermination
                0x100019d8       0x14 ./freertos/tasks.o
 .bss.pxCurrentTCB
                0x100019ec        0x4 ./freertos/tasks.o
                0x100019ec                pxCurrentTCB
 .bss.xPendingReadyList
                0x100019f0       0x14 ./freertos/tasks.o
 .bss.uxSchedulerSuspended
                0x10001a04        0x4 ./freertos/tasks.o
 .bss.xTickCount
                0x10001a08        0x4 ./freertos/tasks.o
 .bss.xNextTaskUnblockTime
                0x10001a0c        0x4 ./freertos/tasks.o
 .bss.uxTaskNumber
                0x10001a10        0x4 ./freertos/tasks.o
 .bss.uxCurrentNumberOfTasks
                0x10001a14        0x4 ./freertos/tasks.o
 .bss.xDelayedTaskList2
                0x10001a18       0x14 ./freertos/tasks.o
 .bss.xSuspendedTaskList
                0x10001a2c       0x14 ./freertos/tasks.o
 .bss.uxTopReadyPriority
                0x10001a40        0x4 ./freertos/tasks.o
 .bss.xYieldPending
                0x10001a44        0x4 ./freertos/tasks.o
 .bss.xUartMsgSem
                0x10001a48        0x4 ./example/src/cdc_main.o
                0x10001a48                xUartMsgSem
 .bss.butTaskHandle
                0x10001a4c        0x4 ./example/src/cdc_main.o
                0x10001a4c                butTaskHandle
 .bss.mainTaskHandle
                0x10001a50        0x4 ./example/src/cdc_main.o
                0x10001a50                mainTaskHandle
 .bss.espTaskHandle
                0x10001a54        0x4 ./example/src/cdc_main.o
                0x10001a54                espTaskHandle
 .bss.xVComMutex
                0x10001a58        0x4 ./example/src/cdc_vcom_utils.o
                0x10001a58                xVComMutex
 .bss.g_rxBuff  0x10001a5c      0x100 ./example/src/cdc_vcom_utils.o
 .bss.g_hUsb    0x10001b5c        0x4 ./example/src/cdc_vcom_utils.o
 .bss.rxring    0x10001b60       0x14 ./example/src/esp.o
 .bss.txbuff    0x10001b74       0x40 ./example/src/esp.o
 .bss.txring    0x10001bb4       0x14 ./example/src/esp.o
 .bss.rxbuff    0x10001bc8       0x40 ./example/src/esp.o
 .bss._extra    0x10001c08        0x4 c:/nxp/lpcxpresso_8.2.0_647/lpcxpresso/tools/bin/../lib/gcc/arm-none-eabi/5.3.1/../../../../arm-none-eabi/lib/armv6-m\libcr_c.a(initio.o)
                0x10001c08                _extra
 .bss.__Ciob    0x10001c0c      0x140 c:/nxp/lpcxpresso_8.2.0_647/lpcxpresso/tools/bin/../lib/gcc/arm-none-eabi/5.3.1/../../../../arm-none-eabi/lib/armv6-m\libcr_c.a(stdio.o)
                0x10001c0c                __Ciob
 .bss.errno     0x10001d4c        0x4 c:/nxp/lpcxpresso_8.2.0_647/lpcxpresso/tools/bin/../lib/gcc/arm-none-eabi/5.3.1/../../../../arm-none-eabi/lib/armv6-m\libcr_c.a(errno.o)
                0x10001d4c                errno
 .bss.__heaps   0x10001d50        0x4 c:/nxp/lpcxpresso_8.2.0_647/lpcxpresso/tools/bin/../lib/gcc/arm-none-eabi/5.3.1/../../../../arm-none-eabi/lib/armv6-m\libcr_c.a(__init_alloc.o)
                0x10001d50                __heaps
 .bss.__end_of_heap
                0x10001d54        0x4 c:/nxp/lpcxpresso_8.2.0_647/lpcxpresso/tools/bin/../lib/gcc/arm-none-eabi/5.3.1/../../../../arm-none-eabi/lib/armv6-m\libcr_c.a(__init_alloc.o)
                0x10001d54                __end_of_heap
 *(COMMON)
 COMMON         0x10001d58       0x14 ./example/src/cdc_vcom.o
                0x10001d58                g_vCOM
 COMMON         0x10001d6c      0x12c ./example/src/cdc_vcom_utils.o
                0x10001d6c                tempBufstr
 COMMON         0x10001e98       0x14 ./example/src/esp.o
                0x10001e98                r0
                0x10001e9c                xEspMutex
                0x10001ea0                r2
                0x10001ea4                bConnected
                0x10001ea8                r1
 COMMON         0x10001eac        0x4 D:\dev\sonar\sonar-niip\lpc_chip_11uxx_lib\Debug\liblpc_chip_11uxx_lib.a(chip_11xx.o)
                0x10001eac                SystemCoreClock
                0x10001eb0                . = ALIGN (0x4)
                0x10001eb0                _ebss = .
                [!provide]                PROVIDE (end, .)

.noinit_RAM2    0x20004000        0x0
 *(.noinit.$RAM2*)
 *(.noinit.$RamUsb2*)
                0x20004000                . = ALIGN (0x4)

.noinit         0x10001eb0        0x0
                0x10001eb0                _noinit = .
 *(.noinit*)
                0x10001eb0                . = ALIGN (0x4)
                0x10001eb0                _end_noinit = .
                0x10001eb0                PROVIDE (_pvHeapStart, DEFINED (__user_heap_base)?__user_heap_base:.)
                0x10002000                PROVIDE (_vStackTop, DEFINED (__user_stack_top)?__user_stack_top:(__top_RamLoc8 - 0x0))
                [!provide]                PROVIDE (__valid_user_code_checksum, (0x0 - (((_vStackTop + (ResetISR + 0x1)) + (DEFINED (NMI_Handler)?NMI_Handler:M0_NMI_Handler + 0x1)) + (DEFINED (HardFault_Handler)?HardFault_Handler:M0_HardFault_Handler + 0x1))))
OUTPUT(nxp_lpcxpresso_11u14_usbd_lib_cdc.axf elf32-littlearm)

.debug_info     0x00000000     0xef04
 .debug_info    0x00000000      0x1d1 ./freertos/heap_1.o
 .debug_info    0x000001d1      0x2b5 ./freertos/list.o
 .debug_info    0x00000486      0x2b7 ./freertos/port.o
 .debug_info    0x0000073d     0x1239 ./freertos/queue.o
 .debug_info    0x00001976     0x1ddc ./freertos/tasks.o
 .debug_info    0x00003752       0xf3 ./example/src/cdc_desc.o
 .debug_info    0x00003845      0x48b ./example/src/cdc_main.o
 .debug_info    0x00003cd0     0x19ae ./example/src/cdc_vcom.o
 .debug_info    0x0000567e     0x2094 ./example/src/cdc_vcom_utils.o
 .debug_info    0x00007712      0x25f ./example/src/cr_startup_lpc11xx.o
 .debug_info    0x00007971     0x2248 ./example/src/esp.o
 .debug_info    0x00009bb9     0x1024 ./example/src/led_but.o
 .debug_info    0x0000abdd      0x4c5 ./example/src/relay.o
 .debug_info    0x0000b0a2       0xd1 ./example/src/sysinit.o
 .debug_info    0x0000b173      0x7b9 D:\dev\sonar\sonar-niip\nxp_lpcxpresso_11u14_board_lib\Debug\libnxp_lpcxpresso_11u14_board_lib.a(board.o)
 .debug_info    0x0000b92c      0x9a7 D:\dev\sonar\sonar-niip\nxp_lpcxpresso_11u14_board_lib\Debug\libnxp_lpcxpresso_11u14_board_lib.a(board_sysinit.o)
 .debug_info    0x0000c2d3       0xc2 D:\dev\sonar\sonar-niip\lpc_chip_11uxx_lib\Debug\liblpc_chip_11uxx_lib.a(chip_11xx.o)
 .debug_info    0x0000c395      0x8ee D:\dev\sonar\sonar-niip\lpc_chip_11uxx_lib\Debug\liblpc_chip_11uxx_lib.a(clock_11xx.o)
 .debug_info    0x0000cc83      0x988 D:\dev\sonar\sonar-niip\lpc_chip_11uxx_lib\Debug\liblpc_chip_11uxx_lib.a(gpio_11xx_1.o)
 .debug_info    0x0000d60b      0x15a D:\dev\sonar\sonar-niip\lpc_chip_11uxx_lib\Debug\liblpc_chip_11uxx_lib.a(iocon_11xx.o)
 .debug_info    0x0000d765      0x344 D:\dev\sonar\sonar-niip\lpc_chip_11uxx_lib\Debug\liblpc_chip_11uxx_lib.a(ring_buffer.o)
 .debug_info    0x0000daa9      0x593 D:\dev\sonar\sonar-niip\lpc_chip_11uxx_lib\Debug\liblpc_chip_11uxx_lib.a(sysctl_11xx.o)
 .debug_info    0x0000e03c      0xec8 D:\dev\sonar\sonar-niip\lpc_chip_11uxx_lib\Debug\liblpc_chip_11uxx_lib.a(uart_11xx.o)

.debug_abbrev   0x00000000     0x2af2
 .debug_abbrev  0x00000000      0x161 ./freertos/heap_1.o
 .debug_abbrev  0x00000161       0xf2 ./freertos/list.o
 .debug_abbrev  0x00000253      0x1ed ./freertos/port.o
 .debug_abbrev  0x00000440      0x235 ./freertos/queue.o
 .debug_abbrev  0x00000675      0x338 ./freertos/tasks.o
 .debug_abbrev  0x000009ad       0x60 ./example/src/cdc_desc.o
 .debug_abbrev  0x00000a0d      0x1a4 ./example/src/cdc_main.o
 .debug_abbrev  0x00000bb1      0x351 ./example/src/cdc_vcom.o
 .debug_abbrev  0x00000f02      0x3f9 ./example/src/cdc_vcom_utils.o
 .debug_abbrev  0x000012fb      0x127 ./example/src/cr_startup_lpc11xx.o
 .debug_abbrev  0x00001422      0x518 ./example/src/esp.o
 .debug_abbrev  0x0000193a      0x2c4 ./example/src/led_but.o
 .debug_abbrev  0x00001bfe      0x1ef ./example/src/relay.o
 .debug_abbrev  0x00001ded       0x88 ./example/src/sysinit.o
 .debug_abbrev  0x00001e75      0x238 D:\dev\sonar\sonar-niip\nxp_lpcxpresso_11u14_board_lib\Debug\libnxp_lpcxpresso_11u14_board_lib.a(board.o)
 .debug_abbrev  0x000020ad      0x1cf D:\dev\sonar\sonar-niip\nxp_lpcxpresso_11u14_board_lib\Debug\libnxp_lpcxpresso_11u14_board_lib.a(board_sysinit.o)
 .debug_abbrev  0x0000227c       0x7b D:\dev\sonar\sonar-niip\lpc_chip_11uxx_lib\Debug\liblpc_chip_11uxx_lib.a(chip_11xx.o)
 .debug_abbrev  0x000022f7      0x1c0 D:\dev\sonar\sonar-niip\lpc_chip_11uxx_lib\Debug\liblpc_chip_11uxx_lib.a(clock_11xx.o)
 .debug_abbrev  0x000024b7      0x175 D:\dev\sonar\sonar-niip\lpc_chip_11uxx_lib\Debug\liblpc_chip_11uxx_lib.a(gpio_11xx_1.o)
 .debug_abbrev  0x0000262c       0xc8 D:\dev\sonar\sonar-niip\lpc_chip_11uxx_lib\Debug\liblpc_chip_11uxx_lib.a(iocon_11xx.o)
 .debug_abbrev  0x000026f4      0x12d D:\dev\sonar\sonar-niip\lpc_chip_11uxx_lib\Debug\liblpc_chip_11uxx_lib.a(ring_buffer.o)
 .debug_abbrev  0x00002821       0xce D:\dev\sonar\sonar-niip\lpc_chip_11uxx_lib\Debug\liblpc_chip_11uxx_lib.a(sysctl_11xx.o)
 .debug_abbrev  0x000028ef      0x203 D:\dev\sonar\sonar-niip\lpc_chip_11uxx_lib\Debug\liblpc_chip_11uxx_lib.a(uart_11xx.o)

.debug_loc      0x00000000     0x3cc6
 .debug_loc     0x00000000       0x49 ./freertos/heap_1.o
 .debug_loc     0x00000049       0x89 ./freertos/list.o
 .debug_loc     0x000000d2       0xb4 ./freertos/port.o
 .debug_loc     0x00000186      0xf52 ./freertos/queue.o
 .debug_loc     0x000010d8     0x135b ./freertos/tasks.o
 .debug_loc     0x00002433       0x63 ./example/src/cdc_main.o
 .debug_loc     0x00002496      0x4a0 ./example/src/cdc_vcom.o
 .debug_loc     0x00002936      0x1de ./example/src/cdc_vcom_utils.o
 .debug_loc     0x00002b14      0x1d4 ./example/src/cr_startup_lpc11xx.o
 .debug_loc     0x00002ce8      0xa81 ./example/src/esp.o
 .debug_loc     0x00003769      0x38b ./example/src/led_but.o
 .debug_loc     0x00003af4      0x1d2 ./example/src/relay.o

.debug_aranges  0x00000000      0x9d0
 .debug_aranges
                0x00000000       0x38 ./freertos/heap_1.o
 .debug_aranges
                0x00000038       0x40 ./freertos/list.o
 .debug_aranges
                0x00000078       0x80 ./freertos/port.o
 .debug_aranges
                0x000000f8       0xd0 ./freertos/queue.o
 .debug_aranges
                0x000001c8      0x168 ./freertos/tasks.o
 .debug_aranges
                0x00000330       0x18 ./example/src/cdc_desc.o
 .debug_aranges
                0x00000348       0x38 ./example/src/cdc_main.o
 .debug_aranges
                0x00000380       0x58 ./example/src/cdc_vcom.o
 .debug_aranges
                0x000003d8       0x48 ./example/src/cdc_vcom_utils.o
 .debug_aranges
                0x00000420       0x60 ./example/src/cr_startup_lpc11xx.o
 .debug_aranges
                0x00000480       0xb0 ./example/src/esp.o
 .debug_aranges
                0x00000530       0x30 ./example/src/led_but.o
 .debug_aranges
                0x00000560       0x38 ./example/src/relay.o
 .debug_aranges
                0x00000598       0x20 ./example/src/sysinit.o
 .debug_aranges
                0x000005b8       0xd0 D:\dev\sonar\sonar-niip\nxp_lpcxpresso_11u14_board_lib\Debug\libnxp_lpcxpresso_11u14_board_lib.a(board.o)
 .debug_aranges
                0x00000688       0x68 D:\dev\sonar\sonar-niip\nxp_lpcxpresso_11u14_board_lib\Debug\libnxp_lpcxpresso_11u14_board_lib.a(board_sysinit.o)
 .debug_aranges
                0x000006f0       0x20 D:\dev\sonar\sonar-niip\lpc_chip_11uxx_lib\Debug\liblpc_chip_11uxx_lib.a(chip_11xx.o)
 .debug_aranges
                0x00000710       0xa0 D:\dev\sonar\sonar-niip\lpc_chip_11uxx_lib\Debug\liblpc_chip_11uxx_lib.a(clock_11xx.o)
 .debug_aranges
                0x000007b0       0x78 D:\dev\sonar\sonar-niip\lpc_chip_11uxx_lib\Debug\liblpc_chip_11uxx_lib.a(gpio_11xx_1.o)
 .debug_aranges
                0x00000828       0x20 D:\dev\sonar\sonar-niip\lpc_chip_11uxx_lib\Debug\liblpc_chip_11uxx_lib.a(iocon_11xx.o)
 .debug_aranges
                0x00000848       0x60 D:\dev\sonar\sonar-niip\lpc_chip_11uxx_lib\Debug\liblpc_chip_11uxx_lib.a(ring_buffer.o)
 .debug_aranges
                0x000008a8       0x38 D:\dev\sonar\sonar-niip\lpc_chip_11uxx_lib\Debug\liblpc_chip_11uxx_lib.a(sysctl_11xx.o)
 .debug_aranges
                0x000008e0       0xf0 D:\dev\sonar\sonar-niip\lpc_chip_11uxx_lib\Debug\liblpc_chip_11uxx_lib.a(uart_11xx.o)

.debug_ranges   0x00000000      0xcb0
 .debug_ranges  0x00000000       0x28 ./freertos/heap_1.o
 .debug_ranges  0x00000028       0x30 ./freertos/list.o
 .debug_ranges  0x00000058       0x88 ./freertos/port.o
 .debug_ranges  0x000000e0       0xc0 ./freertos/queue.o
 .debug_ranges  0x000001a0      0x218 ./freertos/tasks.o
 .debug_ranges  0x000003b8       0x28 ./example/src/cdc_main.o
 .debug_ranges  0x000003e0       0xa0 ./example/src/cdc_vcom.o
 .debug_ranges  0x00000480       0xb0 ./example/src/cdc_vcom_utils.o
 .debug_ranges  0x00000530       0x50 ./example/src/cr_startup_lpc11xx.o
 .debug_ranges  0x00000580      0x1a0 ./example/src/esp.o
 .debug_ranges  0x00000720      0x178 ./example/src/led_but.o
 .debug_ranges  0x00000898       0x80 ./example/src/relay.o
 .debug_ranges  0x00000918       0x10 ./example/src/sysinit.o
 .debug_ranges  0x00000928       0xc0 D:\dev\sonar\sonar-niip\nxp_lpcxpresso_11u14_board_lib\Debug\libnxp_lpcxpresso_11u14_board_lib.a(board.o)
 .debug_ranges  0x000009e8       0x58 D:\dev\sonar\sonar-niip\nxp_lpcxpresso_11u14_board_lib\Debug\libnxp_lpcxpresso_11u14_board_lib.a(board_sysinit.o)
 .debug_ranges  0x00000a40       0x10 D:\dev\sonar\sonar-niip\lpc_chip_11uxx_lib\Debug\liblpc_chip_11uxx_lib.a(chip_11xx.o)
 .debug_ranges  0x00000a50       0x90 D:\dev\sonar\sonar-niip\lpc_chip_11uxx_lib\Debug\liblpc_chip_11uxx_lib.a(clock_11xx.o)
 .debug_ranges  0x00000ae0       0x68 D:\dev\sonar\sonar-niip\lpc_chip_11uxx_lib\Debug\liblpc_chip_11uxx_lib.a(gpio_11xx_1.o)
 .debug_ranges  0x00000b48       0x10 D:\dev\sonar\sonar-niip\lpc_chip_11uxx_lib\Debug\liblpc_chip_11uxx_lib.a(iocon_11xx.o)
 .debug_ranges  0x00000b58       0x50 D:\dev\sonar\sonar-niip\lpc_chip_11uxx_lib\Debug\liblpc_chip_11uxx_lib.a(ring_buffer.o)
 .debug_ranges  0x00000ba8       0x28 D:\dev\sonar\sonar-niip\lpc_chip_11uxx_lib\Debug\liblpc_chip_11uxx_lib.a(sysctl_11xx.o)
 .debug_ranges  0x00000bd0       0xe0 D:\dev\sonar\sonar-niip\lpc_chip_11uxx_lib\Debug\liblpc_chip_11uxx_lib.a(uart_11xx.o)

.debug_macro    0x00000000     0x5df1
 .debug_macro   0x00000000      0x237 ./freertos/heap_1.o
 .debug_macro   0x00000237      0x216 ./freertos/list.o
 .debug_macro   0x0000044d      0x25f ./freertos/port.o
 .debug_macro   0x000006ac      0x27f ./freertos/queue.o
 .debug_macro   0x0000092b       0xb0 ./freertos/queue.o
 .debug_macro   0x000009db      0x2c2 ./freertos/tasks.o
 .debug_macro   0x00000c9d       0x10 ./freertos/tasks.o
 .debug_macro   0x00000cad       0xf5 ./example/src/cdc_desc.o
 .debug_macro   0x00000da2       0x7b ./example/src/cdc_desc.o
 .debug_macro   0x00000e1d      0x26c ./example/src/cdc_desc.o
 .debug_macro   0x00001089       0x58 ./example/src/cdc_desc.o
 .debug_macro   0x000010e1       0x12 ./example/src/cdc_desc.o
 .debug_macro   0x000010f3       0xfa ./example/src/cdc_desc.o
 .debug_macro   0x000011ed       0xee ./example/src/cdc_desc.o
 .debug_macro   0x000012db      0x693 ./example/src/cdc_desc.o
 .debug_macro   0x0000196e      0x272 ./example/src/cdc_desc.o
 .debug_macro   0x00001be0       0x10 ./example/src/cdc_desc.o
 .debug_macro   0x00001bf0      0x2eb ./example/src/cdc_main.o
 .debug_macro   0x00001edb       0x10 ./example/src/cdc_main.o
 .debug_macro   0x00001eeb      0x121 ./example/src/cdc_main.o
 .debug_macro   0x0000200c       0x7f ./example/src/cdc_main.o
 .debug_macro   0x0000208b       0x7c ./example/src/cdc_main.o
 .debug_macro   0x00002107       0x40 ./example/src/cdc_main.o
 .debug_macro   0x00002147      0x256 ./example/src/cdc_vcom.o
 .debug_macro   0x0000239d       0x2e ./example/src/cdc_vcom.o
 .debug_macro   0x000023cb      0x2dd ./example/src/cdc_vcom_utils.o
 .debug_macro   0x000026a8       0x26 ./example/src/cr_startup_lpc11xx.o
 .debug_macro   0x000026ce      0x25e ./example/src/esp.o
 .debug_macro   0x0000292c       0x58 ./example/src/esp.o
 .debug_macro   0x00002984      0x229 ./example/src/led_but.o
 .debug_macro   0x00002bad      0x220 ./example/src/relay.o
 .debug_macro   0x00002dcd      0x193 ./example/src/sysinit.o
 .debug_macro   0x00002f60      0x31f D:\dev\sonar\sonar-niip\nxp_lpcxpresso_11u14_board_lib\Debug\libnxp_lpcxpresso_11u14_board_lib.a(board.o)
 .debug_macro   0x0000327f      0x838 D:\dev\sonar\sonar-niip\nxp_lpcxpresso_11u14_board_lib\Debug\libnxp_lpcxpresso_11u14_board_lib.a(board.o)
 .debug_macro   0x00003ab7       0x22 D:\dev\sonar\sonar-niip\nxp_lpcxpresso_11u14_board_lib\Debug\libnxp_lpcxpresso_11u14_board_lib.a(board.o)
 .debug_macro   0x00003ad9       0x87 D:\dev\sonar\sonar-niip\nxp_lpcxpresso_11u14_board_lib\Debug\libnxp_lpcxpresso_11u14_board_lib.a(board.o)
 .debug_macro   0x00003b60       0x44 D:\dev\sonar\sonar-niip\nxp_lpcxpresso_11u14_board_lib\Debug\libnxp_lpcxpresso_11u14_board_lib.a(board.o)
 .debug_macro   0x00003ba4       0xfd D:\dev\sonar\sonar-niip\nxp_lpcxpresso_11u14_board_lib\Debug\libnxp_lpcxpresso_11u14_board_lib.a(board.o)
 .debug_macro   0x00003ca1       0x22 D:\dev\sonar\sonar-niip\nxp_lpcxpresso_11u14_board_lib\Debug\libnxp_lpcxpresso_11u14_board_lib.a(board.o)
 .debug_macro   0x00003cc3      0x1df D:\dev\sonar\sonar-niip\nxp_lpcxpresso_11u14_board_lib\Debug\libnxp_lpcxpresso_11u14_board_lib.a(board.o)
 .debug_macro   0x00003ea2       0x22 D:\dev\sonar\sonar-niip\nxp_lpcxpresso_11u14_board_lib\Debug\libnxp_lpcxpresso_11u14_board_lib.a(board.o)
 .debug_macro   0x00003ec4       0x52 D:\dev\sonar\sonar-niip\nxp_lpcxpresso_11u14_board_lib\Debug\libnxp_lpcxpresso_11u14_board_lib.a(board.o)
 .debug_macro   0x00003f16       0x35 D:\dev\sonar\sonar-niip\nxp_lpcxpresso_11u14_board_lib\Debug\libnxp_lpcxpresso_11u14_board_lib.a(board.o)
 .debug_macro   0x00003f4b       0x9c D:\dev\sonar\sonar-niip\nxp_lpcxpresso_11u14_board_lib\Debug\libnxp_lpcxpresso_11u14_board_lib.a(board.o)
 .debug_macro   0x00003fe7       0x16 D:\dev\sonar\sonar-niip\nxp_lpcxpresso_11u14_board_lib\Debug\libnxp_lpcxpresso_11u14_board_lib.a(board.o)
 .debug_macro   0x00003ffd       0x97 D:\dev\sonar\sonar-niip\nxp_lpcxpresso_11u14_board_lib\Debug\libnxp_lpcxpresso_11u14_board_lib.a(board.o)
 .debug_macro   0x00004094      0x30d D:\dev\sonar\sonar-niip\nxp_lpcxpresso_11u14_board_lib\Debug\libnxp_lpcxpresso_11u14_board_lib.a(board.o)
 .debug_macro   0x000043a1       0xfd D:\dev\sonar\sonar-niip\nxp_lpcxpresso_11u14_board_lib\Debug\libnxp_lpcxpresso_11u14_board_lib.a(board.o)
 .debug_macro   0x0000449e       0x10 D:\dev\sonar\sonar-niip\nxp_lpcxpresso_11u14_board_lib\Debug\libnxp_lpcxpresso_11u14_board_lib.a(board.o)
 .debug_macro   0x000044ae       0x52 D:\dev\sonar\sonar-niip\nxp_lpcxpresso_11u14_board_lib\Debug\libnxp_lpcxpresso_11u14_board_lib.a(board.o)
 .debug_macro   0x00004500       0x16 D:\dev\sonar\sonar-niip\nxp_lpcxpresso_11u14_board_lib\Debug\libnxp_lpcxpresso_11u14_board_lib.a(board.o)
 .debug_macro   0x00004516       0x43 D:\dev\sonar\sonar-niip\nxp_lpcxpresso_11u14_board_lib\Debug\libnxp_lpcxpresso_11u14_board_lib.a(board.o)
 .debug_macro   0x00004559      0x187 D:\dev\sonar\sonar-niip\nxp_lpcxpresso_11u14_board_lib\Debug\libnxp_lpcxpresso_11u14_board_lib.a(board.o)
 .debug_macro   0x000046e0       0x22 D:\dev\sonar\sonar-niip\nxp_lpcxpresso_11u14_board_lib\Debug\libnxp_lpcxpresso_11u14_board_lib.a(board.o)
 .debug_macro   0x00004702       0x3a D:\dev\sonar\sonar-niip\nxp_lpcxpresso_11u14_board_lib\Debug\libnxp_lpcxpresso_11u14_board_lib.a(board.o)
 .debug_macro   0x0000473c       0x10 D:\dev\sonar\sonar-niip\nxp_lpcxpresso_11u14_board_lib\Debug\libnxp_lpcxpresso_11u14_board_lib.a(board.o)
 .debug_macro   0x0000474c       0x40 D:\dev\sonar\sonar-niip\nxp_lpcxpresso_11u14_board_lib\Debug\libnxp_lpcxpresso_11u14_board_lib.a(board.o)
 .debug_macro   0x0000478c       0x6c D:\dev\sonar\sonar-niip\nxp_lpcxpresso_11u14_board_lib\Debug\libnxp_lpcxpresso_11u14_board_lib.a(board.o)
 .debug_macro   0x000047f8       0x16 D:\dev\sonar\sonar-niip\nxp_lpcxpresso_11u14_board_lib\Debug\libnxp_lpcxpresso_11u14_board_lib.a(board.o)
 .debug_macro   0x0000480e      0x182 D:\dev\sonar\sonar-niip\nxp_lpcxpresso_11u14_board_lib\Debug\libnxp_lpcxpresso_11u14_board_lib.a(board.o)
 .debug_macro   0x00004990       0x12 D:\dev\sonar\sonar-niip\nxp_lpcxpresso_11u14_board_lib\Debug\libnxp_lpcxpresso_11u14_board_lib.a(board.o)
 .debug_macro   0x000049a2      0x2e1 D:\dev\sonar\sonar-niip\nxp_lpcxpresso_11u14_board_lib\Debug\libnxp_lpcxpresso_11u14_board_lib.a(board_sysinit.o)
 .debug_macro   0x00004c83       0x16 D:\dev\sonar\sonar-niip\nxp_lpcxpresso_11u14_board_lib\Debug\libnxp_lpcxpresso_11u14_board_lib.a(board_sysinit.o)
 .debug_macro   0x00004c99       0x35 D:\dev\sonar\sonar-niip\nxp_lpcxpresso_11u14_board_lib\Debug\libnxp_lpcxpresso_11u14_board_lib.a(board_sysinit.o)
 .debug_macro   0x00004cce      0x15d D:\dev\sonar\sonar-niip\lpc_chip_11uxx_lib\Debug\liblpc_chip_11uxx_lib.a(chip_11xx.o)
 .debug_macro   0x00004e2b      0x838 D:\dev\sonar\sonar-niip\lpc_chip_11uxx_lib\Debug\liblpc_chip_11uxx_lib.a(chip_11xx.o)
 .debug_macro   0x00005663      0x15d D:\dev\sonar\sonar-niip\lpc_chip_11uxx_lib\Debug\liblpc_chip_11uxx_lib.a(clock_11xx.o)
 .debug_macro   0x000057c0      0x15d D:\dev\sonar\sonar-niip\lpc_chip_11uxx_lib\Debug\liblpc_chip_11uxx_lib.a(gpio_11xx_1.o)
 .debug_macro   0x0000591d      0x15d D:\dev\sonar\sonar-niip\lpc_chip_11uxx_lib\Debug\liblpc_chip_11uxx_lib.a(iocon_11xx.o)
 .debug_macro   0x00005a7a       0x83 D:\dev\sonar\sonar-niip\lpc_chip_11uxx_lib\Debug\liblpc_chip_11uxx_lib.a(ring_buffer.o)
 .debug_macro   0x00005afd       0x10 D:\dev\sonar\sonar-niip\lpc_chip_11uxx_lib\Debug\liblpc_chip_11uxx_lib.a(ring_buffer.o)
 .debug_macro   0x00005b0d      0x187 D:\dev\sonar\sonar-niip\lpc_chip_11uxx_lib\Debug\liblpc_chip_11uxx_lib.a(sysctl_11xx.o)
 .debug_macro   0x00005c94      0x15d D:\dev\sonar\sonar-niip\lpc_chip_11uxx_lib\Debug\liblpc_chip_11uxx_lib.a(uart_11xx.o)

.debug_line     0x00000000     0x757a
 .debug_line    0x00000000      0x4c4 ./freertos/heap_1.o
 .debug_line    0x000004c4      0x4e6 ./freertos/list.o
 .debug_line    0x000009aa      0x56f ./freertos/port.o
 .debug_line    0x00000f19      0x8fc ./freertos/queue.o
 .debug_line    0x00001815      0xd16 ./freertos/tasks.o
 .debug_line    0x0000252b      0x292 ./example/src/cdc_desc.o
 .debug_line    0x000027bd      0x62b ./example/src/cdc_main.o
 .debug_line    0x00002de8      0x5e8 ./example/src/cdc_vcom.o
 .debug_line    0x000033d0      0x69e ./example/src/cdc_vcom_utils.o
 .debug_line    0x00003a6e       0xd2 ./example/src/cr_startup_lpc11xx.o
 .debug_line    0x00003b40      0x7b8 ./example/src/esp.o
 .debug_line    0x000042f8      0x54e ./example/src/led_but.o
 .debug_line    0x00004846      0x53c ./example/src/relay.o
 .debug_line    0x00004d82      0x331 ./example/src/sysinit.o
 .debug_line    0x000050b3      0x6c9 D:\dev\sonar\sonar-niip\nxp_lpcxpresso_11u14_board_lib\Debug\libnxp_lpcxpresso_11u14_board_lib.a(board.o)
 .debug_line    0x0000577c      0x5f4 D:\dev\sonar\sonar-niip\nxp_lpcxpresso_11u14_board_lib\Debug\libnxp_lpcxpresso_11u14_board_lib.a(board_sysinit.o)
 .debug_line    0x00005d70      0x2cb D:\dev\sonar\sonar-niip\lpc_chip_11uxx_lib\Debug\liblpc_chip_11uxx_lib.a(chip_11xx.o)
 .debug_line    0x0000603b      0x439 D:\dev\sonar\sonar-niip\lpc_chip_11uxx_lib\Debug\liblpc_chip_11uxx_lib.a(clock_11xx.o)
 .debug_line    0x00006474      0x3ba D:\dev\sonar\sonar-niip\lpc_chip_11uxx_lib\Debug\liblpc_chip_11uxx_lib.a(gpio_11xx_1.o)
 .debug_line    0x0000682e      0x2cf D:\dev\sonar\sonar-niip\lpc_chip_11uxx_lib\Debug\liblpc_chip_11uxx_lib.a(iocon_11xx.o)
 .debug_line    0x00006afd      0x23a D:\dev\sonar\sonar-niip\lpc_chip_11uxx_lib\Debug\liblpc_chip_11uxx_lib.a(ring_buffer.o)
 .debug_line    0x00006d37      0x308 D:\dev\sonar\sonar-niip\lpc_chip_11uxx_lib\Debug\liblpc_chip_11uxx_lib.a(sysctl_11xx.o)
 .debug_line    0x0000703f      0x53b D:\dev\sonar\sonar-niip\lpc_chip_11uxx_lib\Debug\liblpc_chip_11uxx_lib.a(uart_11xx.o)

.debug_str      0x00000000    0x1a413
 .debug_str     0x00000000     0xb632 ./freertos/heap_1.o
                               0xb760 (size before relaxing)
 .debug_str     0x0000b632      0x135 ./freertos/list.o
                               0xaff0 (size before relaxing)
 .debug_str     0x0000b767      0x3a4 ./freertos/port.o
                               0xb99f (size before relaxing)
 .debug_str     0x0000bb0b     0x1193 ./freertos/queue.o
                               0xc9ab (size before relaxing)
 .debug_str     0x0000cc9e     0x16eb ./freertos/tasks.o
                               0xd10f (size before relaxing)
 .debug_str     0x0000e389     0x3d53 ./example/src/cdc_desc.o
                               0x7a96 (size before relaxing)
 .debug_str     0x000120dc      0xab4 ./example/src/cdc_main.o
                              0x10879 (size before relaxing)
 .debug_str     0x00012b90     0x12b1 ./example/src/cdc_vcom.o
                               0xd061 (size before relaxing)
 .debug_str     0x00013e41      0x739 ./example/src/cdc_vcom_utils.o
                              0x11fdf (size before relaxing)
 .debug_str     0x0001457a      0x15c ./example/src/cr_startup_lpc11xx.o
                               0x2548 (size before relaxing)
 .debug_str     0x000146d6      0x64b ./example/src/esp.o
                               0xd3ec (size before relaxing)
 .debug_str     0x00014d21      0x168 ./example/src/led_but.o
                               0xc295 (size before relaxing)
 .debug_str     0x00014e89      0x10f ./example/src/relay.o
                               0xb8b5 (size before relaxing)
 .debug_str     0x00014f98       0x2a ./example/src/sysinit.o
                               0x7fec (size before relaxing)
 .debug_str     0x00014fc2     0x47b4 D:\dev\sonar\sonar-niip\nxp_lpcxpresso_11u14_board_lib\Debug\libnxp_lpcxpresso_11u14_board_lib.a(board.o)
                               0xb061 (size before relaxing)
 .debug_str     0x00019776      0x2b8 D:\dev\sonar\sonar-niip\nxp_lpcxpresso_11u14_board_lib\Debug\libnxp_lpcxpresso_11u14_board_lib.a(board_sysinit.o)
                               0xb460 (size before relaxing)
 .debug_str     0x00019a2e       0x44 D:\dev\sonar\sonar-niip\lpc_chip_11uxx_lib\Debug\liblpc_chip_11uxx_lib.a(chip_11xx.o)
                               0x7c3d (size before relaxing)
 .debug_str     0x00019a72      0x427 D:\dev\sonar\sonar-niip\lpc_chip_11uxx_lib\Debug\liblpc_chip_11uxx_lib.a(clock_11xx.o)
                               0x8448 (size before relaxing)
 .debug_str     0x00019e99       0xf7 D:\dev\sonar\sonar-niip\lpc_chip_11uxx_lib\Debug\liblpc_chip_11uxx_lib.a(gpio_11xx_1.o)
                               0x82a6 (size before relaxing)
 .debug_str     0x00019f90       0x1b D:\dev\sonar\sonar-niip\lpc_chip_11uxx_lib\Debug\liblpc_chip_11uxx_lib.a(iocon_11xx.o)
                               0x7c60 (size before relaxing)
 .debug_str     0x00019fab       0xe9 D:\dev\sonar\sonar-niip\lpc_chip_11uxx_lib\Debug\liblpc_chip_11uxx_lib.a(ring_buffer.o)
                               0x3ec3 (size before relaxing)
 .debug_str     0x0001a094      0x18b D:\dev\sonar\sonar-niip\lpc_chip_11uxx_lib\Debug\liblpc_chip_11uxx_lib.a(sysctl_11xx.o)
                               0x804b (size before relaxing)
 .debug_str     0x0001a21f      0x1f4 D:\dev\sonar\sonar-niip\lpc_chip_11uxx_lib\Debug\liblpc_chip_11uxx_lib.a(uart_11xx.o)
                               0x84a1 (size before relaxing)

.comment        0x00000000      0x14c
 .comment       0x00000000       0x6e ./freertos/heap_1.o
                                 0x6f (size before relaxing)
 .comment       0x0000006e       0x6f ./freertos/list.o
 .comment       0x0000006e       0x6f ./freertos/port.o
 .comment       0x0000006e       0x6f ./freertos/queue.o
 .comment       0x0000006e       0x6f ./freertos/tasks.o
 .comment       0x0000006e       0x6f ./example/src/cdc_desc.o
 .comment       0x0000006e       0x6f ./example/src/cdc_main.o
 .comment       0x0000006e       0x6f ./example/src/cdc_vcom.o
 .comment       0x0000006e       0x6f ./example/src/cdc_vcom_utils.o
 .comment       0x0000006e       0x6f ./example/src/cr_startup_lpc11xx.o
 .comment       0x0000006e       0x6f ./example/src/esp.o
 .comment       0x0000006e       0x6f ./example/src/led_but.o
 .comment       0x0000006e       0x6f ./example/src/relay.o
 .comment       0x0000006e       0x6f ./example/src/sysinit.o
 .comment       0x0000006e       0x6f D:\dev\sonar\sonar-niip\nxp_lpcxpresso_11u14_board_lib\Debug\libnxp_lpcxpresso_11u14_board_lib.a(board.o)
 .comment       0x0000006e       0x6f D:\dev\sonar\sonar-niip\nxp_lpcxpresso_11u14_board_lib\Debug\libnxp_lpcxpresso_11u14_board_lib.a(board_sysinit.o)
 .comment       0x0000006e       0x6f D:\dev\sonar\sonar-niip\lpc_chip_11uxx_lib\Debug\liblpc_chip_11uxx_lib.a(chip_11xx.o)
 .comment       0x0000006e       0x6f D:\dev\sonar\sonar-niip\lpc_chip_11uxx_lib\Debug\liblpc_chip_11uxx_lib.a(clock_11xx.o)
 .comment       0x0000006e       0x6f D:\dev\sonar\sonar-niip\lpc_chip_11uxx_lib\Debug\liblpc_chip_11uxx_lib.a(gpio_11xx_1.o)
 .comment       0x0000006e       0x6f D:\dev\sonar\sonar-niip\lpc_chip_11uxx_lib\Debug\liblpc_chip_11uxx_lib.a(iocon_11xx.o)
 .comment       0x0000006e       0x6f D:\dev\sonar\sonar-niip\lpc_chip_11uxx_lib\Debug\liblpc_chip_11uxx_lib.a(ring_buffer.o)
 .comment       0x0000006e       0x6f D:\dev\sonar\sonar-niip\lpc_chip_11uxx_lib\Debug\liblpc_chip_11uxx_lib.a(sysctl_11xx.o)
 .comment       0x0000006e       0x6f D:\dev\sonar\sonar-niip\lpc_chip_11uxx_lib\Debug\liblpc_chip_11uxx_lib.a(uart_11xx.o)
 .comment       0x0000006e       0x70 D:\dev\sonar\sonar-niip\lpc_chip_11uxx_lib\libs\libusbd_11uxx_lib.a(mw_usbd_rom_api.o)
                                 0x71 (size before relaxing)
 .comment       0x000000de       0x71 D:\dev\sonar\sonar-niip\lpc_chip_11uxx_lib\libs\libusbd_11uxx_lib.a(hw_usbd_ip3511.o)
 .comment       0x000000de       0x71 D:\dev\sonar\sonar-niip\lpc_chip_11uxx_lib\libs\libusbd_11uxx_lib.a(mw_usbd_cdcuser.o)
 .comment       0x000000de       0x71 D:\dev\sonar\sonar-niip\lpc_chip_11uxx_lib\libs\libusbd_11uxx_lib.a(mw_usbd_core.o)
 .comment       0x000000de       0x6e c:/nxp/lpcxpresso_8.2.0_647/lpcxpresso/tools/bin/../lib/gcc/arm-none-eabi/5.3.1/../../../../arm-none-eabi/lib/armv6-m\libcr_nohost.a(_cr__main.o)
                                 0x6f (size before relaxing)
 .comment       0x0000014c       0x6f c:/nxp/lpcxpresso_8.2.0_647/lpcxpresso/tools/bin/../lib/gcc/arm-none-eabi/5.3.1/../../../../arm-none-eabi/lib/armv6-m\libcr_c.a(memcpy.o)
 .comment       0x0000014c       0x6f c:/nxp/lpcxpresso_8.2.0_647/lpcxpresso/tools/bin/../lib/gcc/arm-none-eabi/5.3.1/../../../../arm-none-eabi/lib/armv6-m\libcr_c.a(memset.o)
 .comment       0x0000014c       0x6f c:/nxp/lpcxpresso_8.2.0_647/lpcxpresso/tools/bin/../lib/gcc/arm-none-eabi/5.3.1/../../../../arm-none-eabi/lib/armv6-m\libcr_c.a(fpprintf.o)
 .comment       0x0000014c       0x6f c:/nxp/lpcxpresso_8.2.0_647/lpcxpresso/tools/bin/../lib/gcc/arm-none-eabi/5.3.1/../../../../arm-none-eabi/lib/armv6-m\libcr_c.a(initio.o)
 .comment       0x0000014c       0x6f c:/nxp/lpcxpresso_8.2.0_647/lpcxpresso/tools/bin/../lib/gcc/arm-none-eabi/5.3.1/../../../../arm-none-eabi/lib/armv6-m\libcr_c.a(memchr.o)
 .comment       0x0000014c       0x6f c:/nxp/lpcxpresso_8.2.0_647/lpcxpresso/tools/bin/../lib/gcc/arm-none-eabi/5.3.1/../../../../arm-none-eabi/lib/armv6-m\libcr_c.a(memcmp.o)