Archive member included to satisfy reference by file (symbol)

C:\dev\niip-sonar\nxp_lpcxpresso_11u14_board_lib\Release\libnxp_lpcxpresso_11u14_board_lib.a(board.o)
                              ./example/src/cdc_main.o (Board_Init)
C:\dev\niip-sonar\nxp_lpcxpresso_11u14_board_lib\Release\libnxp_lpcxpresso_11u14_board_lib.a(board_sysinit.o)
                              ./example/src/sysinit.o (Board_SystemInit)
C:\dev\niip-sonar\lpc_chip_11uxx_lib\Release\liblpc_chip_11uxx_lib.a(chip_11xx.o)
                              ./example/src/cdc_main.o (SystemCoreClockUpdate)
C:\dev\niip-sonar\lpc_chip_11uxx_lib\Release\liblpc_chip_11uxx_lib.a(clock_11xx.o)
                              C:\dev\niip-sonar\nxp_lpcxpresso_11u14_board_lib\Release\libnxp_lpcxpresso_11u14_board_lib.a(board_sysinit.o) (Chip_Clock_SetSystemPLLSource)
C:\dev\niip-sonar\lpc_chip_11uxx_lib\Release\liblpc_chip_11uxx_lib.a(gpio_11xx_1.o)
                              C:\dev\niip-sonar\nxp_lpcxpresso_11u14_board_lib\Release\libnxp_lpcxpresso_11u14_board_lib.a(board.o) (Chip_GPIO_Init)
C:\dev\niip-sonar\lpc_chip_11uxx_lib\Release\liblpc_chip_11uxx_lib.a(iocon_11xx.o)
                              ./example/src/esp.o (Chip_IOCON_PinMuxSet)
C:\dev\niip-sonar\lpc_chip_11uxx_lib\Release\liblpc_chip_11uxx_lib.a(ring_buffer.o)
                              ./example/src/esp.o (RingBuffer_Init)
C:\dev\niip-sonar\lpc_chip_11uxx_lib\Release\liblpc_chip_11uxx_lib.a(sysctl_11xx.o)
                              C:\dev\niip-sonar\nxp_lpcxpresso_11u14_board_lib\Release\libnxp_lpcxpresso_11u14_board_lib.a(board_sysinit.o) (Chip_SYSCTL_PowerDown)
C:\dev\niip-sonar\lpc_chip_11uxx_lib\Release\liblpc_chip_11uxx_lib.a(uart_11xx.o)
                              ./example/src/esp.o (Chip_UART_Init)
C:\dev\niip-sonar\lpc_chip_11uxx_lib\libs\libusbd_11uxx_lib.a(mw_usbd_rom_api.o)
                              ./example/src/cdc_vcom_utils.o (cdc_api)
C:\dev\niip-sonar\lpc_chip_11uxx_lib\libs\libusbd_11uxx_lib.a(hw_usbd_ip3511.o)
                              C:\dev\niip-sonar\lpc_chip_11uxx_lib\libs\libusbd_11uxx_lib.a(mw_usbd_rom_api.o) (hwUSB_ForceFullSpeed)
C:\dev\niip-sonar\lpc_chip_11uxx_lib\libs\libusbd_11uxx_lib.a(mw_usbd_cdcuser.o)
                              C:\dev\niip-sonar\lpc_chip_11uxx_lib\libs\libusbd_11uxx_lib.a(mw_usbd_rom_api.o) (mwCDC_SendNotification)
C:\dev\niip-sonar\lpc_chip_11uxx_lib\libs\libusbd_11uxx_lib.a(mw_usbd_core.o)
                              C:\dev\niip-sonar\lpc_chip_11uxx_lib\libs\libusbd_11uxx_lib.a(hw_usbd_ip3511.o) (mwUSB_ResetCore)
C:\dev\niip-sonar\lpc_chip_11uxx_lib\libs\libusbd_11uxx_lib.a(mw_usbd_dfuuser.o)
                              C:\dev\niip-sonar\lpc_chip_11uxx_lib\libs\libusbd_11uxx_lib.a(mw_usbd_rom_api.o) (mwDFU_GetMemSize)
C:\dev\niip-sonar\lpc_chip_11uxx_lib\libs\libusbd_11uxx_lib.a(mw_usbd_hiduser.o)
                              C:\dev\niip-sonar\lpc_chip_11uxx_lib\libs\libusbd_11uxx_lib.a(mw_usbd_rom_api.o) (mwHID_GetMemSize)
C:\dev\niip-sonar\lpc_chip_11uxx_lib\libs\libusbd_11uxx_lib.a(mw_usbd_mscuser.o)
                              C:\dev\niip-sonar\lpc_chip_11uxx_lib\libs\libusbd_11uxx_lib.a(mw_usbd_rom_api.o) (mwMSC_GetMemSize)
c:/nxp/lpcxpresso_8.1.4_606/lpcxpresso/tools/bin/../lib/gcc/arm-none-eabi/5.2.1/../../../../arm-none-eabi/lib/armv6-m\libcr_nohost.a(_cr__main.o)
                              ./example/src/cr_startup_lpc11xx.o (__main)
c:/nxp/lpcxpresso_8.1.4_606/lpcxpresso/tools/bin/../lib/gcc/arm-none-eabi/5.2.1/../../../../arm-none-eabi/lib/armv6-m\libcr_c.a(memcpy.o)
                              ./freertos/queue.o (memcpy)
c:/nxp/lpcxpresso_8.1.4_606/lpcxpresso/tools/bin/../lib/gcc/arm-none-eabi/5.2.1/../../../../arm-none-eabi/lib/armv6-m\libcr_c.a(memset.o)
                              ./freertos/tasks.o (memset)
c:/nxp/lpcxpresso_8.1.4_606/lpcxpresso/tools/bin/../lib/gcc/arm-none-eabi/5.2.1/../../../../arm-none-eabi/lib/armv6-m\libcr_c.a(fpprintf.o)
                              ./example/src/cdc_main.o (sprintf)
c:/nxp/lpcxpresso_8.1.4_606/lpcxpresso/tools/bin/../lib/gcc/arm-none-eabi/5.2.1/../../../../arm-none-eabi/lib/armv6-m\libcr_c.a(initio.o)
                              c:/nxp/lpcxpresso_8.1.4_606/lpcxpresso/tools/bin/../lib/gcc/arm-none-eabi/5.2.1/../../../../arm-none-eabi/lib/armv6-m\libcr_nohost.a(_cr__main.o) (_initio)
c:/nxp/lpcxpresso_8.1.4_606/lpcxpresso/tools/bin/../lib/gcc/arm-none-eabi/5.2.1/../../../../arm-none-eabi/lib/armv6-m\libcr_c.a(memchr.o)
                              ./example/src/esp.o (memchr)
c:/nxp/lpcxpresso_8.1.4_606/lpcxpresso/tools/bin/../lib/gcc/arm-none-eabi/5.2.1/../../../../arm-none-eabi/lib/armv6-m\libcr_c.a(memcmp.o)
                              ./example/src/esp.o (memcmp)
c:/nxp/lpcxpresso_8.1.4_606/lpcxpresso/tools/bin/../lib/gcc/arm-none-eabi/5.2.1/../../../../arm-none-eabi/lib/armv6-m\libcr_c.a(printf.o)
[...]
Memory Configuration

Name             Origin             Length             Attributes
MFlash32         0x00000000         0x00008000         xr
RamLoc8          0x10000000         0x00002000         xrw
RamUsb2          0x20004000         0x00000800         xrw
*default*        0x00000000         0xffffffff

Linker script and memory map

LOAD ./freertos/croutine.o
LOAD ./freertos/event_groups.o
LOAD ./freertos/heap_1.o
LOAD ./freertos/list.o
LOAD ./freertos/port.o
LOAD ./freertos/queue.o
LOAD ./freertos/tasks.o
LOAD ./freertos/timers.o
LOAD ./example/src/cdc_desc.o
LOAD ./example/src/cdc_main.o
LOAD ./example/src/cdc_vcom.o
LOAD ./example/src/cdc_vcom_utils.o
LOAD ./example/src/cr_startup_lpc11xx.o
LOAD ./example/src/esp.o
LOAD ./example/src/led_but.o
LOAD ./example/src/relay.o
LOAD ./example/src/sysinit.o
LOAD C:\dev\niip-sonar\nxp_lpcxpresso_11u14_board_lib\Release\libnxp_lpcxpresso_11u14_board_lib.a
LOAD C:\dev\niip-sonar\lpc_chip_11uxx_lib\Release\liblpc_chip_11uxx_lib.a
LOAD C:\dev\niip-sonar\lpc_chip_11uxx_lib\libs\libusbd_11uxx_lib.a
START GROUP
LOAD c:/nxp/lpcxpresso_8.1.4_606/lpcxpresso/tools/bin/../lib/gcc/arm-none-eabi/5.2.1/../../../../arm-none-eabi/lib/armv6-m\libcr_nohost.a
LOAD c:/nxp/lpcxpresso_8.1.4_606/lpcxpresso/tools/bin/../lib/gcc/arm-none-eabi/5.2.1/../../../../arm-none-eabi/lib/armv6-m\libcr_c.a
LOAD c:/nxp/lpcxpresso_8.1.4_606/lpcxpresso/tools/bin/../lib/gcc/arm-none-eabi/5.2.1/armv6-m\libcr_eabihelpers.a
END GROUP
                0x00000000                __base_MFlash32 = 0x0
                0x00000000                __base_Flash = 0x0
                0x00008000                __top_MFlash32 = 0x8000
                0x00008000                __top_Flash = 0x8000
                0x10000000                __base_RamLoc8 = 0x10000000
                0x10000000                __base_RAM = 0x10000000
                0x10002000                __top_RamLoc8 = 0x10002000
                0x10002000                __top_RAM = 0x10002000
                0x20004000                __base_RamUsb2 = 0x20004000
                0x20004000                __base_RAM2 = 0x20004000
                0x20004800                __top_RamUsb2 = 0x20004800
                0x20004800                __top_RAM2 = 0x20004800

.text           0x00000000     0x7040
 FILL mask 0xff
                0x00000000                __vectors_start__ = ABSOLUTE (.)
 *(.isr_vector)
 .isr_vector    0x00000000       0xc0 ./example/src/cr_startup_lpc11xx.o
                0x00000000                g_pfnVectors
                0x000000c0                . = ALIGN (0x4)
                0x000000c0                __section_table_start = .
                0x000000c0                __data_section_table = .
                0x000000c0        0x4 LONG 0x7040 LOADADDR (.data)
                0x000000c4        0x4 LONG 0x10000000 ADDR (.data)
                0x000000c8        0x4 LONG 0x68 SIZEOF (.data)
                0x000000cc        0x4 LONG 0x7040 LOADADDR (.data_RAM2)
                0x000000d0        0x4 LONG 0x20004000 ADDR (.data_RAM2)
                0x000000d4        0x4 LONG 0x0 SIZEOF (.data_RAM2)
                0x000000d8                __data_section_table_end = .
                0x000000d8                __bss_section_table = .
                0x000000d8        0x4 LONG 0x10000068 ADDR (.bss)
                0x000000dc        0x4 LONG 0x1e3c SIZEOF (.bss)
                0x000000e0        0x4 LONG 0x20004000 ADDR (.bss_RAM2)
                0x000000e4        0x4 LONG 0x0 SIZEOF (.bss_RAM2)
                0x000000e8                __bss_section_table_end = .
                0x000000e8                __section_table_end = .
 *(.after_vectors*)
 .after_vectors
                0x000000e8       0x70 ./example/src/cr_startup_lpc11xx.o
                0x000000e8                NMI_Handler
                0x000000ea                HardFault_Handler
                0x000000f2                TIMER16_0_IRQHandler
                0x000000f2                TIMER32_0_IRQHandler
                0x000000f2                FLEX_INT7_IRQHandler
                0x000000f2                FMC_IRQHandler
                0x000000f2                TIMER32_1_IRQHandler
                0x000000f2                IntDefaultHandler
                0x000000f2                SSP0_IRQHandler
                0x000000f2                USBWakeup_IRQHandler
                0x000000f2                FLEX_INT6_IRQHandler
                0x000000f2                FLEX_INT2_IRQHandler
                0x000000f2                TIMER16_1_IRQHandler
                0x000000f2                USB_FIQHandler
                0x000000f2                FLEX_INT5_IRQHandler
                0x000000f2                ADC_IRQHandler
                0x000000f2                SSP1_IRQHandler
                0x000000f2                FLEX_INT3_IRQHandler
                0x000000f2                BOD_IRQHandler
                0x000000f2                I2C_IRQHandler
                0x000000f2                WDT_IRQHandler
                0x000000f2                GINT0_IRQHandler
                0x000000f2                FLEX_INT4_IRQHandler
                0x000000f2                GINT1_IRQHandler
                0x000000f4                data_init
                0x00000106                bss_init
                0x00000116                ResetISR
 *(.text*)
 .text.pvPortMalloc
                0x00000158       0x5c ./freertos/heap_1.o
                0x00000158                pvPortMalloc
 .text.vPortFree
                0x000001b4        0xa ./freertos/heap_1.o
                0x000001b4                vPortFree
 .text.vListInitialise
                0x000001be       0x16 ./freertos/list.o
                0x000001be                vListInitialise
 .text.vListInitialiseItem
                0x000001d4        0x6 ./freertos/list.o
                0x000001d4                vListInitialiseItem
 .text.vListInsertEnd
                0x000001da       0x18 ./freertos/list.o
                0x000001da                vListInsertEnd
 .text.vListInsert
                0x000001f2       0x30 ./freertos/list.o
                0x000001f2                vListInsert
 .text.uxListRemove
                0x00000222       0x20 ./freertos/list.o
                0x00000222                uxListRemove
 *fill*         0x00000242        0x2 ff
 .text.prvTaskExitError
                0x00000244       0x14 ./freertos/port.o
 .text.vPortStartFirstTask
                0x00000258       0x20 ./freertos/port.o
 .text.pxPortInitialiseStack
                0x00000278       0x20 ./freertos/port.o
                0x00000278                pxPortInitialiseStack
 .text.SVC_Handler
                0x00000298        0x2 ./freertos/port.o
                0x00000298                SVC_Handler
 *fill*         0x0000029a        0x2 ff
 .text.xPortStartScheduler
                0x0000029c       0x54 ./freertos/port.o
                0x0000029c                xPortStartScheduler
 .text.vPortYield
                0x000002f0       0x18 ./freertos/port.o
                0x000002f0                vPortYield
 .text.vPortEnterCritical
                0x00000308       0x18 ./freertos/port.o
                0x00000308                vPortEnterCritical
 .text.vPortExitCritical
                0x00000320       0x1c ./freertos/port.o
                0x00000320                vPortExitCritical
 .text.ulSetInterruptMaskFromISR
                0x0000033c        0xa ./freertos/port.o
                0x0000033c                ulSetInterruptMaskFromISR
 .text.vClearInterruptMaskFromISR
                0x00000346        0x6 ./freertos/port.o
                0x00000346                vClearInterruptMaskFromISR
 .text.PendSV_Handler
                0x0000034c       0x44 ./freertos/port.o
                0x0000034c                PendSV_Handler
 .text.SysTick_Handler
                0x00000390       0x24 ./freertos/port.o
                0x00000390                SysTick_Handler
 .text.unlikely.prvCopyDataToQueue
                0x000003b4       0x72 ./freertos/queue.o
 .text.unlikely.prvCopyDataFromQueue
                0x00000426       0x24 ./freertos/queue.o
 .text.prvUnlockQueue
                0x0000044a       0x6a ./freertos/queue.o
 .text.xQueueGenericReset
                0x000004b4       0x66 ./freertos/queue.o
                0x000004b4                xQueueGenericReset
 .text.xQueueGenericCreate
                0x0000051a       0x48 ./freertos/queue.o
                0x0000051a                xQueueGenericCreate
 .text.xQueueGenericSend
                0x00000562      0x10a ./freertos/queue.o
                0x00000562                xQueueGenericSend
 .text.xQueueCreateMutex
                0x0000066c       0x42 ./freertos/queue.o
                0x0000066c                xQueueCreateMutex
 .text.xQueueGiveFromISR
                0x000006ae       0x76 ./freertos/queue.o
                0x000006ae                xQueueGiveFromISR
 .text.xQueueGenericReceive
                0x00000724      0x132 ./freertos/queue.o
                0x00000724                xQueueGenericReceive
 *fill*         0x00000856        0x2 ff
 .text.prvResetNextTaskUnblockTime
                0x00000858       0x28 ./freertos/tasks.o
 .text.prvAddCurrentTaskToDelayedList
                0x00000880       0x4c ./freertos/tasks.o
 .text.xTaskGenericCreate.part.3
                0x000008cc      0x198 ./freertos/tasks.o
 .text.xTaskGenericCreate
                0x00000a64       0x28 ./freertos/tasks.o
                0x00000a64                xTaskGenericCreate
 .text.vTaskStartScheduler
                0x00000a8c       0x50 ./freertos/tasks.o
                0x00000a8c                vTaskStartScheduler
 .text.vTaskSuspendAll
                0x00000adc       0x10 ./freertos/tasks.o
                0x00000adc                vTaskSuspendAll
 .text.pcTaskGetTaskName
                0x00000aec       0x18 ./freertos/tasks.o
                0x00000aec                pcTaskGetTaskName
 .text.xTaskIncrementTick
                0x00000b04      0x104 ./freertos/tasks.o
                0x00000b04                xTaskIncrementTick
 .text.xTaskResumeAll
                0x00000c08       0xd0 ./freertos/tasks.o
                0x00000c08                xTaskResumeAll
 .text.vTaskDelay
                0x00000cd8       0x48 ./freertos/tasks.o
                0x00000cd8                vTaskDelay
 .text.prvIdleTask
                0x00000d20       0x68 ./freertos/tasks.o
 .text.vTaskSwitchContext
                0x00000d88       0xa4 ./freertos/tasks.o
                0x00000d88                vTaskSwitchContext
 .text.vTaskPlaceOnEventList
                0x00000e2c       0x48 ./freertos/tasks.o
                0x00000e2c                vTaskPlaceOnEventList
 .text.xTaskRemoveFromEventList
                0x00000e74       0x78 ./freertos/tasks.o
                0x00000e74                xTaskRemoveFromEventList
 .text.vTaskSetTimeOutState
                0x00000eec       0x20 ./freertos/tasks.o
                0x00000eec                vTaskSetTimeOutState
 .text.xTaskCheckForTimeOut
                0x00000f0c       0x60 ./freertos/tasks.o
                0x00000f0c                xTaskCheckForTimeOut
 .text.vTaskMissedYield
                0x00000f6c        0xc ./freertos/tasks.o
                0x00000f6c                vTaskMissedYield
 .text.xTaskGetCurrentTaskHandle
                0x00000f78        0xc ./freertos/tasks.o
                0x00000f78                xTaskGetCurrentTaskHandle
 .text.vTaskPriorityInherit
                0x00000f84       0x6c ./freertos/tasks.o
                0x00000f84                vTaskPriorityInherit
 .text.xTaskPriorityDisinherit
                0x00000ff0       0x6c ./freertos/tasks.o
                0x00000ff0                xTaskPriorityDisinherit
 .text.pvTaskIncrementMutexHeldCount
                0x0000105c       0x18 ./freertos/tasks.o
                0x0000105c                pvTaskIncrementMutexHeldCount
 .text.xTaskNotifyWait
                0x00001074       0x9c ./freertos/tasks.o
                0x00001074                xTaskNotifyWait
 .text.xTaskGenericNotify
                0x00001110       0xa8 ./freertos/tasks.o
                0x00001110                xTaskGenericNotify
 .text.xTaskGenericNotifyFromISR
                0x000011b8       0xcc ./freertos/tasks.o
                0x000011b8                xTaskGenericNotifyFromISR
 .text.vMainTask
                0x00001284       0x3c ./example/src/cdc_main.o
 .text.startup.main
                0x000012c0       0xbc ./example/src/cdc_main.o
                0x000012c0                main
 .text.vApplicationMallocFailedHook
                0x0000137c        0x4 ./example/src/cdc_main.o
                0x0000137c                vApplicationMallocFailedHook
 .text.vApplicationStackOverflowHook
                0x00001380       0x10 ./example/src/cdc_main.o
                0x00001380                vApplicationStackOverflowHook
 .text.VCOM_bulk_in_hdlr
                0x00001390       0x10 ./example/src/cdc_vcom.o
 .text.VCOM_SetLineCode
                0x000013a0       0x10 ./example/src/cdc_vcom.o
 .text.VCOM_bulk_out_hdlr
                0x000013b0       0x78 ./example/src/cdc_vcom.o
 .text.vcom_init
                0x00001428       0xb8 ./example/src/cdc_vcom.o
                0x00001428                vcom_init
 .text.vcom_bread
                0x000014e0       0x58 ./example/src/cdc_vcom.o
                0x000014e0                vcom_bread
 .text.vcom_write
                0x00001538       0x4c ./example/src/cdc_vcom.o
                0x00001538                vcom_write
 .text.USB_IRQHandler
                0x00001584       0x1c ./example/src/cdc_vcom_utils.o
                0x00001584                USB_IRQHandler
 .text.find_IntfDesc
                0x000015a0       0x1a ./example/src/cdc_vcom_utils.o
                0x000015a0                find_IntfDesc
 *fill*         0x000015ba        0x2 ff
 .text.initCdcVcom
                0x000015bc       0xc8 ./example/src/cdc_vcom_utils.o
                0x000015bc                initCdcVcom
 .text.vcomPrintf
                0x00001684       0x6c ./example/src/cdc_vcom_utils.o
                0x00001684                vcomPrintf
 .text.vcomPrintfLen
                0x000016f0       0x14 ./example/src/cdc_vcom_utils.o
                0x000016f0                vcomPrintfLen
 .text.vVcomTask
                0x00001704       0xcc ./example/src/cdc_vcom_utils.o
                0x00001704                vVcomTask
 .text.espReadStringByChar
                0x000017d0      0x158 ./example/src/esp.o
 .text.UART_IRQHandler
                0x00001928       0x38 ./example/src/esp.o
                0x00001928                UART_IRQHandler
 .text.initUart
                0x00001960       0x98 ./example/src/esp.o
                0x00001960                initUart
 .text.lockEsp  0x000019f8       0x18 ./example/src/esp.o
                0x000019f8                lockEsp
 .text.vEspTask
                0x00001a10       0x60 ./example/src/esp.o
                0x00001a10                vEspTask
 .text.pushButtonIrqHandler
                0x00001a70       0x34 ./example/src/led_but.o
                0x00001a70                pushButtonIrqHandler
 .text.FLEX_INT0_IRQHandler
                0x00001aa4        0x8 ./example/src/led_but.o
                0x00001aa4                FLEX_INT0_IRQHandler
 .text.FLEX_INT1_IRQHandler
                0x00001aac        0x8 ./example/src/led_but.o
                0x00001aac                FLEX_INT1_IRQHandler
 .text.vLedTask
                0x00001ab4       0xe8 ./example/src/led_but.o
                0x00001ab4                vLedTask
 .text.initRelayPins
                0x00001b9c       0x6c ./example/src/relay.o
                0x00001b9c                initRelayPins
 .text.SystemInit
                0x00001c08        0x8 ./example/src/sysinit.o
                0x00001c08                SystemInit
 .text.__sys_write
                0x00001c10        0x4 C:\dev\niip-sonar\nxp_lpcxpresso_11u14_board_lib\Release\libnxp_lpcxpresso_11u14_board_lib.a(board.o)
                0x00001c10                __sys_write
 .text.Board_Init
                0x00001c14       0x1a C:\dev\niip-sonar\nxp_lpcxpresso_11u14_board_lib\Release\libnxp_lpcxpresso_11u14_board_lib.a(board.o)
                0x00001c14                Board_Init
 *fill*         0x00001c2e        0x2 ff
 .text.Board_SystemInit
                0x00001c30       0xa4 C:\dev\niip-sonar\nxp_lpcxpresso_11u14_board_lib\Release\libnxp_lpcxpresso_11u14_board_lib.a(board_sysinit.o)
                0x00001c30                Board_SystemInit
 .text.SystemCoreClockUpdate
                0x00001cd4       0x10 C:\dev\niip-sonar\lpc_chip_11uxx_lib\Release\liblpc_chip_11uxx_lib.a(chip_11xx.o)
                0x00001cd4                SystemCoreClockUpdate
 .text.Chip_Clock_SetSystemPLLSource
                0x00001ce4       0x14 C:\dev\niip-sonar\lpc_chip_11uxx_lib\Release\liblpc_chip_11uxx_lib.a(clock_11xx.o)
                0x00001ce4                Chip_Clock_SetSystemPLLSource
 .text.Chip_Clock_SetUSBPLLSource
                0x00001cf8       0x14 C:\dev\niip-sonar\lpc_chip_11uxx_lib\Release\liblpc_chip_11uxx_lib.a(clock_11xx.o)
                0x00001cf8                Chip_Clock_SetUSBPLLSource
 .text.Chip_Clock_SetMainClockSource
                0x00001d0c       0x14 C:\dev\niip-sonar\lpc_chip_11uxx_lib\Release\liblpc_chip_11uxx_lib.a(clock_11xx.o)
                0x00001d0c                Chip_Clock_SetMainClockSource
 .text.Chip_Clock_SetUSBClockSource
                0x00001d20       0x1c C:\dev\niip-sonar\lpc_chip_11uxx_lib\Release\liblpc_chip_11uxx_lib.a(clock_11xx.o)
                0x00001d20                Chip_Clock_SetUSBClockSource
 .text.Chip_Clock_GetWDTOSCRate
                0x00001d3c       0x28 C:\dev\niip-sonar\lpc_chip_11uxx_lib\Release\liblpc_chip_11uxx_lib.a(clock_11xx.o)
                0x00001d3c                Chip_Clock_GetWDTOSCRate
 .text.Chip_Clock_GetSystemPLLInClockRate
                0x00001d64       0x28 C:\dev\niip-sonar\lpc_chip_11uxx_lib\Release\liblpc_chip_11uxx_lib.a(clock_11xx.o)
                0x00001d64                Chip_Clock_GetSystemPLLInClockRate
 .text.Chip_Clock_GetSystemPLLOutClockRate
                0x00001d8c       0x18 C:\dev\niip-sonar\lpc_chip_11uxx_lib\Release\liblpc_chip_11uxx_lib.a(clock_11xx.o)
                0x00001d8c                Chip_Clock_GetSystemPLLOutClockRate
 .text.Chip_Clock_GetMainClockRate
                0x00001da4       0x34 C:\dev\niip-sonar\lpc_chip_11uxx_lib\Release\liblpc_chip_11uxx_lib.a(clock_11xx.o)
                0x00001da4                Chip_Clock_GetMainClockRate
 .text.Chip_Clock_GetSystemClockRate
                0x00001dd8       0x14 C:\dev\niip-sonar\lpc_chip_11uxx_lib\Release\liblpc_chip_11uxx_lib.a(clock_11xx.o)
                0x00001dd8                Chip_Clock_GetSystemClockRate
 .text.Chip_GPIO_Init
                0x00001dec       0x10 C:\dev\niip-sonar\lpc_chip_11uxx_lib\Release\liblpc_chip_11uxx_lib.a(gpio_11xx_1.o)
                0x00001dec                Chip_GPIO_Init
 .text.Chip_IOCON_PinMuxSet
                0x00001dfc        0xc C:\dev\niip-sonar\lpc_chip_11uxx_lib\Release\liblpc_chip_11uxx_lib.a(iocon_11xx.o)
                0x00001dfc                Chip_IOCON_PinMuxSet
 .text.RingBuffer_Init
                0x00001e08       0x10 C:\dev\niip-sonar\lpc_chip_11uxx_lib\Release\liblpc_chip_11uxx_lib.a(ring_buffer.o)
                0x00001e08                RingBuffer_Init
 .text.RingBuffer_Insert
                0x00001e18       0x30 C:\dev\niip-sonar\lpc_chip_11uxx_lib\Release\liblpc_chip_11uxx_lib.a(ring_buffer.o)
                0x00001e18                RingBuffer_Insert
 .text.RingBuffer_Pop
                0x00001e48       0x32 C:\dev\niip-sonar\lpc_chip_11uxx_lib\Release\liblpc_chip_11uxx_lib.a(ring_buffer.o)
                0x00001e48                RingBuffer_Pop
 *fill*         0x00001e7a        0x2 ff
 .text.Chip_SYSCTL_PowerDown
                0x00001e7c       0x20 C:\dev\niip-sonar\lpc_chip_11uxx_lib\Release\liblpc_chip_11uxx_lib.a(sysctl_11xx.o)
                0x00001e7c                Chip_SYSCTL_PowerDown
 .text.Chip_SYSCTL_PowerUp
                0x00001e9c       0x24 C:\dev\niip-sonar\lpc_chip_11uxx_lib\Release\liblpc_chip_11uxx_lib.a(sysctl_11xx.o)
                0x00001e9c                Chip_SYSCTL_PowerUp
 .text.Chip_UART_Init
                0x00001ec0       0x28 C:\dev\niip-sonar\lpc_chip_11uxx_lib\Release\liblpc_chip_11uxx_lib.a(uart_11xx.o)
                0x00001ec0                Chip_UART_Init
 .text.Chip_UART_SetBaud
                0x00001ee8       0x38 C:\dev\niip-sonar\lpc_chip_11uxx_lib\Release\liblpc_chip_11uxx_lib.a(uart_11xx.o)
                0x00001ee8                Chip_UART_SetBaud
 .text.Chip_UART_RXIntHandlerRB
                0x00001f20       0x20 C:\dev\niip-sonar\lpc_chip_11uxx_lib\Release\liblpc_chip_11uxx_lib.a(uart_11xx.o)
                0x00001f20                Chip_UART_RXIntHandlerRB
 .text.Chip_UART_TXIntHandlerRB
                0x00001f40       0x26 C:\dev\niip-sonar\lpc_chip_11uxx_lib\Release\liblpc_chip_11uxx_lib.a(uart_11xx.o)
                0x00001f40                Chip_UART_TXIntHandlerRB
 .text.Chip_UART_IRQRBHandler
                0x00001f66       0x2e C:\dev\niip-sonar\lpc_chip_11uxx_lib\Release\liblpc_chip_11uxx_lib.a(uart_11xx.o)
                0x00001f66                Chip_UART_IRQRBHandler
 .text.def_ep_handler
                0x00001f94        0x4 C:\dev\niip-sonar\lpc_chip_11uxx_lib\libs\libusbd_11uxx_lib.a(hw_usbd_ip3511.o)
                0x00001f94                def_ep_handler
 .text.hwUSB_ForceFullSpeed
                0x00001f98        0x4 C:\dev\niip-sonar\lpc_chip_11uxx_lib\libs\libusbd_11uxx_lib.a(hw_usbd_ip3511.o)
                0x00001f98                hwUSB_ForceFullSpeed
 .text.hwUSB_GetMemSize
                0x00001f9c       0x14 C:\dev\niip-sonar\lpc_chip_11uxx_lib\libs\libusbd_11uxx_lib.a(hw_usbd_ip3511.o)
                0x00001f9c                hwUSB_GetMemSize
 .text.hwUSB_Connect
                0x00001fb0       0x28 C:\dev\niip-sonar\lpc_chip_11uxx_lib\libs\libusbd_11uxx_lib.a(hw_usbd_ip3511.o)
                0x00001fb0                hwUSB_Connect
 .text.hwUSB_WakeUp
                0x00001fd8       0x20 C:\dev\niip-sonar\lpc_chip_11uxx_lib\libs\libusbd_11uxx_lib.a(hw_usbd_ip3511.o)
                0x00001fd8                hwUSB_WakeUp
 .text.hwUSB_WakeUpCfg
                0x00001ff8       0x28 C:\dev\niip-sonar\lpc_chip_11uxx_lib\libs\libusbd_11uxx_lib.a(hw_usbd_ip3511.o)
                0x00001ff8                hwUSB_WakeUpCfg
 .text.hwUSB_SetAddress
                0x00002020       0x1c C:\dev\niip-sonar\lpc_chip_11uxx_lib\libs\libusbd_11uxx_lib.a(hw_usbd_ip3511.o)
                0x00002020                hwUSB_SetAddress
 .text.hwUSB_SetTestMode
                0x0000203c        0x8 C:\dev\niip-sonar\lpc_chip_11uxx_lib\libs\libusbd_11uxx_lib.a(hw_usbd_ip3511.o)
                0x0000203c                hwUSB_SetTestMode
 .text.hwUSB_Configure
                0x00002044       0x24 C:\dev\niip-sonar\lpc_chip_11uxx_lib\libs\libusbd_11uxx_lib.a(hw_usbd_ip3511.o)
                0x00002044                hwUSB_Configure
 .text.hwUSB_ConfigEP
                0x00002068       0xcc C:\dev\niip-sonar\lpc_chip_11uxx_lib\libs\libusbd_11uxx_lib.a(hw_usbd_ip3511.o)
                0x00002068                hwUSB_ConfigEP
 .text.hwUSB_DirCtrlEP
                0x00002134        0x4 C:\dev\niip-sonar\lpc_chip_11uxx_lib\libs\libusbd_11uxx_lib.a(hw_usbd_ip3511.o)
                0x00002134                hwUSB_DirCtrlEP
 .text.hwUSB_EnableEP
                0x00002138       0x50 C:\dev\niip-sonar\lpc_chip_11uxx_lib\libs\libusbd_11uxx_lib.a(hw_usbd_ip3511.o)
                0x00002138                hwUSB_EnableEP
 .text.hwUSB_DisableEP
                0x00002188       0x34 C:\dev\niip-sonar\lpc_chip_11uxx_lib\libs\libusbd_11uxx_lib.a(hw_usbd_ip3511.o)
                0x00002188                hwUSB_DisableEP
 .text.hwUSB_ResetEP
                0x000021bc       0x4c C:\dev\niip-sonar\lpc_chip_11uxx_lib\libs\libusbd_11uxx_lib.a(hw_usbd_ip3511.o)
                0x000021bc                hwUSB_ResetEP
 .text.hwUSB_SetStallEP
                0x00002208       0xb0 C:\dev\niip-sonar\lpc_chip_11uxx_lib\libs\libusbd_11uxx_lib.a(hw_usbd_ip3511.o)
                0x00002208                hwUSB_SetStallEP
 .text.hwUSB_ClrStallEP
                0x000022b8       0xc0 C:\dev\niip-sonar\lpc_chip_11uxx_lib\libs\libusbd_11uxx_lib.a(hw_usbd_ip3511.o)
                0x000022b8                hwUSB_ClrStallEP
 .text.hwUSB_EnableEvent
                0x00002378      0x120 C:\dev\niip-sonar\lpc_chip_11uxx_lib\libs\libusbd_11uxx_lib.a(hw_usbd_ip3511.o)
                0x00002378                hwUSB_EnableEvent
 .text.hwUSB_ReadSetupPkt
                0x00002498       0x58 C:\dev\niip-sonar\lpc_chip_11uxx_lib\libs\libusbd_11uxx_lib.a(hw_usbd_ip3511.o)
                0x00002498                hwUSB_ReadSetupPkt
 .text.hwUSB_ReadReqEP
                0x000024f0        0x4 C:\dev\niip-sonar\lpc_chip_11uxx_lib\libs\libusbd_11uxx_lib.a(hw_usbd_ip3511.o)
                0x000024f0                hwUSB_ReadReqEP
 .text.hwUSB_ReadEP
                0x000024f4       0xdc C:\dev\niip-sonar\lpc_chip_11uxx_lib\libs\libusbd_11uxx_lib.a(hw_usbd_ip3511.o)
                0x000024f4                hwUSB_ReadEP
 .text.hwUSB_WriteEP
                0x000025d0       0xdc C:\dev\niip-sonar\lpc_chip_11uxx_lib\libs\libusbd_11uxx_lib.a(hw_usbd_ip3511.o)
                0x000025d0                hwUSB_WriteEP
 .text.hwUSB_Reset
                0x000026ac       0xcc C:\dev\niip-sonar\lpc_chip_11uxx_lib\libs\libusbd_11uxx_lib.a(hw_usbd_ip3511.o)
                0x000026ac                hwUSB_Reset
 .text.hwUSB_Init
                0x00002778      0x1fc C:\dev\niip-sonar\lpc_chip_11uxx_lib\libs\libusbd_11uxx_lib.a(hw_usbd_ip3511.o)
                0x00002778                hwUSB_Init
 .text.hwUSB_ISR
                0x00002974      0x1b0 C:\dev\niip-sonar\lpc_chip_11uxx_lib\libs\libusbd_11uxx_lib.a(hw_usbd_ip3511.o)
                0x00002974                hwUSB_ISR
 .text.mwCDC_SetRequest
                0x00002b24       0x98 C:\dev\niip-sonar\lpc_chip_11uxx_lib\libs\libusbd_11uxx_lib.a(mw_usbd_cdcuser.o)
                0x00002b24                mwCDC_SetRequest
 .text.mwCDC_ep0_hdlr
                0x00002bbc       0xe4 C:\dev\niip-sonar\lpc_chip_11uxx_lib\libs\libusbd_11uxx_lib.a(mw_usbd_cdcuser.o)
                0x00002bbc                mwCDC_ep0_hdlr
 .text.mwCDC_GetRequest
                0x00002ca0       0x54 C:\dev\niip-sonar\lpc_chip_11uxx_lib\libs\libusbd_11uxx_lib.a(mw_usbd_cdcuser.o)
                0x00002ca0                mwCDC_GetRequest
 .text.mwCDC_SendNotification
                0x00002cf4       0x54 C:\dev\niip-sonar\lpc_chip_11uxx_lib\libs\libusbd_11uxx_lib.a(mw_usbd_cdcuser.o)
                0x00002cf4                mwCDC_SendNotification
 .text.mwCDC_GetMemSize
                0x00002d48        0x4 C:\dev\niip-sonar\lpc_chip_11uxx_lib\libs\libusbd_11uxx_lib.a(mw_usbd_cdcuser.o)
                0x00002d48                mwCDC_GetMemSize
 .text.mwCDC_init
                0x00002d4c      0x154 C:\dev\niip-sonar\lpc_chip_11uxx_lib\libs\libusbd_11uxx_lib.a(mw_usbd_cdcuser.o)
                0x00002d4c                mwCDC_init
 .text.USB_ReqGetConfiguration
                0x00002ea0       0x24 C:\dev\niip-sonar\lpc_chip_11uxx_lib\libs\libusbd_11uxx_lib.a(mw_usbd_core.o)
                0x00002ea0                USB_ReqGetConfiguration
 .text.USBD_virt_to_phys
                0x00002ec4        0x4 C:\dev\niip-sonar\lpc_chip_11uxx_lib\libs\libusbd_11uxx_lib.a(mw_usbd_core.o)
                0x00002ec4                USBD_virt_to_phys
 .text.USBD_cache_flush
                0x00002ec8        0x4 C:\dev\niip-sonar\lpc_chip_11uxx_lib\libs\libusbd_11uxx_lib.a(mw_usbd_core.o)
                0x00002ec8                USBD_cache_flush
 .text.USB_ReqGetStatus
                0x00002ecc       0xa4 C:\dev\niip-sonar\lpc_chip_11uxx_lib\libs\libusbd_11uxx_lib.a(mw_usbd_core.o)
                0x00002ecc                USB_ReqGetStatus
 .text.USB_ReqGetDescriptor
                0x00002f70      0x11c C:\dev\niip-sonar\lpc_chip_11uxx_lib\libs\libusbd_11uxx_lib.a(mw_usbd_core.o)
                0x00002f70                USB_ReqGetDescriptor
 .text.USB_ReqGetInterface
                0x0000308c       0x40 C:\dev\niip-sonar\lpc_chip_11uxx_lib\libs\libusbd_11uxx_lib.a(mw_usbd_core.o)
                0x0000308c                USB_ReqGetInterface
 .text.USB_ReqSetInterface
                0x000030cc      0x170 C:\dev\niip-sonar\lpc_chip_11uxx_lib\libs\libusbd_11uxx_lib.a(mw_usbd_core.o)
                0x000030cc                USB_ReqSetInterface
 .text.USB_ReqSetConfiguration
                0x0000323c      0x258 C:\dev\niip-sonar\lpc_chip_11uxx_lib\libs\libusbd_11uxx_lib.a(mw_usbd_core.o)
                0x0000323c                USB_ReqSetConfiguration
 .text.USB_ReqSetClrFeature
                0x00003494       0xe0 C:\dev\niip-sonar\lpc_chip_11uxx_lib\libs\libusbd_11uxx_lib.a(mw_usbd_core.o)
                0x00003494                USB_ReqSetClrFeature
 .text.USB_EvtOutHandler
                0x00003574       0xe4 C:\dev\niip-sonar\lpc_chip_11uxx_lib\libs\libusbd_11uxx_lib.a(mw_usbd_core.o)
                0x00003574                USB_EvtOutHandler
 .text.USB_EndPoint0
                0x00003658      0x140 C:\dev\niip-sonar\lpc_chip_11uxx_lib\libs\libusbd_11uxx_lib.a(mw_usbd_core.o)
                0x00003658                USB_EndPoint0
 .text.USB_EvtSetupHandler
                0x00003798      0x1f4 C:\dev\niip-sonar\lpc_chip_11uxx_lib\libs\libusbd_11uxx_lib.a(mw_usbd_core.o)
                0x00003798                USB_EvtSetupHandler
 .text.mwUSB_ResetCore
                0x0000398c       0x80 C:\dev\niip-sonar\lpc_chip_11uxx_lib\libs\libusbd_11uxx_lib.a(mw_usbd_core.o)
                0x0000398c                mwUSB_ResetCore
 .text.mwUSB_SetupStage
                0x00003a0c       0x10 C:\dev\niip-sonar\lpc_chip_11uxx_lib\libs\libusbd_11uxx_lib.a(mw_usbd_core.o)
                0x00003a0c                mwUSB_SetupStage
 .text.mwUSB_DataInStage
                0x00003a1c       0x34 C:\dev\niip-sonar\lpc_chip_11uxx_lib\libs\libusbd_11uxx_lib.a(mw_usbd_core.o)
                0x00003a1c                mwUSB_DataInStage
 .text.mwUSB_DataOutStage
                0x00003a50       0x24 C:\dev\niip-sonar\lpc_chip_11uxx_lib\libs\libusbd_11uxx_lib.a(mw_usbd_core.o)
                0x00003a50                mwUSB_DataOutStage
 .text.mwUSB_StatusInStage
                0x00003a74       0x10 C:\dev\niip-sonar\lpc_chip_11uxx_lib\libs\libusbd_11uxx_lib.a(mw_usbd_core.o)
                0x00003a74                mwUSB_StatusInStage
 .text.mwUSB_StatusOutStage
                0x00003a84       0x10 C:\dev\niip-sonar\lpc_chip_11uxx_lib\libs\libusbd_11uxx_lib.a(mw_usbd_core.o)
                0x00003a84                mwUSB_StatusOutStage
 .text.mwUSB_StallEp0
                0x00003a94       0x14 C:\dev\niip-sonar\lpc_chip_11uxx_lib\libs\libusbd_11uxx_lib.a(mw_usbd_core.o)
                0x00003a94                mwUSB_StallEp0
 .text.mwUSB_InitCore
                0x00003aa8       0xe8 C:\dev\niip-sonar\lpc_chip_11uxx_lib\libs\libusbd_11uxx_lib.a(mw_usbd_core.o)
                0x00003aa8                mwUSB_InitCore
 .text.mwUSB_RegisterClassHandler
                0x00003b90       0x2c C:\dev\niip-sonar\lpc_chip_11uxx_lib\libs\libusbd_11uxx_lib.a(mw_usbd_core.o)
                0x00003b90                mwUSB_RegisterClassHandler
 .text.mwUSB_RegisterEpHandler
                0x00003bbc       0x28 C:\dev\niip-sonar\lpc_chip_11uxx_lib\libs\libusbd_11uxx_lib.a(mw_usbd_core.o)
                0x00003bbc                mwUSB_RegisterEpHandler
 .text.__main   0x00003be4       0x12 c:/nxp/lpcxpresso_8.1.4_606/lpcxpresso/tools/bin/../lib/gcc/arm-none-eabi/5.2.1/../../../../arm-none-eabi/lib/armv6-m\libcr_nohost.a(_cr__main.o)
                0x00003be4                __main
 .text.memcpy   0x00003bf6        0x8 c:/nxp/lpcxpresso_8.1.4_606/lpcxpresso/tools/bin/../lib/gcc/arm-none-eabi/5.2.1/../../../../arm-none-eabi/lib/armv6-m\libcr_c.a(memcpy.o)
                0x00003bf6                memcpy
 .text.memset   0x00003bfe        0x8 c:/nxp/lpcxpresso_8.1.4_606/lpcxpresso/tools/bin/../lib/gcc/arm-none-eabi/5.2.1/../../../../arm-none-eabi/lib/armv6-m\libcr_c.a(memset.o)
                0x00003bfe                memset
 .text.fp_round
                0x00003c06       0x4a c:/nxp/lpcxpresso_8.1.4_606/lpcxpresso/tools/bin/../lib/gcc/arm-none-eabi/5.2.1/../../../../arm-none-eabi/lib/armv6-m\libcr_c.a(fpprintf.o)
 .text.pr_dec.constprop.1
                0x00003c50       0x2a c:/nxp/lpcxpresso_8.1.4_606/lpcxpresso/tools/bin/../lib/gcc/arm-none-eabi/5.2.1/../../../../arm-none-eabi/lib/armv6-m\libcr_c.a(fpprintf.o)
 *fill*         0x00003c7a        0x2 ff
 .text.sprintf  0x00003c7c       0x6c c:/nxp/lpcxpresso_8.1.4_606/lpcxpresso/tools/bin/../lib/gcc/arm-none-eabi/5.2.1/../../../../arm-none-eabi/lib/armv6-m\libcr_c.a(fpprintf.o)
                0x00003c7c                sprintf
 .text.fp_display
                0x00003ce8      0x93c c:/nxp/lpcxpresso_8.1.4_606/lpcxpresso/tools/bin/../lib/gcc/arm-none-eabi/5.2.1/../../../../arm-none-eabi/lib/armv6-m\libcr_c.a(fpprintf.o)
 .text.snprintf
                0x00004624       0x6c c:/nxp/lpcxpresso_8.1.4_606/lpcxpresso/tools/bin/../lib/gcc/arm-none-eabi/5.2.1/../../../../arm-none-eabi/lib/armv6-m\libcr_c.a(fpprintf.o)
                0x00004624                snprintf
 .text._initio  0x00004690       0xa8 c:/nxp/lpcxpresso_8.1.4_606/lpcxpresso/tools/bin/../lib/gcc/arm-none-eabi/5.2.1/../../../../arm-none-eabi/lib/armv6-m\libcr_c.a(initio.o)
                0x00004690                _initio
 .text.memchr   0x00004738       0x16 c:/nxp/lpcxpresso_8.1.4_606/lpcxpresso/tools/bin/../lib/gcc/arm-none-eabi/5.2.1/../../../../arm-none-eabi/lib/armv6-m\libcr_c.a(memchr.o)
                0x00004738                memchr
 .text.memcmp   0x0000474e       0x3a c:/nxp/lpcxpresso_8.1.4_606/lpcxpresso/tools/bin/../lib/gcc/arm-none-eabi/5.2.1/../../../../arm-none-eabi/lib/armv6-m\libcr_c.a(memcmp.o)
                0x0000474e                memcmp
 .text.__vfprintf
                0x00004788      0xd5c c:/nxp/lpcxpresso_8.1.4_606/lpcxpresso/tools/bin/../lib/gcc/arm-none-eabi/5.2.1/../../../../arm-none-eabi/lib/armv6-m\libcr_c.a(printf.o)
                0x00004788                __vfprintf
 .text.ch_val   0x000054e4       0x30 c:/nxp/lpcxpresso_8.1.4_606/lpcxpresso/tools/bin/../lib/gcc/arm-none-eabi/5.2.1/../../../../arm-none-eabi/lib/armv6-m\libcr_c.a(scanf.o)
 .text._strtoul
                0x00005514       0xd4 c:/nxp/lpcxpresso_8.1.4_606/lpcxpresso/tools/bin/../lib/gcc/arm-none-eabi/5.2.1/../../../../arm-none-eabi/lib/armv6-m\libcr_c.a(scanf.o)
 .text.strtol   0x000055e8       0x88 c:/nxp/lpcxpresso_8.1.4_606/lpcxpresso/tools/bin/../lib/gcc/arm-none-eabi/5.2.1/../../../../arm-none-eabi/lib/armv6-m\libcr_c.a(scanf.o)
                0x000055e8                strtol
 .text.atoi     0x00005670       0x18 c:/nxp/lpcxpresso_8.1.4_606/lpcxpresso/tools/bin/../lib/gcc/arm-none-eabi/5.2.1/../../../../arm-none-eabi/lib/armv6-m\libcr_c.a(scanf.o)
                0x00005670                atoi
 .text.setvbuf  0x00005688       0x48 c:/nxp/lpcxpresso_8.1.4_606/lpcxpresso/tools/bin/../lib/gcc/arm-none-eabi/5.2.1/../../../../arm-none-eabi/lib/armv6-m\libcr_c.a(setvbuf.o)
                0x00005688                setvbuf
 .text.strlen   0x000056d0       0x54 c:/nxp/lpcxpresso_8.1.4_606/lpcxpresso/tools/bin/../lib/gcc/arm-none-eabi/5.2.1/../../../../arm-none-eabi/lib/armv6-m\libcr_c.a(strlen.o)
                0x000056d0                strlen
 .text.strtok   0x00005724       0x44 c:/nxp/lpcxpresso_8.1.4_606/lpcxpresso/tools/bin/../lib/gcc/arm-none-eabi/5.2.1/../../../../arm-none-eabi/lib/armv6-m\libcr_c.a(strtok.o)
                0x00005724                strtok
 .text._deferredlazyseek
                0x00005768       0x44 c:/nxp/lpcxpresso_8.1.4_606/lpcxpresso/tools/bin/../lib/gcc/arm-none-eabi/5.2.1/../../../../arm-none-eabi/lib/armv6-m\libcr_c.a(_deferredlazyseek.o)
                0x00005768                _deferredlazyseek
 .text.__flsbuf
                0x000057ac      0x150 c:/nxp/lpcxpresso_8.1.4_606/lpcxpresso/tools/bin/../lib/gcc/arm-none-eabi/5.2.1/../../../../arm-none-eabi/lib/armv6-m\libcr_c.a(_deferredlazyseek.o)
                0x000057ac                __flsbuf
 .text._fdopen  0x000058fc       0x74 c:/nxp/lpcxpresso_8.1.4_606/lpcxpresso/tools/bin/../lib/gcc/arm-none-eabi/5.2.1/../../../../arm-none-eabi/lib/armv6-m\libcr_c.a(_fdopen.o)
                0x000058fc                _fdopen
 .text._fflush  0x00005970       0x64 c:/nxp/lpcxpresso_8.1.4_606/lpcxpresso/tools/bin/../lib/gcc/arm-none-eabi/5.2.1/../../../../arm-none-eabi/lib/armv6-m\libcr_c.a(_fflush.o)
                0x00005970                _fflush
 .text._frexpl  0x000059d4       0x80 c:/nxp/lpcxpresso_8.1.4_606/lpcxpresso/tools/bin/../lib/gcc/arm-none-eabi/5.2.1/../../../../arm-none-eabi/lib/armv6-m\libcr_c.a(_frexpl.o)
                0x000059d4                _frexpl
 .text._ldexpl  0x00005a54       0x58 c:/nxp/lpcxpresso_8.1.4_606/lpcxpresso/tools/bin/../lib/gcc/arm-none-eabi/5.2.1/../../../../arm-none-eabi/lib/armv6-m\libcr_c.a(_ldexpl.o)
                0x00005a54                _ldexpl
 .text._Cwritebuf
                0x00005aac       0x6c c:/nxp/lpcxpresso_8.1.4_606/lpcxpresso/tools/bin/../lib/gcc/arm-none-eabi/5.2.1/../../../../arm-none-eabi/lib/armv6-m\libcr_c.a(_writebuf.o)
                0x00005aac                _Cwritebuf
 .text.malloc   0x00005b18       0xcc c:/nxp/lpcxpresso_8.1.4_606/lpcxpresso/tools/bin/../lib/gcc/arm-none-eabi/5.2.1/../../../../arm-none-eabi/lib/armv6-m\libcr_c.a(alloc.o)
                0x00005b18                malloc
 .text.free     0x00005be4       0x2e c:/nxp/lpcxpresso_8.1.4_606/lpcxpresso/tools/bin/../lib/gcc/arm-none-eabi/5.2.1/../../../../arm-none-eabi/lib/armv6-m\libcr_c.a(alloc.o)
                0x00005be4                free
 *fill*         0x00005c12        0x2 ff
 .text._Csys_alloc
                0x00005c14       0x20 c:/nxp/lpcxpresso_8.1.4_606/lpcxpresso/tools/bin/../lib/gcc/arm-none-eabi/5.2.1/../../../../arm-none-eabi/lib/armv6-m\libcr_c.a(alloc.o)
                0x00005c14                _Csys_alloc
 .text.fclose   0x00005c34       0x70 c:/nxp/lpcxpresso_8.1.4_606/lpcxpresso/tools/bin/../lib/gcc/arm-none-eabi/5.2.1/../../../../arm-none-eabi/lib/armv6-m\libcr_c.a(fclose.o)
                0x00005c34                fclose
 .text.fflush   0x00005ca4       0x34 c:/nxp/lpcxpresso_8.1.4_606/lpcxpresso/tools/bin/../lib/gcc/arm-none-eabi/5.2.1/../../../../arm-none-eabi/lib/armv6-m\libcr_c.a(fflush.o)
                0x00005ca4                fflush
 .text.fseek    0x00005cd8      0x100 c:/nxp/lpcxpresso_8.1.4_606/lpcxpresso/tools/bin/../lib/gcc/arm-none-eabi/5.2.1/../../../../arm-none-eabi/lib/armv6-m\libcr_c.a(fseek.o)
                0x00005cd8                fseek
 .text.ftell    0x00005dd8       0x4c c:/nxp/lpcxpresso_8.1.4_606/lpcxpresso/tools/bin/../lib/gcc/arm-none-eabi/5.2.1/../../../../arm-none-eabi/lib/armv6-m\libcr_c.a(ftell.o)
                0x00005dd8                ftell
 .text.remove   0x00005e24       0x12 c:/nxp/lpcxpresso_8.1.4_606/lpcxpresso/tools/bin/../lib/gcc/arm-none-eabi/5.2.1/../../../../arm-none-eabi/lib/armv6-m\libcr_c.a(remove.o)
                0x00005e24                remove
 .text.strcspn  0x00005e36       0x22 c:/nxp/lpcxpresso_8.1.4_606/lpcxpresso/tools/bin/../lib/gcc/arm-none-eabi/5.2.1/../../../../arm-none-eabi/lib/armv6-m\libcr_c.a(strcspn.o)
                0x00005e36                strcspn
 .text.strspn   0x00005e58       0x22 c:/nxp/lpcxpresso_8.1.4_606/lpcxpresso/tools/bin/../lib/gcc/arm-none-eabi/5.2.1/../../../../arm-none-eabi/lib/armv6-m\libcr_c.a(strspn.o)
                0x00005e58                strspn
 *fill*         0x00005e7a        0x2 ff
 .text._sbrk    0x00005e7c       0x40 c:/nxp/lpcxpresso_8.1.4_606/lpcxpresso/tools/bin/../lib/gcc/arm-none-eabi/5.2.1/../../../../arm-none-eabi/lib/armv6-m\libcr_c.a(_cr_sbrk.o)
                0x00005e7c                _sbrk
 .text._do_fflush
                0x00005ebc       0x48 c:/nxp/lpcxpresso_8.1.4_606/lpcxpresso/tools/bin/../lib/gcc/arm-none-eabi/5.2.1/../../../../arm-none-eabi/lib/armv6-m\libcr_c.a(_do_fflush.o)
                0x00005ebc                _do_fflush
 .text.__check_heap_overflow
                0x00005f04       0x14 c:/nxp/lpcxpresso_8.1.4_606/lpcxpresso/tools/bin/../lib/gcc/arm-none-eabi/5.2.1/../../../../arm-none-eabi/lib/armv6-m\libcr_c.a(_cr_check_heap.o)
                0x00005f04                __check_heap_overflow
 .text.__aeabi_division_idivmod
                0x00005f18       0x78 c:/nxp/lpcxpresso_8.1.4_606/lpcxpresso/tools/bin/../lib/gcc/arm-none-eabi/5.2.1/armv6-m\libcr_eabihelpers.a(division_32.o)
                0x00005f18                __aeabi_idivmod
                0x00005f18                __aeabi_idiv
                0x00005f1e                __aeabi_uidivmod
                0x00005f1e                __aeabi_uidiv
 .text.__aeabi_division_idiv0
                0x00005f90        0x2 c:/nxp/lpcxpresso_8.1.4_606/lpcxpresso/tools/bin/../lib/gcc/arm-none-eabi/5.2.1/armv6-m\libcr_eabihelpers.a(division_idiv0.o)
                0x00005f90                __aeabi_idiv0
 *fill*         0x00005f92        0x2 ff
 .text.__aeabi_dmul
                0x00005f94      0x17c c:/nxp/lpcxpresso_8.1.4_606/lpcxpresso/tools/bin/../lib/gcc/arm-none-eabi/5.2.1/armv6-m\libcr_eabihelpers.a(double.o)
                0x00005f94                __aeabi_dmul
 .text.__aeabi_ddiv
                0x00006110      0x14c c:/nxp/lpcxpresso_8.1.4_606/lpcxpresso/tools/bin/../lib/gcc/arm-none-eabi/5.2.1/armv6-m\libcr_eabihelpers.a(double.o)
                0x00006110                __aeabi_ddiv
 .text.__aeabi_dsub
                0x0000625c      0x1c8 c:/nxp/lpcxpresso_8.1.4_606/lpcxpresso/tools/bin/../lib/gcc/arm-none-eabi/5.2.1/armv6-m\libcr_eabihelpers.a(double.o)
                0x0000625c                __aeabi_dsub
 .text.__aeabi_dadd
                0x00006424      0x130 c:/nxp/lpcxpresso_8.1.4_606/lpcxpresso/tools/bin/../lib/gcc/arm-none-eabi/5.2.1/armv6-m\libcr_eabihelpers.a(double.o)
                0x00006424                __aeabi_dadd
 .text.__aeabi_d2iz
                0x00006554       0x44 c:/nxp/lpcxpresso_8.1.4_606/lpcxpresso/tools/bin/../lib/gcc/arm-none-eabi/5.2.1/armv6-m\libcr_eabihelpers.a(double.o)
                0x00006554                __aeabi_d2iz
 .text.__bhs_ui2d
                0x00006598       0x5e c:/nxp/lpcxpresso_8.1.4_606/lpcxpresso/tools/bin/../lib/gcc/arm-none-eabi/5.2.1/armv6-m\libcr_eabihelpers.a(double.o)
                0x00006598                __bhs_ui2d
 .text.__aeabi_i2d
                0x000065f6       0x16 c:/nxp/lpcxpresso_8.1.4_606/lpcxpresso/tools/bin/../lib/gcc/arm-none-eabi/5.2.1/armv6-m\libcr_eabihelpers.a(double.o)
                0x000065f6                __aeabi_i2d
 .text.__aeabi_dcmpeq
                0x0000660c       0x30 c:/nxp/lpcxpresso_8.1.4_606/lpcxpresso/tools/bin/../lib/gcc/arm-none-eabi/5.2.1/armv6-m\libcr_eabihelpers.a(double.o)
                0x0000660c                __aeabi_dcmpeq
 .text.__aeabi_dcmplt
                0x0000663c       0x5c c:/nxp/lpcxpresso_8.1.4_606/lpcxpresso/tools/bin/../lib/gcc/arm-none-eabi/5.2.1/armv6-m\libcr_eabihelpers.a(double.o)
                0x0000663c                __aeabi_dcmplt
 .text.__aeabi_dcmple
                0x00006698       0x5c c:/nxp/lpcxpresso_8.1.4_606/lpcxpresso/tools/bin/../lib/gcc/arm-none-eabi/5.2.1/armv6-m\libcr_eabihelpers.a(double.o)
                0x00006698                __aeabi_dcmple
 .text.__aeabi_dcmpge
                0x000066f4       0x60 c:/nxp/lpcxpresso_8.1.4_606/lpcxpresso/tools/bin/../lib/gcc/arm-none-eabi/5.2.1/armv6-m\libcr_eabihelpers.a(double.o)
                0x000066f4                __aeabi_dcmpge
 .text.__aeabi_llong_lmul
                0x00006754       0x2e c:/nxp/lpcxpresso_8.1.4_606/lpcxpresso/tools/bin/../lib/gcc/arm-none-eabi/5.2.1/armv6-m\libcr_eabihelpers.a(llong.o)
                0x00006754                __aeabi_lmul
 .text.__aeabi_memcpy
                0x00006782       0x2c c:/nxp/lpcxpresso_8.1.4_606/lpcxpresso/tools/bin/../lib/gcc/arm-none-eabi/5.2.1/armv6-m\libcr_eabihelpers.a(memcpy.o)
                0x00006782                __aeabi_memcpy4
                0x00006782                __aeabi_memcpy8
                0x00006782                __aeabi_memcpy
 .text.__aeabi_memset_lowlevel
                0x000067ae       0x2a c:/nxp/lpcxpresso_8.1.4_606/lpcxpresso/tools/bin/../lib/gcc/arm-none-eabi/5.2.1/armv6-m\libcr_eabihelpers.a(memcpy.o)
                0x000067ae                __aeabi_lowlevel_memset
 .text.__gnu_thumb1_case_uqi
                0x000067d8       0x10 c:/nxp/lpcxpresso_8.1.4_606/lpcxpresso/tools/bin/../lib/gcc/arm-none-eabi/5.2.1/armv6-m\libcr_eabihelpers.a(thumb1_switch_helpers.o)
                0x000067d8                __gnu_thumb1_case_uqi
 .text.__sys_appexit
                0x000067e8        0x2 c:/nxp/lpcxpresso_8.1.4_606/lpcxpresso/tools/bin/../lib/gcc/arm-none-eabi/5.2.1/../../../../arm-none-eabi/lib/armv6-m\libcr_nohost.a(__sys_appexit.o)
                0x000067e8                __sys_appexit
                0x000067e8                __exit
 .text.__sys_close
                0x000067ea        0x6 c:/nxp/lpcxpresso_8.1.4_606/lpcxpresso/tools/bin/../lib/gcc/arm-none-eabi/5.2.1/../../../../arm-none-eabi/lib/armv6-m\libcr_nohost.a(__sys_close.o)
                0x000067ea                __sys_close
 .text.__sys_flen
                0x000067f0        0x6 c:/nxp/lpcxpresso_8.1.4_606/lpcxpresso/tools/bin/../lib/gcc/arm-none-eabi/5.2.1/../../../../arm-none-eabi/lib/armv6-m\libcr_nohost.a(__sys_flen.o)
                0x000067f0                __sys_flen
 .text.__sys_istty
                0x000067f6        0x6 c:/nxp/lpcxpresso_8.1.4_606/lpcxpresso/tools/bin/../lib/gcc/arm-none-eabi/5.2.1/../../../../arm-none-eabi/lib/armv6-m\libcr_nohost.a(__sys_istty.o)
                0x000067f6                __sys_istty
 .text.__sys_remove
                0x000067fc        0x6 c:/nxp/lpcxpresso_8.1.4_606/lpcxpresso/tools/bin/../lib/gcc/arm-none-eabi/5.2.1/../../../../arm-none-eabi/lib/armv6-m\libcr_nohost.a(__sys_remove.o)
                0x000067fc                __sys_remove
 .text.__sys_seek
                0x00006802        0x6 c:/nxp/lpcxpresso_8.1.4_606/lpcxpresso/tools/bin/../lib/gcc/arm-none-eabi/5.2.1/../../../../arm-none-eabi/lib/armv6-m\libcr_nohost.a(__sys_seek.o)
                0x00006802                __sys_seek
 .text.__sys_tmpnam
                0x00006808        0x6 c:/nxp/lpcxpresso_8.1.4_606/lpcxpresso/tools/bin/../lib/gcc/arm-none-eabi/5.2.1/../../../../arm-none-eabi/lib/armv6-m\libcr_nohost.a(__sys_tmpnam.o)
                0x00006808                __sys_tmpnam
 *(.rodata .rodata.* .constdata .constdata.*)
 .rodata.str1.1
                0x0000680e        0x5 ./freertos/tasks.o
 *fill*         0x00006813        0x1 ff
 .rodata.USB_StringDescriptor
                0x00006814       0x38 ./example/src/cdc_desc.o
                0x00006814                USB_StringDescriptor
 .rodata.USB_DeviceDescriptor
                0x0000684c       0x12 ./example/src/cdc_desc.o
                0x0000684c                USB_DeviceDescriptor
 .rodata.str1.1
                0x0000685e       0x61 ./example/src/cdc_main.o
 *fill*         0x000068bf        0x1 ff
 .rodata.g_usbApi
                0x000068c0       0x20 ./example/src/cdc_vcom_utils.o
 .rodata.str1.1
                0x000068e0       0x17 ./example/src/cdc_vcom_utils.o
 .rodata.str1.1
                0x000068f7      0x337 ./example/src/esp.o
                                0x360 (size before relaxing)
 *fill*         0x00006c2e        0x2 ff
 .rodata.OscRateIn
                0x00006c30        0x4 C:\dev\niip-sonar\nxp_lpcxpresso_11u14_board_lib\Release\libnxp_lpcxpresso_11u14_board_lib.a(board.o)
                0x00006c30                OscRateIn
 .rodata.pinmuxing
                0x00006c34       0x24 C:\dev\niip-sonar\nxp_lpcxpresso_11u14_board_lib\Release\libnxp_lpcxpresso_11u14_board_lib.a(board_sysinit.o)
 .rodata.wdtOSCRate
                0x00006c58       0x40 C:\dev\niip-sonar\lpc_chip_11uxx_lib\Release\liblpc_chip_11uxx_lib.a(clock_11xx.o)
 .rodata.hw_api
                0x00006c98       0x5c C:\dev\niip-sonar\lpc_chip_11uxx_lib\libs\libusbd_11uxx_lib.a(mw_usbd_rom_api.o)
                0x00006c98                hw_api
 .rodata.core_api
                0x00006cf4       0x20 C:\dev\niip-sonar\lpc_chip_11uxx_lib\libs\libusbd_11uxx_lib.a(mw_usbd_rom_api.o)
                0x00006cf4                core_api
 .rodata.cdc_api
                0x00006d14        0xc C:\dev\niip-sonar\lpc_chip_11uxx_lib\libs\libusbd_11uxx_lib.a(mw_usbd_rom_api.o)
                0x00006d14                cdc_api
 .rodata.hwUSB_EnableEvent
                0x00006d20       0x38 C:\dev\niip-sonar\lpc_chip_11uxx_lib\libs\libusbd_11uxx_lib.a(hw_usbd_ip3511.o)
 .rodata.mwCDC_SetRequest
                0x00006d58       0x90 C:\dev\niip-sonar\lpc_chip_11uxx_lib\libs\libusbd_11uxx_lib.a(mw_usbd_cdcuser.o)
 .rodata.USB_EndPoint0
                0x00006de8       0x20 C:\dev\niip-sonar\lpc_chip_11uxx_lib\libs\libusbd_11uxx_lib.a(mw_usbd_core.o)
 .rodata.USB_EvtSetupHandler
                0x00006e08       0x30 C:\dev\niip-sonar\lpc_chip_11uxx_lib\libs\libusbd_11uxx_lib.a(mw_usbd_core.o)
 .rodata.str1.1
                0x00006e38       0x34 c:/nxp/lpcxpresso_8.1.4_606/lpcxpresso/tools/bin/../lib/gcc/arm-none-eabi/5.2.1/../../../../arm-none-eabi/lib/armv6-m\libcr_c.a(fpprintf.o)
                                 0x35 (size before relaxing)
 .rodata.str1.1
                0x00006e6c        0x4 c:/nxp/lpcxpresso_8.1.4_606/lpcxpresso/tools/bin/../lib/gcc/arm-none-eabi/5.2.1/../../../../arm-none-eabi/lib/armv6-m\libcr_c.a(initio.o)
 .rodata.str1.1
                0x00006e70       0x2f c:/nxp/lpcxpresso_8.1.4_606/lpcxpresso/tools/bin/../lib/gcc/arm-none-eabi/5.2.1/../../../../arm-none-eabi/lib/armv6-m\libcr_c.a(printf.o)
                                 0x38 (size before relaxing)
 .rodata.str1.1
                0x00006e9f        0x1 c:/nxp/lpcxpresso_8.1.4_606/lpcxpresso/tools/bin/../lib/gcc/arm-none-eabi/5.2.1/../../../../arm-none-eabi/lib/armv6-m\libcr_c.a(strtok.o)
 *fill*         0x00006e9f        0x1 ff
 .rodata.__huge_vall
                0x00006ea0        0x8 c:/nxp/lpcxpresso_8.1.4_606/lpcxpresso/tools/bin/../lib/gcc/arm-none-eabi/5.2.1/../../../../arm-none-eabi/lib/armv6-m\libcr_c.a(_hugeval.o)
                0x00006ea0                __huge_vall
 .rodata.str1.1
                0x00006ea8       0x18 c:/nxp/lpcxpresso_8.1.4_606/lpcxpresso/tools/bin/../lib/gcc/arm-none-eabi/5.2.1/../../../../arm-none-eabi/lib/armv6-m\libcr_c.a(alloc.o)
 .rodata.__ctype
                0x00006ec0      0x180 c:/nxp/lpcxpresso_8.1.4_606/lpcxpresso/tools/bin/../lib/gcc/arm-none-eabi/5.2.1/../../../../arm-none-eabi/lib/armv6-m\libcr_c.a(ctype.o)
                0x00006ec0                __ctype
                0x00007040                . = ALIGN (0x4)

.glue_7         0x00007040        0x0
 .glue_7        0x00007040        0x0 linker stubs

.glue_7t        0x00007040        0x0
 .glue_7t       0x00007040        0x0 linker stubs

.vfp11_veneer   0x00007040        0x0
 .vfp11_veneer  0x00007040        0x0 linker stubs

.v4_bx          0x00007040        0x0
 .v4_bx         0x00007040        0x0 linker stubs

.iplt           0x00007040        0x0
 .iplt          0x00007040        0x0 ./freertos/event_groups.o

.rel.dyn        0x00007040        0x0
 .rel.iplt      0x00007040        0x0 ./freertos/event_groups.o

.ARM.extab
 *(.ARM.extab* .gnu.linkonce.armextab.*)
                0x00007040                __exidx_start = .

.ARM.exidx
 *(.ARM.exidx* .gnu.linkonce.armexidx.*)
                0x00007040                __exidx_end = .
                0x00007040                _etext = .

.data_RAM2      0x20004000        0x0 load address 0x00007040
 FILL mask 0xff
                [!provide]                PROVIDE (__start_data_RAM2, .)
 *(.ramfunc.$RAM2)
 *(.ramfunc.$RamUsb2)
 *(.data.$RAM2*)
 *(.data.$RamUsb2*)
                0x20004000                . = ALIGN (0x4)
                [!provide]                PROVIDE (__end_data_RAM2, .)

.uninit_RESERVED
                0x10000000        0x0
 *(.bss.$RESERVED*)
                0x10000000                . = ALIGN (0x4)
                0x10000000                _end_uninit_RESERVED = .

.data           0x10000000       0x68 load address 0x00007040
 FILL mask 0xff
                0x10000000                _data = .
 *(vtable)
 *(.ramfunc*)
 *(.data*)
 .data.uxCriticalNesting
                0x10000000        0x4 ./freertos/port.o
 .data.USB_FsConfigDescriptor
                0x10000004       0x4c ./example/src/cdc_desc.o
                0x10000004                USB_FsConfigDescriptor
 .data.g_pUsbApi
                0x10000050        0x4 ./example/src/cdc_vcom_utils.o
                0x10000050                g_pUsbApi
 .data.pinNum   0x10000054        0x8 ./example/src/relay.o
                0x10000054                pinNum
 .data.portNum  0x1000005c        0x8 ./example/src/relay.o
                0x1000005c                portNum
 .data.saves1.3920
                0x10000064        0x4 c:/nxp/lpcxpresso_8.1.4_606/lpcxpresso/tools/bin/../lib/gcc/arm-none-eabi/5.2.1/../../../../arm-none-eabi/lib/armv6-m\libcr_c.a(strtok.o)
                0x10000068                . = ALIGN (0x4)
                0x10000068                _edata = .

.igot.plt       0x10000068        0x0 load address 0x000070a8
 .igot.plt      0x10000068        0x0 ./freertos/event_groups.o

.bss_RAM2       0x20004000        0x0
                [!provide]                PROVIDE (__start_bss_RAM2, .)
 *(.bss.$RAM2*)
 *(.bss.$RamUsb2*)
                0x20004000                . = ALIGN ((. != 0x0)?0x4:0x1)
                [!provide]                PROVIDE (__end_bss_RAM2, .)

.bss            0x10000068     0x1e3c
                0x10000068                _bss = .
 *(.bss*)
 .bss.xNextFreeByte
                0x10000068        0x4 ./freertos/heap_1.o
 .bss.ucHeap    0x1000006c     0x189c ./freertos/heap_1.o
 .bss.pucAlignedHeap.6314
                0x10001908        0x4 ./freertos/heap_1.o
 .bss.xNumOfOverflows
                0x1000190c        0x4 ./freertos/tasks.o
 .bss.pxDelayedTaskList
                0x10001910        0x4 ./freertos/tasks.o
 .bss.xSchedulerRunning
                0x10001914        0x4 ./freertos/tasks.o
 .bss.uxTasksDeleted
                0x10001918        0x4 ./freertos/tasks.o
 .bss.xDelayedTaskList1
                0x1000191c       0x14 ./freertos/tasks.o
 .bss.pxOverflowDelayedTaskList
                0x10001930        0x4 ./freertos/tasks.o
 .bss.uxPendedTicks
                0x10001934        0x4 ./freertos/tasks.o
 .bss.pxReadyTasksLists
                0x10001938       0xa0 ./freertos/tasks.o
 .bss.xTasksWaitingTermination
                0x100019d8       0x14 ./freertos/tasks.o
 .bss.pxCurrentTCB
                0x100019ec        0x4 ./freertos/tasks.o
                0x100019ec                pxCurrentTCB
 .bss.xPendingReadyList
                0x100019f0       0x14 ./freertos/tasks.o
 .bss.uxSchedulerSuspended
                0x10001a04        0x4 ./freertos/tasks.o
 .bss.xTickCount
                0x10001a08        0x4 ./freertos/tasks.o
 .bss.xNextTaskUnblockTime
                0x10001a0c        0x4 ./freertos/tasks.o
 .bss.uxTaskNumber
                0x10001a10        0x4 ./freertos/tasks.o
 .bss.uxCurrentNumberOfTasks
                0x10001a14        0x4 ./freertos/tasks.o
 .bss.xDelayedTaskList2
                0x10001a18       0x14 ./freertos/tasks.o
 .bss.xSuspendedTaskList
                0x10001a2c       0x14 ./freertos/tasks.o
 .bss.uxTopReadyPriority
                0x10001a40        0x4 ./freertos/tasks.o
 .bss.xYieldPending
                0x10001a44        0x4 ./freertos/tasks.o
 .bss.xUartMsgSem
                0x10001a48        0x4 ./example/src/cdc_main.o
                0x10001a48                xUartMsgSem
 .bss.butTaskHandle
                0x10001a4c        0x4 ./example/src/cdc_main.o
                0x10001a4c                butTaskHandle
 .bss.mainTaskHandle
                0x10001a50        0x4 ./example/src/cdc_main.o
                0x10001a50                mainTaskHandle
 .bss.espTaskHandle
                0x10001a54        0x4 ./example/src/cdc_main.o
                0x10001a54                espTaskHandle
 .bss.xVComMutex
                0x10001a58        0x4 ./example/src/cdc_vcom_utils.o
                0x10001a58                xVComMutex
 .bss.g_rxBuff  0x10001a5c      0x100 ./example/src/cdc_vcom_utils.o
 .bss.g_hUsb    0x10001b5c        0x4 ./example/src/cdc_vcom_utils.o
 .bss.rxring    0x10001b60       0x14 ./example/src/esp.o
 .bss.txbuff    0x10001b74       0x40 ./example/src/esp.o
 .bss.txring    0x10001bb4       0x14 ./example/src/esp.o
 .bss.rxbuff    0x10001bc8       0x40 ./example/src/esp.o
 .bss._extra    0x10001c08        0x4 c:/nxp/lpcxpresso_8.1.4_606/lpcxpresso/tools/bin/../lib/gcc/arm-none-eabi/5.2.1/../../../../arm-none-eabi/lib/armv6-m\libcr_c.a(initio.o)
                0x10001c08                _extra
 .bss.__Ciob    0x10001c0c      0x140 c:/nxp/lpcxpresso_8.1.4_606/lpcxpresso/tools/bin/../lib/gcc/arm-none-eabi/5.2.1/../../../../arm-none-eabi/lib/armv6-m\libcr_c.a(stdio.o)
                0x10001c0c                __Ciob
 .bss.errno     0x10001d4c        0x4 c:/nxp/lpcxpresso_8.1.4_606/lpcxpresso/tools/bin/../lib/gcc/arm-none-eabi/5.2.1/../../../../arm-none-eabi/lib/armv6-m\libcr_c.a(errno.o)
                0x10001d4c                errno
 .bss.__heaps   0x10001d50        0x4 c:/nxp/lpcxpresso_8.1.4_606/lpcxpresso/tools/bin/../lib/gcc/arm-none-eabi/5.2.1/../../../../arm-none-eabi/lib/armv6-m\libcr_c.a(__init_alloc.o)
                0x10001d50                __heaps
 .bss.__end_of_heap
                0x10001d54        0x4 c:/nxp/lpcxpresso_8.1.4_606/lpcxpresso/tools/bin/../lib/gcc/arm-none-eabi/5.2.1/../../../../arm-none-eabi/lib/armv6-m\libcr_c.a(__init_alloc.o)
                0x10001d54                __end_of_heap
 *(COMMON)
 COMMON         0x10001d58       0x14 ./example/src/cdc_vcom.o
                0x10001d58                g_vCOM
 COMMON         0x10001d6c      0x12c ./example/src/cdc_vcom_utils.o
                0x10001d6c                tempBufstr
 COMMON         0x10001e98        0x5 ./example/src/esp.o
                0x10001e98                xEspMutex
                0x10001e9c                bConnected
 *fill*         0x10001e9d        0x3 
 COMMON         0x10001ea0        0x4 C:\dev\niip-sonar\lpc_chip_11uxx_lib\Release\liblpc_chip_11uxx_lib.a(chip_11xx.o)
                0x10001ea0                SystemCoreClock
                0x10001ea4                . = ALIGN (0x4)
                0x10001ea4                _ebss = .
                [!provide]                PROVIDE (end, .)

.noinit_RAM2    0x20004000        0x0
 *(.noinit.$RAM2*)
 *(.noinit.$RamUsb2*)
                0x20004000                . = ALIGN (0x4)

.noinit         0x10001ea4        0x0
                0x10001ea4                _noinit = .
 *(.noinit*)
                0x10001ea4                . = ALIGN (0x4)
                0x10001ea4                _end_noinit = .
                0x10001ea4                PROVIDE (_pvHeapStart, DEFINED (__user_heap_base)?__user_heap_base:.)
                0x10002000                PROVIDE (_vStackTop, DEFINED (__user_stack_top)?__user_stack_top:(__top_RamLoc8 - 0x0))
                [!provide]                PROVIDE (__valid_user_code_checksum, (0x0 - (((_vStackTop + (ResetISR + 0x1)) + (DEFINED (NMI_Handler)?NMI_Handler:M0_NMI_Handler + 0x1)) + (DEFINED (HardFault_Handler)?HardFault_Handler:M0_HardFault_Handler + 0x1))))
OUTPUT(nxp_lpcxpresso_11u14_usbd_lib_cdc.axf elf32-littlearm)

.comment        0x00000000       0xde
 .comment       0x00000000       0x6e ./freertos/heap_1.o
                                 0x6f (size before relaxing)
 .comment       0x0000006e       0x6f ./freertos/list.o
 .comment       0x0000006e       0x6f ./freertos/port.o
 .comment       0x0000006e       0x6f ./freertos/queue.o
 .comment       0x0000006e       0x6f ./freertos/tasks.o
 .comment       0x0000006e       0x6f ./example/src/cdc_desc.o
 .comment       0x0000006e       0x6f ./example/src/cdc_main.o
 .comment       0x0000006e       0x6f ./example/src/cdc_vcom.o
 .comment       0x0000006e       0x6f ./example/src/cdc_vcom_utils.o
 .comment       0x0000006e       0x6f ./example/src/cr_startup_lpc11xx.o
 .comment       0x0000006e       0x6f ./example/src/esp.o
 .comment       0x0000006e       0x6f ./example/src/led_but.o
 .comment       0x0000006e       0x6f ./example/src/relay.o
 .comment       0x0000006e       0x6f ./example/src/sysinit.o
 .comment       0x0000006e       0x6f C:\dev\niip-sonar\nxp_lpcxpresso_11u14_board_lib\Release\libnxp_lpcxpresso_11u14_board_lib.a(board.o)
 .comment       0x0000006e       0x6f C:\dev\niip-sonar\nxp_lpcxpresso_11u14_board_lib\Release\libnxp_lpcxpresso_11u14_board_lib.a(board_sysinit.o)
 .comment       0x0000006e       0x6f C:\dev\niip-sonar\lpc_chip_11uxx_lib\Release\liblpc_chip_11uxx_lib.a(chip_11xx.o)
 .comment       0x0000006e       0x6f C:\dev\niip-sonar\lpc_chip_11uxx_lib\Release\liblpc_chip_11uxx_lib.a(clock_11xx.o)
 .comment       0x0000006e       0x6f C:\dev\niip-sonar\lpc_chip_11uxx_lib\Release\liblpc_chip_11uxx_lib.a(gpio_11xx_1.o)
 .comment       0x0000006e       0x6f C:\dev\niip-sonar\lpc_chip_11uxx_lib\Release\liblpc_chip_11uxx_lib.a(iocon_11xx.o)
 .comment       0x0000006e       0x6f C:\dev\niip-sonar\lpc_chip_11uxx_lib\Release\liblpc_chip_11uxx_lib.a(ring_buffer.o)
 .comment       0x0000006e       0x6f C:\dev\niip-sonar\lpc_chip_11uxx_lib\Release\liblpc_chip_11uxx_lib.a(sysctl_11xx.o)
 .comment       0x0000006e       0x6f C:\dev\niip-sonar\lpc_chip_11uxx_lib\Release\liblpc_chip_11uxx_lib.a(uart_11xx.o)
 .comment       0x0000006e       0x70 C:\dev\niip-sonar\lpc_chip_11uxx_lib\libs\libusbd_11uxx_lib.a(mw_usbd_rom_api.o)
                                 0x71 (size before relaxing)
 .comment       0x000000de       0x71 C:\dev\niip-sonar\lpc_chip_11uxx_lib\libs\libusbd_11uxx_lib.a(hw_usbd_ip3511.o)
 .comment       0x000000de       0x71 C:\dev\niip-sonar\lpc_chip_11uxx_lib\libs\libusbd_11uxx_lib.a(mw_usbd_cdcuser.o)
 .comment       0x000000de       0x71 C:\dev\niip-sonar\lpc_chip_11uxx_lib\libs\libusbd_11uxx_lib.a(mw_usbd_core.o)
 .comment       0x000000de       0x6f c:/nxp/lpcxpresso_8.1.4_606/lpcxpresso/tools/bin/../lib/gcc/arm-none-eabi/5.2.1/../../../../arm-none-eabi/lib/armv6-m\libcr_nohost.a(_cr__main.o)
 .comment       0x000000de       0x6f c:/nxp/lpcxpresso_8.1.4_606/lpcxpresso/tools/bin/../lib/gcc/arm-none-eabi/5.2.1/../../../../arm-none-eabi/lib/armv6-m\libcr_c.a(memcpy.o)
 .comment       0x000000de       0x6f c:/nxp/lpcxpresso_8.1.4_606/lpcxpresso/tools/bin/../lib/gcc/arm-none-eabi/5.2.1/../../../../arm-none-eabi/lib/armv6-m\libcr_c.a(memset.o)
 .comment       0x000000de       0x6f c:/nxp/lpcxpresso_8.1.4_606/lpcxpresso/tools/bin/../lib/gcc/arm-none-eabi/5.2.1/../../../../arm-none-eabi/lib/armv6-m\libcr_c.a(fpprintf.o)
 .comment       0x000000de       0x6f c:/nxp/lpcxpresso_8.1.4_606/lpcxpresso/tools/bin/../lib/gcc/arm-none-eabi/5.2.1/../../../../arm-none-eabi/lib/armv6-m\libcr_c.a(initio.o)
 .comment       0x000000de       0x6f c:/nxp/lpcxpresso_8.1.4_606/lpcxpresso/tools/bin/../lib/gcc/arm-none-eabi/5.2.1/../../../../arm-none-eabi/lib/armv6-m\libcr_c.a(memchr.o)
 .comment       0x000000de       0x6f c:/nxp/lpcxpresso_8.1.4_606/lpcxpresso/tools/bin/../lib/gcc/arm-none-eabi/5.2.1/../../../../arm-none-eabi/lib/armv6-m\libcr_c.a(memcmp.o)
 .comment       0x000000de       0x6f c:/nxp/lpcxpresso_8.1.4_606/lpcxpresso/tools/bin/../lib/gcc/arm-none-eabi/5.2.1/../../../../arm-none-eabi/lib/armv6-m\libcr_c.a(printf.o)
 .comment       0x000000de       0x6f c:/nxp/lpcxpresso_8.1.4_606/lpcxpresso/tools/bin/../lib/gcc/arm-none-eabi/5.2.1/../../../../arm-none-eabi/lib/armv6-m\libcr_c.a(scanf.o)
 .comment       0x000000de       0x6f c:/nxp/lpcxpresso_8.1.4_606/lpcxpresso/tools/bin/../lib/gcc/arm-none-eabi/5.2.1/../../../../arm-none-eabi/lib/armv6-m\libcr_c.a(setvbuf.o)
 .comment       0x000000de       0x6f c:/nxp/lpcxpresso_8.1.4_606/lpcxpresso/tools/bin/../lib/gcc/arm-none-eabi/5.2.1/../../../../arm-none-eabi/lib/armv6-m\libcr_c.a(stdio.o)
 .comment       0x000000de       0x6f c:/nxp/lpcxpresso_8.1.4_606/lpcxpresso/tools/bin/../lib/gcc/arm-none-eabi/5.2.1/../../../../arm-none-eabi/lib/armv6-m\libcr_c.a(strlen.o)
 .comment       0x000000de       0x6f c:/nxp/lpcxpresso_8.1.4_606/lpcxpresso/tools/bin/../lib/gcc/arm-none-eabi/5.2.1/../../../../arm-none-eabi/lib/armv6-m\libcr_c.a(strtok.o)
 .comment       0x000000de       0x6f c:/nxp/lpcxpresso_8.1.4_606/lpcxpresso/tools/bin/../lib/gcc/arm-none-eabi/5.2.1/../../../../arm-none-eabi/lib/armv6-m\libcr_c.a(_deferredlazyseek.o)
 .comment       0x000000de       0x6f c:/nxp/lpcxpresso_8.1.4_606/lpcxpresso/tools/bin/../lib/gcc/arm-none-eabi/5.2.1/../../../../arm-none-eabi/lib/armv6-m\libcr_c.a(_fdopen.o)
 .comment       0x000000de       0x6f c:/nxp/lpcxpresso_8.1.4_606/lpcxpresso/tools/bin/../lib/gcc/arm-none-eabi/5.2.1/../../../../arm-none-eabi/lib/armv6-m\libcr_c.a(_fflush.o)
 .comment       0x000000de       0x6f c:/nxp/lpcxpresso_8.1.4_606/lpcxpresso/tools/bin/../lib/gcc/arm-none-eabi/5.2.1/../../../../arm-none-eabi/lib/armv6-m\libcr_c.a(_frexpl.o)
 .comment       0x000000de       0x6f c:/nxp/lpcxpresso_8.1.4_606/lpcxpresso/tools/bin/../lib/gcc/arm-none-eabi/5.2.1/../../../../arm-none-eabi/lib/armv6-m\libcr_c.a(_hugeval.o)
 .comment       0x000000de       0x6f c:/nxp/lpcxpresso_8.1.4_606/lpcxpresso/tools/bin/../lib/gcc/arm-none-eabi/5.2.1/../../../../arm-none-eabi/lib/armv6-m\libcr_c.a(_ldexpl.o)
 .comment       0x000000de       0x6f c:/nxp/lpcxpresso_8.1.4_606/lpcxpresso/tools/bin/../lib/gcc/arm-none-eabi/5.2.1/../../../../arm-none-eabi/lib/armv6-m\libcr_c.a(_writebuf.o)
 .comment       0x000000de       0x6f c:/nxp/lpcxpresso_8.1.4_606/lpcxpresso/tools/bin/../lib/gcc/arm-none-eabi/5.2.1/../../../../arm-none-eabi/lib/armv6-m\libcr_c.a(alloc.o)
 .comment       0x000000de       0x6f c:/nxp/lpcxpresso_8.1.4_606/lpcxpresso/tools/bin/../lib/gcc/arm-none-eabi/5.2.1/../../../../arm-none-eabi/lib/armv6-m\libcr_c.a(ctype.o)
 .comment       0x000000de       0x6f c:/nxp/lpcxpresso_8.1.4_606/lpcxpresso/tools/bin/../lib/gcc/arm-none-eabi/5.2.1/../../../../arm-none-eabi/lib/armv6-m\libcr_c.a(errno.o)
 .comment       0x000000de       0x6f c:/nxp/lpcxpresso_8.1.4_606/lpcxpresso/tools/bin/../lib/gcc/arm-none-eabi/5.2.1/../../../../arm-none-eabi/lib/armv6-m\libcr_c.a(fclose.o)
 .comment       0x000000de       0x6f c:/nxp/lpcxpresso_8.1.4_606/lpcxpresso/tools/bin/../lib/gcc/arm-none-eabi/5.2.1/../../../../arm-none-eabi/lib/armv6-m\libcr_c.a(fflush.o)
 .comment       0x000000de       0x6f c:/nxp/lpcxpresso_8.1.4_606/lpcxpresso/tools/bin/../lib/gcc/arm-none-eabi/5.2.1/../../../../arm-none-eabi/lib/armv6-m\libcr_c.a(fseek.o)
 .comment       0x000000de       0x6f c:/nxp/lpcxpresso_8.1.4_606/lpcxpresso/tools/bin/../lib/gcc/arm-none-eabi/5.2.1/../../../../arm-none-eabi/lib/armv6-m\libcr_c.a(ftell.o)
 .comment       0x000000de       0x6f c:/nxp/lpcxpresso_8.1.4_606/lpcxpresso/tools/bin/../lib/gcc/arm-none-eabi/5.2.1/../../../../arm-none-eabi/lib/armv6-m\libcr_c.a(remove.o)
 .comment       0x000000de       0x6f c:/nxp/lpcxpresso_8.1.4_606/lpcxpresso/tools/bin/../lib/gcc/arm-none-eabi/5.2.1/../../../../arm-none-eabi/lib/armv6-m\libcr_c.a(strcspn.o)
 .comment       0x000000de       0x6f c:/nxp/lpcxpresso_8.1.4_606/lpcxpresso/tools/bin/../lib/gcc/arm-none-eabi/5.2.1/../../../../arm-none-eabi/lib/armv6-m\libcr_c.a(strspn.o)
 .comment       0x000000de       0x6f c:/nxp/lpcxpresso_8.1.4_606/lpcxpresso/tools/bin/../lib/gcc/arm-none-eabi/5.2.1/../../../../arm-none-eabi/lib/armv6-m\libcr_c.a(__init_alloc.o)
 .comment       0x000000de       0x6f c:/nxp/lpcxpresso_8.1.4_606/lpcxpresso/tools/bin/../lib/gcc/arm-none-eabi/5.2.1/../../../../arm-none-eabi/lib/armv6-m\libcr_c.a(_cr_sbrk.o)
 .comment       0x000000de       0x6f c:/nxp/lpcxpresso_8.1.4_606/lpcxpresso/tools/bin/../lib/gcc/arm-none-eabi/5.2.1/../../../../arm-none-eabi/lib/armv6-m\libcr_c.a(_do_fflush.o)
 .comment       0x000000de       0x6f c:/nxp/lpcxpresso_8.1.4_606/lpcxpresso/tools/bin/../lib/gcc/arm-none-eabi/5.2.1/../../../../arm-none-eabi/lib/armv6-m\libcr_c.a(_cr_check_heap.o)
 .comment       0x000000de       0x6f c:/nxp/lpcxpresso_8.1.4_606/lpcxpresso/tools/bin/../lib/gcc/arm-none-eabi/5.2.1/armv6-m\libcr_eabihelpers.a(double.o)
 .comment       0x000000de       0x6f c:/nxp/lpcxpresso_8.1.4_606/lpcxpresso/tools/bin/../lib/gcc/arm-none-eabi/5.2.1/../../../../arm-none-eabi/lib/armv6-m\libcr_nohost.a(__sys_appexit.o)
 .comment       0x000000de       0x6f c:/nxp/lpcxpresso_8.1.4_606/lpcxpresso/tools/bin/../lib/gcc/arm-none-eabi/5.2.1/../../../../arm-none-eabi/lib/armv6-m\libcr_nohost.a(__sys_close.o)
 .comment       0x000000de       0x6f c:/nxp/lpcxpresso_8.1.4_606/lpcxpresso/tools/bin/../lib/gcc/arm-none-eabi/5.2.1/../../../../arm-none-eabi/lib/armv6-m\libcr_nohost.a(__sys_flen.o)
 .comment       0x000000de       0x6f c:/nxp/lpcxpresso_8.1.4_606/lpcxpresso/tools/bin/../lib/gcc/arm-none-eabi/5.2.1/../../../../arm-none-eabi/lib/armv6-m\libcr_nohost.a(__sys_istty.o)
 .comment       0x000000de       0x6f c:/nxp/lpcxpresso_8.1.4_606/lpcxpresso/tools/bin/../lib/gcc/arm-none-eabi/5.2.1/../../../../arm-none-eabi/lib/armv6-m\libcr_nohost.a(__sys_remove.o)
 .comment       0x000000de       0x6f c:/nxp/lpcxpresso_8.1.4_606/lpcxpresso/tools/bin/../lib/gcc/arm-none-eabi/5.2.1/../../../../arm-none-eabi/lib/armv6-m\libcr_nohost.a(__sys_seek.o)
 .comment       0x000000de       0x6f c:/nxp/lpcxpresso_8.1.4_606/lpcxpresso/tools/bin/../lib/gcc/arm-none-eabi/5.2.1/../../../../arm-none-eabi/lib/armv6-m\libcr_nohost.a(__sys_tmpnam.o)

.ARM.attributes
                0x00000000       0x2f
 .ARM.attributes
                0x00000000       0x31 ./freertos/heap_1.o
 .ARM.attributes
                0x00000031       0x31 ./freertos/list.o
 .ARM.attributes
                0x00000062       0x31 ./freertos/port.o
 .ARM.attributes
                0x00000093       0x31 ./freertos/queue.o
 .ARM.attributes
                0x000000c4       0x31 ./freertos/tasks.o
 .ARM.attributes
                0x000000f5       0x31 ./example/src/cdc_desc.o
 .ARM.attributes
                0x00000126       0x31 ./example/src/cdc_main.o
 .ARM.attributes
                0x00000157       0x31 ./example/src/cdc_vcom.o
 .ARM.attributes
                0x00000188       0x31 ./example/src/cdc_vcom_utils.o
 .ARM.attributes
                0x000001b9       0x31 ./example/src/cr_startup_lpc11xx.o
 .ARM.attributes
                0x000001ea       0x31 ./example/src/esp.o
 .ARM.attributes
                0x0000021b       0x31 ./example/src/led_but.o
 .ARM.attributes
                0x0000024c       0x31 ./example/src/relay.o
 .ARM.attributes
                0x0000027d       0x31 ./example/src/sysinit.o
 .ARM.attributes
                0x000002ae       0x31 C:\dev\niip-sonar\nxp_lpcxpresso_11u14_board_lib\Release\libnxp_lpcxpresso_11u14_board_lib.a(board.o)
 .ARM.attributes
                0x000002df       0x31 C:\dev\niip-sonar\nxp_lpcxpresso_11u14_board_lib\Release\libnxp_lpcxpresso_11u14_board_lib.a(board_sysinit.o)
 .ARM.attributes
                0x00000310       0x31 C:\dev\niip-sonar\lpc_chip_11uxx_lib\Release\liblpc_chip_11uxx_lib.a(chip_11xx.o)
 .ARM.attributes
                0x00000341       0x31 C:\dev\niip-sonar\lpc_chip_11uxx_lib\Release\liblpc_chip_11uxx_lib.a(clock_11xx.o)
 .ARM.attributes
                0x00000372       0x31 C:\dev\niip-sonar\lpc_chip_11uxx_lib\Release\liblpc_chip_11uxx_lib.a(gpio_11xx_1.o)
 .ARM.attributes
                0x000003a3       0x31 C:\dev\niip-sonar\lpc_chip_11uxx_lib\Release\liblpc_chip_11uxx_lib.a(iocon_11xx.o)
 .ARM.attributes
                0x000003d4       0x31 C:\dev\niip-sonar\lpc_chip_11uxx_lib\Release\liblpc_chip_11uxx_lib.a(ring_buffer.o)
 .ARM.attributes
                0x00000405       0x31 C:\dev\niip-sonar\lpc_chip_11uxx_lib\Release\liblpc_chip_11uxx_lib.a(sysctl_11xx.o)
 .ARM.attributes
                0x00000436       0x31 C:\dev\niip-sonar\lpc_chip_11uxx_lib\Release\liblpc_chip_11uxx_lib.a(uart_11xx.o)
 .ARM.attributes
                0x00000467       0x31 C:\dev\niip-sonar\lpc_chip_11uxx_lib\libs\libusbd_11uxx_lib.a(mw_usbd_rom_api.o)
 .ARM.attributes
                0x00000498       0x31 C:\dev\niip-sonar\lpc_chip_11uxx_lib\libs\libusbd_11uxx_lib.a(hw_usbd_ip3511.o)
 .ARM.attributes
                0x000004c9       0x31 C:\dev\niip-sonar\lpc_chip_11uxx_lib\libs\libusbd_11uxx_lib.a(mw_usbd_cdcuser.o)
 .ARM.attributes
                0x000004fa       0x31 C:\dev\niip-sonar\lpc_chip_11uxx_lib\libs\libusbd_11uxx_lib.a(mw_usbd_core.o)
 .ARM.attributes
                0x0000052b       0x31 c:/nxp/lpcxpresso_8.1.4_606/lpcxpresso/tools/bin/../lib/gcc/arm-none-eabi/5.2.1/../../../../arm-none-eabi/lib/armv6-m\libcr_nohost.a(_cr__main.o)
 .ARM.attributes
                0x0000055c       0x31 c:/nxp/lpcxpresso_8.1.4_606/lpcxpresso/tools/bin/../lib/gcc/arm-none-eabi/5.2.1/../../../../arm-none-eabi/lib/armv6-m\libcr_c.a(memcpy.o)
 .ARM.attributes
                0x0000058d       0x31 c:/nxp/lpcxpresso_8.1.4_606/lpcxpresso/tools/bin/../lib/gcc/arm-none-eabi/5.2.1/../../../../arm-none-eabi/lib/armv6-m\libcr_c.a(memset.o)
 .ARM.attributes
                0x000005be       0x31 c:/nxp/lpcxpresso_8.1.4_606/lpcxpresso/tools/bin/../lib/gcc/arm-none-eabi/5.2.1/../../../../arm-none-eabi/lib/armv6-m\libcr_c.a(fpprintf.o)
 .ARM.attributes
                0x000005ef       0x31 c:/nxp/lpcxpresso_8.1.4_606/lpcxpresso/tools/bin/../lib/gcc/arm-none-eabi/5.2.1/../../../../arm-none-eabi/lib/armv6-m\libcr_c.a(initio.o)
 .ARM.attributes
                0x00000620       0x31 c:/nxp/lpcxpresso_8.1.4_606/lpcxpresso/tools/bin/../lib/gcc/arm-none-eabi/5.2.1/../../../../arm-none-eabi/lib/armv6-m\libcr_c.a(memchr.o)
 .ARM.attributes
                0x00000651       0x31 c:/nxp/lpcxpresso_8.1.4_606/lpcxpresso/tools/bin/../lib/gcc/arm-none-eabi/5.2.1/../../../../arm-none-eabi/lib/armv6-m\libcr_c.a(memcmp.o)
 .ARM.attributes
                0x00000682       0x31 c:/nxp/lpcxpresso_8.1.4_606/lpcxpresso/tools/bin/../lib/gcc/arm-none-eabi/5.2.1/../../../../arm-none-eabi/lib/armv6-m\libcr_c.a(printf.o)
 .ARM.attributes
                0x000006b3       0x31 c:/nxp/lpcxpresso_8.1.4_606/lpcxpresso/tools/bin/../lib/gcc/arm-none-eabi/5.2.1/../../../../arm-none-eabi/lib/armv6-m\libcr_c.a(scanf.o)
 .ARM.attributes
                0x000006e4       0x31 c:/nxp/lpcxpresso_8.1.4_606/lpcxpresso/tools/bin/../lib/gcc/arm-none-eabi/5.2.1/../../../../arm-none-eabi/lib/armv6-m\libcr_c.a(setvbuf.o)
 .ARM.attributes
                0x00000715       0x31 c:/nxp/lpcxpresso_8.1.4_606/lpcxpresso/tools/bin/../lib/gcc/arm-none-eabi/5.2.1/../../../../arm-none-eabi/lib/armv6-m\libcr_c.a(stdio.o)
 .ARM.attributes
                0x00000746       0x31 c:/nxp/lpcxpresso_8.1.4_606/lpcxpresso/tools/bin/../lib/gcc/arm-none-eabi/5.2.1/../../../../arm-none-eabi/lib/armv6-m\libcr_c.a(strlen.o)
 .ARM.attributes
                0x00000777       0x31 c:/nxp/lpcxpresso_8.1.4_606/lpcxpresso/tools/bin/../lib/gcc/arm-none-eabi/5.2.1/../../../../arm-none-eabi/lib/armv6-m\libcr_c.a(strtok.o)
 .ARM.attributes
                0x000007a8       0x31 c:/nxp/lpcxpresso_8.1.4_606/lpcxpresso/tools/bin/../lib/gcc/arm-none-eabi/5.2.1/../../../../arm-none-eabi/lib/armv6-m\libcr_c.a(_deferredlazyseek.o)
 .ARM.attributes
                0x000007d9       0x31 c:/nxp/lpcxpresso_8.1.4_606/lpcxpresso/tools/bin/../lib/gcc/arm-none-eabi/5.2.1/../../../../arm-none-eabi/lib/armv6-m\libcr_c.a(_fdopen.o)
 .ARM.attributes
                0x0000080a       0x31 c:/nxp/lpcxpresso_8.1.4_606/lpcxpresso/tools/bin/../lib/gcc/arm-none-eabi/5.2.1/../../../../arm-none-eabi/lib/armv6-m\libcr_c.a(_fflush.o)
 .ARM.attributes
                0x0000083b       0x31 c:/nxp/lpcxpresso_8.1.4_606/lpcxpresso/tools/bin/../lib/gcc/arm-none-eabi/5.2.1/../../../../arm-none-eabi/lib/armv6-m\libcr_c.a(_frexpl.o)
 .ARM.attributes
                0x0000086c       0x31 c:/nxp/lpcxpresso_8.1.4_606/lpcxpresso/tools/bin/../lib/gcc/arm-none-eabi/5.2.1/../../../../arm-none-eabi/lib/armv6-m\libcr_c.a(_hugeval.o)
 .ARM.attributes
                0x0000089d       0x31 c:/nxp/lpcxpresso_8.1.4_606/lpcxpresso/tools/bin/../lib/gcc/arm-none-eabi/5.2.1/../../../../arm-none-eabi/lib/armv6-m\libcr_c.a(_ldexpl.o)
 .ARM.attributes
                0x000008ce       0x31 c:/nxp/lpcxpresso_8.1.4_606/lpcxpresso/tools/bin/../lib/gcc/arm-none-eabi/5.2.1/../../../../arm-none-eabi/lib/armv6-m\libcr_c.a(_writebuf.o)
 .ARM.attributes
                0x000008ff       0x31 c:/nxp/lpcxpresso_8.1.4_606/lpcxpresso/tools/bin/../lib/gcc/arm-none-eabi/5.2.1/../../../../arm-none-eabi/lib/armv6-m\libcr_c.a(alloc.o)
 .ARM.attributes
                0x00000930       0x31 c:/nxp/lpcxpresso_8.1.4_606/lpcxpresso/tools/bin/../lib/gcc/arm-none-eabi/5.2.1/../../../../arm-none-eabi/lib/armv6-m\libcr_c.a(ctype.o)
 .ARM.attributes
                0x00000961       0x31 c:/nxp/lpcxpresso_8.1.4_606/lpcxpresso/tools/bin/../lib/gcc/arm-none-eabi/5.2.1/../../../../arm-none-eabi/lib/armv6-m\libcr_c.a(errno.o)
 .ARM.attributes
                0x00000992       0x31 c:/nxp/lpcxpresso_8.1.4_606/lpcxpresso/tools/bin/../lib/gcc/arm-none-eabi/5.2.1/../../../../arm-none-eabi/lib/armv6-m\libcr_c.a(fclose.o)
 .ARM.attributes
                0x000009c3       0x31 c:/nxp/lpcxpresso_8.1.4_606/lpcxpresso/tools/bin/../lib/gcc/arm-none-eabi/5.2.1/../../../../arm-none-eabi/lib/armv6-m\libcr_c.a(fflush.o)
 .ARM.attributes
                0x000009f4       0x31 c:/nxp/lpcxpresso_8.1.4_606/lpcxpresso/tools/bin/../lib/gcc/arm-none-eabi/5.2.1/../../../../arm-none-eabi/lib/armv6-m\libcr_c.a(fseek.o)
 .ARM.attributes
                0x00000a25       0x31 c:/nxp/lpcxpresso_8.1.4_606/lpcxpresso/tools/bin/../lib/gcc/arm-none-eabi/5.2.1/../../../../arm-none-eabi/lib/armv6-m\libcr_c.a(ftell.o)
 .ARM.attributes
                0x00000a56       0x31 c:/nxp/lpcxpresso_8.1.4_606/lpcxpresso/tools/bin/../lib/gcc/arm-none-eabi/5.2.1/../../../../arm-none-eabi/lib/armv6-m\libcr_c.a(remove.o)
 .ARM.attributes
                0x00000a87       0x31 c:/nxp/lpcxpresso_8.1.4_606/lpcxpresso/tools/bin/../lib/gcc/arm-none-eabi/5.2.1/../../../../arm-none-eabi/lib/armv6-m\libcr_c.a(strcspn.o)
 .ARM.attributes
                0x00000ab8       0x31 c:/nxp/lpcxpresso_8.1.4_606/lpcxpresso/tools/bin/../lib/gcc/arm-none-eabi/5.2.1/../../../../arm-none-eabi/lib/armv6-m\libcr_c.a(strspn.o)
 .ARM.attributes
                0x00000ae9       0x31 c:/nxp/lpcxpresso_8.1.4_606/lpcxpresso/tools/bin/../lib/gcc/arm-none-eabi/5.2.1/../../../../arm-none-eabi/lib/armv6-m\libcr_c.a(__init_alloc.o)
 .ARM.attributes
                0x00000b1a       0x31 c:/nxp/lpcxpresso_8.1.4_606/lpcxpresso/tools/bin/../lib/gcc/arm-none-eabi/5.2.1/../../../../arm-none-eabi/lib/armv6-m\libcr_c.a(_cr_sbrk.o)
 .ARM.attributes
                0x00000b4b       0x31 c:/nxp/lpcxpresso_8.1.4_606/lpcxpresso/tools/bin/../lib/gcc/arm-none-eabi/5.2.1/../../../../arm-none-eabi/lib/armv6-m\libcr_c.a(_do_fflush.o)
 .ARM.attributes
                0x00000b7c       0x31 c:/nxp/lpcxpresso_8.1.4_606/lpcxpresso/tools/bin/../lib/gcc/arm-none-eabi/5.2.1/../../../../arm-none-eabi/lib/armv6-m\libcr_c.a(_cr_check_heap.o)
 .ARM.attributes
                0x00000bad       0x21 c:/nxp/lpcxpresso_8.1.4_606/lpcxpresso/tools/bin/../lib/gcc/arm-none-eabi/5.2.1/armv6-m\libcr_eabihelpers.a(division_32.o)
 .ARM.attributes
                0x00000bce       0x21 c:/nxp/lpcxpresso_8.1.4_606/lpcxpresso/tools/bin/../lib/gcc/arm-none-eabi/5.2.1/armv6-m\libcr_eabihelpers.a(division_idiv0.o)
 .ARM.attributes
                0x00000bef       0x31 c:/nxp/lpcxpresso_8.1.4_606/lpcxpresso/tools/bin/../lib/gcc/arm-none-eabi/5.2.1/armv6-m\libcr_eabihelpers.a(double.o)
 .ARM.attributes
                0x00000c20       0x21 c:/nxp/lpcxpresso_8.1.4_606/lpcxpresso/tools/bin/../lib/gcc/arm-none-eabi/5.2.1/armv6-m\libcr_eabihelpers.a(llong.o)
 .ARM.attributes
                0x00000c41       0x21 c:/nxp/lpcxpresso_8.1.4_606/lpcxpresso/tools/bin/../lib/gcc/arm-none-eabi/5.2.1/armv6-m\libcr_eabihelpers.a(memcpy.o)
 .ARM.attributes
                0x00000c62       0x21 c:/nxp/lpcxpresso_8.1.4_606/lpcxpresso/tools/bin/../lib/gcc/arm-none-eabi/5.2.1/armv6-m\libcr_eabihelpers.a(thumb1_switch_helpers.o)
 .ARM.attributes
                0x00000c83       0x31 c:/nxp/lpcxpresso_8.1.4_606/lpcxpresso/tools/bin/../lib/gcc/arm-none-eabi/5.2.1/../../../../arm-none-eabi/lib/armv6-m\libcr_nohost.a(__sys_appexit.o)
 .ARM.attributes
                0x00000cb4       0x31 c:/nxp/lpcxpresso_8.1.4_606/lpcxpresso/tools/bin/../lib/gcc/arm-none-eabi/5.2.1/../../../../arm-none-eabi/lib/armv6-m\libcr_nohost.a(__sys_close.o)
 .ARM.attributes
                0x00000ce5       0x31 c:/nxp/lpcxpresso_8.1.4_606/lpcxpresso/tools/bin/../lib/gcc/arm-none-eabi/5.2.1/../../../../arm-none-eabi/lib/armv6-m\libcr_nohost.a(__sys_flen.o)
 .ARM.attributes
                0x00000d16       0x31 c:/nxp/lpcxpresso_8.1.4_606/lpcxpresso/tools/bin/../lib/gcc/arm-none-eabi/5.2.1/../../../../arm-none-eabi/lib/armv6-m\libcr_nohost.a(__sys_istty.o)
 .ARM.attributes
                0x00000d47       0x31 c:/nxp/lpcxpresso_8.1.4_606/lpcxpresso/tools/bin/../lib/gcc/arm-none-eabi/5.2.1/../../../../arm-none-eabi/lib/armv6-m\libcr_nohost.a(__sys_remove.o)
 .ARM.attributes
                0x00000d78       0x31 c:/nxp/lpcxpresso_8.1.4_606/lpcxpresso/tools/bin/../lib/gcc/arm-none-eabi/5.2.1/../../../../arm-none-eabi/lib/armv6-m\libcr_nohost.a(__sys_seek.o)
 .ARM.attributes
                0x00000da9       0x31 c:/nxp/lpcxpresso_8.1.4_606/lpcxpresso/tools/bin/../lib/gcc/arm-none-eabi/5.2.1/../../../../arm-none-eabi/lib/armv6-m\libcr_nohost.a(__sys_tmpnam.o)

.debug_info     0x00000000     0x4932
 .debug_info    0x00000000      0xbe0 C:\dev\niip-sonar\nxp_lpcxpresso_11u14_board_lib\Release\libnxp_lpcxpresso_11u14_board_lib.a(board.o)
 .debug_info    0x00000be0      0xb26 C:\dev\niip-sonar\nxp_lpcxpresso_11u14_board_lib\Release\libnxp_lpcxpresso_11u14_board_lib.a(board_sysinit.o)
 .debug_info    0x00001706       0xe3 C:\dev\niip-sonar\lpc_chip_11uxx_lib\Release\liblpc_chip_11uxx_lib.a(chip_11xx.o)
 .debug_info    0x000017e9      0x937 C:\dev\niip-sonar\lpc_chip_11uxx_lib\Release\liblpc_chip_11uxx_lib.a(clock_11xx.o)
 .debug_info    0x00002120      0xa05 C:\dev\niip-sonar\lpc_chip_11uxx_lib\Release\liblpc_chip_11uxx_lib.a(gpio_11xx_1.o)
 .debug_info    0x00002b25      0x165 C:\dev\niip-sonar\lpc_chip_11uxx_lib\Release\liblpc_chip_11uxx_lib.a(iocon_11xx.o)
 .debug_info    0x00002c8a      0x4aa C:\dev\niip-sonar\lpc_chip_11uxx_lib\Release\liblpc_chip_11uxx_lib.a(ring_buffer.o)
 .debug_info    0x00003134      0x58e C:\dev\niip-sonar\lpc_chip_11uxx_lib\Release\liblpc_chip_11uxx_lib.a(sysctl_11xx.o)
 .debug_info    0x000036c2     0x1270 C:\dev\niip-sonar\lpc_chip_11uxx_lib\Release\liblpc_chip_11uxx_lib.a(uart_11xx.o)

.debug_abbrev   0x00000000      0xf93
 .debug_abbrev  0x00000000      0x2ba C:\dev\niip-sonar\nxp_lpcxpresso_11u14_board_lib\Release\libnxp_lpcxpresso_11u14_board_lib.a(board.o)
 .debug_abbrev  0x000002ba      0x253 C:\dev\niip-sonar\nxp_lpcxpresso_11u14_board_lib\Release\libnxp_lpcxpresso_11u14_board_lib.a(board_sysinit.o)
 .debug_abbrev  0x0000050d       0x96 C:\dev\niip-sonar\lpc_chip_11uxx_lib\Release\liblpc_chip_11uxx_lib.a(chip_11xx.o)
 .debug_abbrev  0x000005a3      0x229 C:\dev\niip-sonar\lpc_chip_11uxx_lib\Release\liblpc_chip_11uxx_lib.a(clock_11xx.o)
 .debug_abbrev  0x000007cc      0x1bf C:\dev\niip-sonar\lpc_chip_11uxx_lib\Release\liblpc_chip_11uxx_lib.a(gpio_11xx_1.o)
 .debug_abbrev  0x0000098b       0xc5 C:\dev\niip-sonar\lpc_chip_11uxx_lib\Release\liblpc_chip_11uxx_lib.a(iocon_11xx.o)
 .debug_abbrev  0x00000a50      0x178 C:\dev\niip-sonar\lpc_chip_11uxx_lib\Release\liblpc_chip_11uxx_lib.a(ring_buffer.o)
 .debug_abbrev  0x00000bc8       0xda C:\dev\niip-sonar\lpc_chip_11uxx_lib\Release\liblpc_chip_11uxx_lib.a(sysctl_11xx.o)
 .debug_abbrev  0x00000ca2      0x2f1 C:\dev\niip-sonar\lpc_chip_11uxx_lib\Release\liblpc_chip_11uxx_lib.a(uart_11xx.o)

.debug_loc      0x00000000     0x1945
 .debug_loc     0x00000000      0x381 C:\dev\niip-sonar\nxp_lpcxpresso_11u14_board_lib\Release\libnxp_lpcxpresso_11u14_board_lib.a(board.o)
 .debug_loc     0x00000381       0xbb C:\dev\niip-sonar\nxp_lpcxpresso_11u14_board_lib\Release\libnxp_lpcxpresso_11u14_board_lib.a(board_sysinit.o)
 .debug_loc     0x0000043c       0xc7 C:\dev\niip-sonar\lpc_chip_11uxx_lib\Release\liblpc_chip_11uxx_lib.a(clock_11xx.o)
 .debug_loc     0x00000503      0x332 C:\dev\niip-sonar\lpc_chip_11uxx_lib\Release\liblpc_chip_11uxx_lib.a(gpio_11xx_1.o)
 .debug_loc     0x00000835       0x21 C:\dev\niip-sonar\lpc_chip_11uxx_lib\Release\liblpc_chip_11uxx_lib.a(iocon_11xx.o)
 .debug_loc     0x00000856      0x58f C:\dev\niip-sonar\lpc_chip_11uxx_lib\Release\liblpc_chip_11uxx_lib.a(ring_buffer.o)
 .debug_loc     0x00000de5       0xbc C:\dev\niip-sonar\lpc_chip_11uxx_lib\Release\liblpc_chip_11uxx_lib.a(sysctl_11xx.o)
 .debug_loc     0x00000ea1      0xaa4 C:\dev\niip-sonar\lpc_chip_11uxx_lib\Release\liblpc_chip_11uxx_lib.a(uart_11xx.o)

.debug_aranges  0x00000000      0x2a8
 .debug_aranges
                0x00000000       0x88 C:\dev\niip-sonar\nxp_lpcxpresso_11u14_board_lib\Release\libnxp_lpcxpresso_11u14_board_lib.a(board.o)
 .debug_aranges
                0x00000088       0x20 C:\dev\niip-sonar\nxp_lpcxpresso_11u14_board_lib\Release\libnxp_lpcxpresso_11u14_board_lib.a(board_sysinit.o)
 .debug_aranges
                0x000000a8       0x20 C:\dev\niip-sonar\lpc_chip_11uxx_lib\Release\liblpc_chip_11uxx_lib.a(chip_11xx.o)
 .debug_aranges
                0x000000c8       0x80 C:\dev\niip-sonar\lpc_chip_11uxx_lib\Release\liblpc_chip_11uxx_lib.a(clock_11xx.o)
 .debug_aranges
                0x00000148       0x48 C:\dev\niip-sonar\lpc_chip_11uxx_lib\Release\liblpc_chip_11uxx_lib.a(gpio_11xx_1.o)
 .debug_aranges
                0x00000190       0x20 C:\dev\niip-sonar\lpc_chip_11uxx_lib\Release\liblpc_chip_11uxx_lib.a(iocon_11xx.o)
 .debug_aranges
                0x000001b0       0x40 C:\dev\niip-sonar\lpc_chip_11uxx_lib\Release\liblpc_chip_11uxx_lib.a(ring_buffer.o)
 .debug_aranges
                0x000001f0       0x38 C:\dev\niip-sonar\lpc_chip_11uxx_lib\Release\liblpc_chip_11uxx_lib.a(sysctl_11xx.o)
 .debug_aranges
                0x00000228       0x80 C:\dev\niip-sonar\lpc_chip_11uxx_lib\Release\liblpc_chip_11uxx_lib.a(uart_11xx.o)

.debug_ranges   0x00000000      0x4d0
 .debug_ranges  0x00000000      0x120 C:\dev\niip-sonar\nxp_lpcxpresso_11u14_board_lib\Release\libnxp_lpcxpresso_11u14_board_lib.a(board.o)
 .debug_ranges  0x00000120       0x70 C:\dev\niip-sonar\nxp_lpcxpresso_11u14_board_lib\Release\libnxp_lpcxpresso_11u14_board_lib.a(board_sysinit.o)
 .debug_ranges  0x00000190       0x10 C:\dev\niip-sonar\lpc_chip_11uxx_lib\Release\liblpc_chip_11uxx_lib.a(chip_11xx.o)
 .debug_ranges  0x000001a0       0x88 C:\dev\niip-sonar\lpc_chip_11uxx_lib\Release\liblpc_chip_11uxx_lib.a(clock_11xx.o)
 .debug_ranges  0x00000228       0x68 C:\dev\niip-sonar\lpc_chip_11uxx_lib\Release\liblpc_chip_11uxx_lib.a(gpio_11xx_1.o)
 .debug_ranges  0x00000290       0x10 C:\dev\niip-sonar\lpc_chip_11uxx_lib\Release\liblpc_chip_11uxx_lib.a(iocon_11xx.o)
 .debug_ranges  0x000002a0       0xb8 C:\dev\niip-sonar\lpc_chip_11uxx_lib\Release\liblpc_chip_11uxx_lib.a(ring_buffer.o)
 .debug_ranges  0x00000358       0x28 C:\dev\niip-sonar\lpc_chip_11uxx_lib\Release\liblpc_chip_11uxx_lib.a(sysctl_11xx.o)
 .debug_ranges  0x00000380      0x150 C:\dev\niip-sonar\lpc_chip_11uxx_lib\Release\liblpc_chip_11uxx_lib.a(uart_11xx.o)

.debug_line     0x00000000     0x1394
 .debug_line    0x00000000      0x349 C:\dev\niip-sonar\nxp_lpcxpresso_11u14_board_lib\Release\libnxp_lpcxpresso_11u14_board_lib.a(board.o)
 .debug_line    0x00000349      0x17d C:\dev\niip-sonar\nxp_lpcxpresso_11u14_board_lib\Release\libnxp_lpcxpresso_11u14_board_lib.a(board_sysinit.o)
 .debug_line    0x000004c6      0x13c C:\dev\niip-sonar\lpc_chip_11uxx_lib\Release\liblpc_chip_11uxx_lib.a(chip_11xx.o)
 .debug_line    0x00000602      0x297 C:\dev\niip-sonar\lpc_chip_11uxx_lib\Release\liblpc_chip_11uxx_lib.a(clock_11xx.o)
 .debug_line    0x00000899      0x202 C:\dev\niip-sonar\lpc_chip_11uxx_lib\Release\liblpc_chip_11uxx_lib.a(gpio_11xx_1.o)
 .debug_line    0x00000a9b      0x13c C:\dev\niip-sonar\lpc_chip_11uxx_lib\Release\liblpc_chip_11uxx_lib.a(iocon_11xx.o)
 .debug_line    0x00000bd7      0x27b C:\dev\niip-sonar\lpc_chip_11uxx_lib\Release\liblpc_chip_11uxx_lib.a(ring_buffer.o)
 .debug_line    0x00000e52      0x17b C:\dev\niip-sonar\lpc_chip_11uxx_lib\Release\liblpc_chip_11uxx_lib.a(sysctl_11xx.o)
 .debug_line    0x00000fcd      0x3c7 C:\dev\niip-sonar\lpc_chip_11uxx_lib\Release\liblpc_chip_11uxx_lib.a(uart_11xx.o)

.debug_str      0x00000000     0x1614
 .debug_str     0x00000000      0x44d C:\dev\niip-sonar\nxp_lpcxpresso_11u14_board_lib\Release\libnxp_lpcxpresso_11u14_board_lib.a(board.o)
                                0x4a8 (size before relaxing)
 .debug_str     0x0000044d      0x86a C:\dev\niip-sonar\nxp_lpcxpresso_11u14_board_lib\Release\libnxp_lpcxpresso_11u14_board_lib.a(board_sysinit.o)
                                0xa4d (size before relaxing)
 .debug_str     0x00000cb7       0x8f C:\dev\niip-sonar\lpc_chip_11uxx_lib\Release\liblpc_chip_11uxx_lib.a(chip_11xx.o)
                                0x1e6 (size before relaxing)
 .debug_str     0x00000d46      0x419 C:\dev\niip-sonar\lpc_chip_11uxx_lib\Release\liblpc_chip_11uxx_lib.a(clock_11xx.o)
                                0x9d3 (size before relaxing)
 .debug_str     0x0000115f       0xfa C:\dev\niip-sonar\lpc_chip_11uxx_lib\Release\liblpc_chip_11uxx_lib.a(gpio_11xx_1.o)
                                0x83b (size before relaxing)
 .debug_str     0x00001259       0x1b C:\dev\niip-sonar\lpc_chip_11uxx_lib\Release\liblpc_chip_11uxx_lib.a(iocon_11xx.o)
                                0x1f5 (size before relaxing)
 .debug_str     0x00001274      0x113 C:\dev\niip-sonar\lpc_chip_11uxx_lib\Release\liblpc_chip_11uxx_lib.a(ring_buffer.o)
                                0x2a9 (size before relaxing)
 .debug_str     0x00001387       0x7b C:\dev\niip-sonar\lpc_chip_11uxx_lib\Release\liblpc_chip_11uxx_lib.a(sysctl_11xx.o)
                                0x4dc (size before relaxing)
 .debug_str     0x00001402      0x212 C:\dev\niip-sonar\lpc_chip_11uxx_lib\Release\liblpc_chip_11uxx_lib.a(uart_11xx.o)
                                0xa9c (size before relaxing)

.debug_frame    0x00000000      0x5b0
 .debug_frame   0x00000000      0x128 C:\dev\niip-sonar\nxp_lpcxpresso_11u14_board_lib\Release\libnxp_lpcxpresso_11u14_board_lib.a(board.o)
 .debug_frame   0x00000128       0x30 C:\dev\niip-sonar\nxp_lpcxpresso_11u14_board_lib\Release\libnxp_lpcxpresso_11u14_board_lib.a(board_sysinit.o)
 .debug_frame   0x00000158       0x28 C:\dev\niip-sonar\lpc_chip_11uxx_lib\Release\liblpc_chip_11uxx_lib.a(chip_11xx.o)
 .debug_frame   0x00000180      0x108 C:\dev\niip-sonar\lpc_chip_11uxx_lib\Release\liblpc_chip_11uxx_lib.a(clock_11xx.o)
 .debug_frame   0x00000288       0x90 C:\dev\niip-sonar\lpc_chip_11uxx_lib\Release\liblpc_chip_11uxx_lib.a(gpio_11xx_1.o)
 .debug_frame   0x00000318       0x20 C:\dev\niip-sonar\lpc_chip_11uxx_lib\Release\liblpc_chip_11uxx_lib.a(iocon_11xx.o)
 .debug_frame   0x00000338       0x90 C:\dev\niip-sonar\lpc_chip_11uxx_lib\Release\liblpc_chip_11uxx_lib.a(ring_buffer.o)
 .debug_frame   0x000003c8       0x58 C:\dev\niip-sonar\lpc_chip_11uxx_lib\Release\liblpc_chip_11uxx_lib.a(sysctl_11xx.o)
 .debug_frame   0x00000420      0x190 C:\dev\niip-sonar\lpc_chip_11uxx_lib\Release\liblpc_chip_11uxx_lib.a(uart_11xx.o)